01-01 00:00:40.954  4154  4154 D BluetoothHeadset: Proxy object connected
01-01 00:00:40.956  5015  5015 D HeadsetService: Received start request. Starting profile...
01-01 00:00:40.994  5160  5160 V RKStartup: register jni methods in real ...
01-01 00:00:40.995  5015  5015 I BluetoothHeadsetServiceJni: classInitNative: succeeds
01-01 00:00:40.996  5015  5015 D HeadsetStateMachine: make
01-01 00:00:41.013  5015  5015 E HeadsetStateMachine: Could not bind to Bluetooth Headset Phone Service
01-01 00:00:41.013  5015  5015 D HeadsetStateMachine: max_hf_connections = 1
01-01 00:00:41.013  5015  5015 I bt_bluedroid: get_profile_interface handsfree
01-01 00:00:41.013  5015  5046 I bt_btif_storage: btif_storage_get_adapter_property service_mask:0x20000040
01-01 00:00:41.013  5015  5046 E bt_btif : btif_hf_upstreams_evt: Invalid index 26995
01-01 00:00:41.032  5160  5160 W art     : Method processed more than once: java.lang.String java.lang.IntegralToString.stringOf(char[])
01-01 00:00:41.034  5015  5042 I BluetoothAdapterState: Entering PendingCommandState
01-01 00:00:41.043  5235  5235 I art     : Late-enabling JIT
01-01 00:00:41.049  5015  5015 D BluetoothAdapterService: getAdapterService() - returning com.android.bluetooth.btservice.AdapterService@e61784a
01-01 00:00:41.051  4154  4154 D BluetoothA2dp: Proxy object connected
01-01 00:00:41.054  5015  5015 D A2dpService: Received start request. Starting profile...
01-01 00:00:41.058  5235  5235 I art     : JIT created with code_cache_capacity=2MB compile_threshold=1000
01-01 00:00:41.059  5015  5015 I BluetoothAvrcpServiceJni: classInitNative: succeeds
01-01 00:00:41.059  5015  5015 I bt_bluedroid: get_profile_interface avrcp
01-01 00:00:41.101  5160  5160 W art     : Method processed more than once: void java.util.zip.ZipEntry.<init>(byte[], java.io.InputStream, java.nio.charset.Charset, boolean)
01-01 00:00:41.122  5160  5160 W art     : Method processed more than once: void java.util.jar.ManifestReader.readName()
01-01 00:00:41.124  5015  5015 E RemoteController: Cannot set synchronization mode on an unregistered RemoteController
01-01 00:00:41.128  5015  5015 I BluetoothA2dpServiceJni: classInitNative: succeeds
01-01 00:00:41.128  5015  5015 D A2dpStateMachine: make
01-01 00:00:41.130  5015  5015 I bt_bluedroid: get_profile_interface a2dp
01-01 00:00:41.132  5160  5160 W art     : Method processed more than once: java.lang.String java.io.ByteArrayOutputStream.toString(java.lang.String)
01-01 00:00:41.138  5015  5046 I bt_btif_storage: btif_storage_get_adapter_property service_mask:0x20000048
01-01 00:00:41.139  5015  5180 E bt_btif : bta_av_rc_create ACP handle exist for shdl:0
01-01 00:00:41.141  5015  5252 D A2dpStateMachine: Enter Disconnected: -2
01-01 00:00:41.145  5015  5015 D BluetoothAdapterService: getAdapterService() - returning com.android.bluetooth.btservice.AdapterService@e61784a
01-01 00:00:41.147  5015  5015 D A2dpSinkService: Received start request. Starting profile...
01-01 00:00:41.152  5015  5015 I BluetoothA2dpSinkServiceJni: classInitNative: succeeds
01-01 00:00:41.153  5015  5015 D A2dpSinkStateMachine: make
01-01 00:00:41.154  5015  5015 I bt_bluedroid: get_profile_interface a2dp_sink
01-01 00:00:41.154  5015  5015 E bt_btif : init_broadcom jingjing sink source 20170217
01-01 00:00:41.154  5015  5046 I bt_btif_storage: btif_storage_get_adapter_property service_mask:0x20040048
01-01 00:00:41.165  3829  4148 D audio_hw_primary: adev_get_input_buffer_size(0xf4bc2000, 44100, 1, 2)
01-01 00:00:41.165  3829  4148 D audio_hw_primary: check_input_parameters(sample_rate=44100, format=1, channel_count=2)
01-01 00:00:41.165  3829  4148 D audio_hw_primary: get_input_buffer_size(sample_rate=44100, format=1, channel_count=2)
01-01 00:00:41.165  3829  4148 D audio_hw_primary: check_input_parameters(sample_rate=44100, format=1, channel_count=2)
01-01 00:00:41.169  5160  5160 W art     : Method processed more than once: void java.util.Properties.load(java.io.Reader)
01-01 00:00:41.172  5015  5255 D A2dpSinkStateMachine: Enter Disconnected: -2
01-01 00:00:41.174  5235  5235 W System  : ClassLoader referenced unknown path: /system/priv-app/Settings/lib/arm
01-01 00:00:41.184  5015  5015 I BluetoothHidServiceJni: classInitNative: succeeds
01-01 00:00:41.188  5015  5015 D BluetoothAdapterService: getAdapterService() - returning com.android.bluetooth.btservice.AdapterService@e61784a
01-01 00:00:41.192  5015  5015 D HidService: Received start request. Starting profile...
01-01 00:00:41.192  5015  5015 I bt_bluedroid: get_profile_interface hidhost
01-01 00:00:41.192  5015  5046 I bt_bta_hh: BTA_HhEnable sec_mask:0x36 p_cback:0xe33424e1
01-01 00:00:41.192  5015  5046 I bt_btif_storage: btif_storage_get_adapter_property service_mask:0x20140048
01-01 00:00:41.192  5015  5015 D HidService: setHidService(): set to: null
01-01 00:00:41.204  5015  5015 I BluetoothHealthServiceJni: classInitNative: succeeds
01-01 00:00:41.207  5015  5015 D BluetoothAdapterService: getAdapterService() - returning com.android.bluetooth.btservice.AdapterService@e61784a
01-01 00:00:41.217  5015  5015 D HealthService: Received start request. Starting profile...
01-01 00:00:41.223  5160  5160 D AndroidRuntime: Calling main entry com.android.commands.pm.Pm
01-01 00:00:41.223  5015  5015 I bt_bluedroid: get_profile_interface health
01-01 00:00:41.230  5015  5015 I BluetoothPanServiceJni: classInitNative(L105): succeeds
01-01 00:00:41.233  5015  5015 D BluetoothAdapterService: getAdapterService() - returning com.android.bluetooth.btservice.AdapterService@e61784a
01-01 00:00:41.235  5015  5015 D PanService: Received start request. Starting profile...
01-01 00:00:41.235  5015  5015 D BluetoothPanServiceJni: initializeNative(L110): pan
01-01 00:00:41.235  5015  5015 I bt_bluedroid: get_profile_interface pan
01-01 00:00:41.236  4474  4969 D WifiStateHolder: refresh hashmap newlyScanResults
01-01 00:00:41.236  4474  4969 D WifiStateHolder: found network, signal level = -55, bssid = a4:6c:2a:63:3a:0f
01-01 00:00:41.236  5015  5046 D BluetoothPanServiceJni: control_state_callback(L61): state:0, local_role:3, ifname:bt-pan
01-01 00:00:41.236  4474  4969 I WifiStateHolder: network security method is WPA_PSK
01-01 00:00:41.239  4474  4969 D WifiStateHolder: generated wifi conf = * ID: -1 SSID: "ROKID.TC" PROVIDER-NAME: null BSSID: null FQDN: null PRIO: 0
01-01 00:00:41.239  4474  4969 D WifiStateHolder:  KeyMgmt: WPA_PSK Protocols:
01-01 00:00:41.239  4474  4969 D WifiStateHolder:  AuthAlgorithms:
01-01 00:00:41.239  4474  4969 D WifiStateHolder:  PairwiseCiphers:
01-01 00:00:41.239  4474  4969 D WifiStateHolder:  GroupCiphers:
01-01 00:00:41.239  4474  4969 D WifiStateHolder:  PSK: *
01-01 00:00:41.239  4474  4969 D WifiStateHolder: Enterprise config:
01-01 00:00:41.239  4474  4969 D WifiStateHolder: IP config:
01-01 00:00:41.239  4474  4969 D WifiStateHolder: IP assignment: UNASSIGNED
01-01 00:00:41.239  4474  4969 D WifiStateHolder: Proxy settings: UNASSIGNED
01-01 00:00:41.239  4474  4969 D WifiStateHolder:  cuid=-1 luid=-1 lcuid=0 userApproved=USER_UNSPECIFIED noInternetAccessExpected=false roamingFailureBlackListTimeMilli: 1000
01-01 00:00:41.239  4474  4969 D WifiStateHolder: triggeredLow: 0 triggeredBad: 0 triggeredNotHigh: 0
01-01 00:00:41.239  4474  4969 D WifiStateHolder: ticksLow: 0 ticksBad: 0 ticksNotHigh: 0
01-01 00:00:41.239  4474  4969 D WifiStateHolder: triggeredJoin: 0
01-01 00:00:41.239  4474  4969 D WifiStateHolder: autoJoinBailedDueToLowRssi: false
01-01 00:00:41.239  4474  4969 D WifiStateHolder: autoJoinUseAggressiveJoinAttemptThreshold: 0
01-01 00:00:41.241  4154  4663 I addOrUpdateNetwork:  uid = 10017 SSID "ROKID.TC" nid=-1
01-01 00:00:41.243  4154  4196 E WifiConfigStore:  key="ROKID.TC"WPA_PSK netId=-1 uid=10017/10017
01-01 00:00:41.245  4154  4196 E WifiConfigStore: addOrUpdateNetworkNative created netId=0
01-01 00:00:41.275  5015  5015 D BluetoothAdapterService: getAdapterService() - returning com.android.bluetooth.btservice.AdapterService@e61784a
01-01 00:00:41.277  5015  5015 D BluetoothMapService: Received start request. Starting profile...
01-01 00:00:41.277  5015  5015 D BluetoothMapService: start()
01-01 00:00:41.288  4154  4196 D WifiConfigStore: created new config netId=0 uid=10017 name=com.rokid.networkstarter
01-01 00:00:41.289  5015  5015 D BluetoothMapAccountLoader: Found 0 application(s) with intent android.bluetooth.action.BLUETOOTH_MAP_PROVIDER
01-01 00:00:41.291  5015  5015 D BluetoothMapAccountLoader: Found 0 application(s) with intent android.bluetooth.action.BLUETOOTH_MAP_IM_PROVIDER
01-01 00:00:41.291  5015  5015 D BluetoothMapAppObserver: createReceiver()
01-01 00:00:41.295  5015  5015 D BluetoothMapAppObserver: initObservers()
01-01 00:00:41.295  5015  5015 D BluetoothMapAppObserver: getEnabledAccountItems()
01-01 00:00:41.303  4154  4196 E WifiConfigStore:  rewrite network history for "ROKID.TC"WPA_PSK
01-01 00:00:41.317  5015  5015 D BluetoothAdapterService: getAdapterService() - returning com.android.bluetooth.btservice.AdapterService@e61784a
01-01 00:00:41.320  5015  5015 D HeadsetClientService: Received start request. Starting profile...
01-01 00:00:41.321  4154  4579 D ConnectivityService: listenForNetwork for Listen from uid/pid:10017/4474 for NetworkRequest [ id=3, legacyType=-1, [ Transports: WIFI Capabilities: NOT_RESTRICTED&TRUSTED&NOT_VPN] ]
01-01 00:00:41.325  4154  4196 E WifiConfigStore:  rewrite network history for "ROKID.TC"WPA_PSK
01-01 00:00:41.326  4154  4196 E WifiConfigStore: saveWifiConfigBSSID Setting BSSID for "ROKID.TC"WPA_PSK to any
01-01 00:00:41.332  5160  5160 I art     : System.exit called, status: 0
01-01 00:00:41.332  5160  5160 I AndroidRuntime: VM exiting with result code 0.
01-01 00:00:41.339  5015  5015 I BluetoothHeadsetClientServiceJni: classInitNative succeeds
01-01 00:00:41.339  5015  5015 D HeadsetClientStateMachine: make
01-01 00:00:41.341  4812  4812 I wpa_supplicant: wlan0: Trying to associate with a4:6c:2a:63:3a:0f (SSID='ROKID.TC' freq=5240 MHz)
01-01 00:00:41.341  5015  5015 I bt_bluedroid: get_profile_interface handsfree_client
01-01 00:00:41.342  5015  5046 I bt_btif_storage: btif_storage_get_adapter_property service_mask:0x21140048
01-01 00:00:41.344  4154  4196 E WifiConfigStore:  rewrite network history for "ROKID.TC"WPA_PSK
01-01 00:00:41.355  4474  4474 I WifiStateHolder: receive action android.net.wifi.STATE_CHANGE, state = CONNECTING
01-01 00:00:41.361  5015  5264 D HeadsetClientStateMachine: Enter Disconnected: -2
01-01 00:00:41.365  5015  5015 V BluetoothAdapterState: isTurningOff()=false
01-01 00:00:41.365  5015  5015 V BluetoothAdapterState: isTurningOn()=true
01-01 00:00:41.365  5015  5015 V BluetoothAdapterState: isBleTurningOn()=false
01-01 00:00:41.365  5015  5015 V BluetoothAdapterState: isBleTurningOff()=false
01-01 00:00:41.367  5015  5240 D HeadsetPhoneState: sendDeviceStateChanged. mService=0 mSignal=0 mRoam=0 mBatteryCharge=5
01-01 00:00:41.377  5015  5015 V BluetoothAdapterState: isTurningOff()=false
01-01 00:00:41.377  5015  5015 V BluetoothAdapterState: isTurningOn()=true
01-01 00:00:41.377  5015  5015 V BluetoothAdapterState: isBleTurningOn()=false
01-01 00:00:41.377  5015  5015 V BluetoothAdapterState: isBleTurningOff()=false
01-01 00:00:41.378  5015  5015 V BluetoothAdapterState: isTurningOff()=false
01-01 00:00:41.378  5015  5015 V BluetoothAdapterState: isTurningOn()=true
01-01 00:00:41.378  5015  5015 V BluetoothAdapterState: isBleTurningOn()=false
01-01 00:00:41.378  5015  5015 V BluetoothAdapterState: isBleTurningOff()=false
01-01 00:00:41.379  5015  5015 D BluetoothInputDevice: Proxy object connected
01-01 00:00:41.380  5015  5015 V BluetoothAdapterState: isTurningOff()=false
01-01 00:00:41.380  5015  5015 V BluetoothAdapterState: isTurningOn()=true
01-01 00:00:41.380  5015  5015 V BluetoothAdapterState: isBleTurningOn()=false
01-01 00:00:41.380  5015  5015 V BluetoothAdapterState: isBleTurningOff()=false
01-01 00:00:41.384  5015  5015 V BluetoothAdapterState: isTurningOff()=false
01-01 00:00:41.384  5015  5015 V BluetoothAdapterState: isTurningOn()=true
01-01 00:00:41.385  5015  5015 V BluetoothAdapterState: isBleTurningOn()=false
01-01 00:00:41.385  5015  5015 V BluetoothAdapterState: isBleTurningOff()=false
01-01 00:00:41.385  5015  5015 V BluetoothAdapterState: isTurningOff()=false
01-01 00:00:41.385  5015  5015 V BluetoothAdapterState: isTurningOn()=true
01-01 00:00:41.385  5015  5015 V BluetoothAdapterState: isBleTurningOn()=false
01-01 00:00:41.386  5015  5015 V BluetoothAdapterState: isBleTurningOff()=false
01-01 00:00:41.389  5015  5015 V BluetoothAdapterState: isTurningOff()=false
01-01 00:00:41.389  5015  5015 V BluetoothAdapterState: isTurningOn()=true
01-01 00:00:41.389  5015  5015 V BluetoothAdapterState: isBleTurningOn()=false
01-01 00:00:41.389  5015  5015 V BluetoothAdapterState: isBleTurningOff()=false
01-01 00:00:41.393  5015  5015 V BluetoothAdapterState: isTurningOff()=false
01-01 00:00:41.393  5015  5015 V BluetoothAdapterState: isTurningOn()=true
01-01 00:00:41.393  5015  5015 V BluetoothAdapterState: isBleTurningOn()=false
01-01 00:00:41.393  5015  5015 V BluetoothAdapterState: isBleTurningOff()=false
01-01 00:00:41.396  5015  5042 D BluetoothAdapterState: Current state: PENDING_COMMAND, message: 2
01-01 00:00:41.396  5015  5042 D BluetoothAdapterProperties: ScanMode =  20
01-01 00:00:41.396  5015  5042 D BluetoothAdapterProperties: State =  11
01-01 00:00:41.396  5015  5042 D BluetoothAdapterProperties: Setting state to 12
01-01 00:00:41.396  5015  5042 I BluetoothAdapterState: Bluetooth adapter state changed: 11-> 12
01-01 00:00:41.397  5015  5042 I BluetoothAdapterState: Entering OnState
01-01 00:00:41.398  5015  5046 D BluetoothAdapterProperties: Scan Mode:21
01-01 00:00:41.398  5015  5057 D BluetoothInputDevice: onBluetoothStateChange: up=true
01-01 00:00:41.398  5015  5046 D BluetoothAdapterProperties: Discoverable Timeout:120
01-01 00:00:41.398  4154  4176 D BluetoothA2dp: onBluetoothStateChange: up=true
01-01 00:00:41.398  4154  4176 D BluetoothHeadset: onBluetoothStateChange: up=true
01-01 00:00:41.407  5015  5015 D BluetoothMapService: onReceive
01-01 00:00:41.407  5015  5015 D BluetoothMapService: onReceive: android.bluetooth.adapter.action.STATE_CHANGED
01-01 00:00:41.408  5015  5015 D BluetoothMapService: STATE_ON
01-01 00:00:41.414  4812  4812 I wpa_supplicant: wlan0: Associated with a4:6c:2a:63:3a:0f
01-01 00:00:41.424  4474  4474 I WifiStateHolder: receive action android.net.wifi.STATE_CHANGE, state = CONNECTING
01-01 00:00:41.426  5235  5235 W ContextImpl: Calling a method in the system process without a qualified user: android.app.ContextImpl.startService:1221 android.content.ContextWrapper.startService:581 android.content.ContextWrapper.startService:581 com.android.settings.bluetooth.DockEventReceiver.beginStartingService:134 com.android.settings.bluetooth.DockEventReceiver.onReceive:115 
01-01 00:00:41.429  4474  4474 I WifiStateHolder: receive action android.net.wifi.STATE_CHANGE, state = AUTHENTICATING
01-01 00:00:41.430  5015  5015 D BluetoothMapMasInstance0: Map Service startRfcommSocketListener
01-01 00:00:41.439  5015  5015 D ObexServerSockets: create(rfcomm = -2, l2capPsm = -2)
01-01 00:00:41.447  4812  4812 I wpa_supplicant: wlan0: WPA: Key negotiation completed with a4:6c:2a:63:3a:0f [PTK=CCMP GTK=TKIP]
01-01 00:00:41.447  4812  4812 I wpa_supplicant: wlan0: CTRL-EVENT-CONNECTED - Connection to a4:6c:2a:63:3a:0f completed [id=0 id_str=]
01-01 00:00:41.448  5015  5015 W BluetoothAdapter: getBluetoothService() called with no BluetoothManagerCallback
01-01 00:00:41.458  4469  4531 D MyPppoeService: interfaceLinkStateChanged+wlan0uptrue
01-01 00:00:41.473  4474  4474 I WifiStateHolder: receive action android.net.wifi.STATE_CHANGE, state = AUTHENTICATING
01-01 00:00:41.473  5015  5015 W BluetoothAdapter: getBluetoothService() called with no BluetoothManagerCallback
01-01 00:00:41.474  4474  4474 I WifiStateHolder: receive action android.net.wifi.STATE_CHANGE, state = CONNECTING
01-01 00:00:41.476  4154  4176 D BluetoothManagerService: Added callback: android.bluetooth.IBluetoothManagerCallback$Stub$Proxy@7577412:true
01-01 00:00:41.479  5015  5015 D ObexServerSockets: Succeed to create listening sockets 
01-01 00:00:41.479  5015  5015 D ObexServerSockets0: startAccept()
01-01 00:00:41.479  5015  5015 D ObexServerSockets0: prepareForNewConnect()
01-01 00:00:41.481  5015  5015 D BluetoothSdpJni: sdpCreateMapMasRecordNative:
01-01 00:00:41.481  5015  5015 D BluetoothSdpJni: SDP Create record success - handle: 0
01-01 00:00:41.486  4154  4196 D ConnectivityService: registerNetworkAgent NetworkAgentInfo{ ni{[type: WIFI[], state: CONNECTING/CONNECTING, reason: (unspecified), extra: "ROKID.TC", roaming: false, failover: false, isAvailable: true]}  network{100}  lp{{LinkAddresses: []  Routes: [] DnsAddresses: [] Domains: null MTU: 0 TcpBufferSizes: 524288,1048576,2097152,262144,524288,1048576}}  nc{[ Transports: WIFI Capabilities: INTERNET&NOT_RESTRICTED&TRUSTED&NOT_VPN LinkUpBandwidth>=1048576Kbps LinkDnBandwidth>=1048576Kbps]}  Score{20}  everValidated{false}  lastValidated{false}  created{false} lingering{false} explicitlySelected{false} acceptUnvalidated{false} everCaptivePortalDetected{false} lastCaptivePortalDetected{false} }
01-01 00:00:41.486  4154  4196 E WifiConfigStore: saveWifiConfigBSSID Setting BSSID for "ROKID.TC"WPA_PSK to any
01-01 00:00:41.486  4154  4198 D ConnectivityService: NetworkAgentInfo [WIFI () - 100] EVENT_NETWORK_INFO_CHANGED, going from null to CONNECTING
01-01 00:00:41.492  5015  5275 D ObexServerSockets0: Accepting socket connection...
01-01 00:00:41.493  5015  5274 D ObexServerSockets0: Accepting socket connection...
01-01 00:00:41.499  4154  4196 E WifiConfigStore: saveWifiConfigBSSID Setting BSSID for "ROKID.TC"WPA_PSK to any
01-01 00:00:41.501  4474  4474 I WifiStateHolder: receive action android.net.wifi.STATE_CHANGE, state = OBTAINING_IPADDR
01-01 00:00:41.523  3824  4136 D CommandListener: Setting iface cfg
01-01 00:00:41.558  4154  4196 D WifiStateMachine: Start Dhcp Watchdog 1
01-01 00:00:41.567  5235  5235 D LocalBluetoothProfileManager: Adding local A2DP profile
01-01 00:00:41.568  4154  4198 D ConnectivityService: notifyType CAP_CHANGED for NetworkAgentInfo [WIFI () - 100]
01-01 00:00:41.568  4154  4198 D ConnectivityService: updateNetworkScore for NetworkAgentInfo [WIFI () - 100] to 60
01-01 00:00:41.583  5235  5235 D LocalBluetoothProfileManager: Adding local HEADSET profile
01-01 00:00:41.604  5015  5280 W BluetoothAdapter: getBluetoothService() called with no BluetoothManagerCallback
01-01 00:00:41.643  5235  5235 D LocalBluetoothProfileManager: Adding local MAP profile
01-01 00:00:41.651  5235  5235 D BluetoothMap: Create BluetoothMap proxy object
01-01 00:00:41.654  5015  5284 W BluetoothAdapter: getBluetoothService() called with no BluetoothManagerCallback
01-01 00:00:41.676  5015  5284 I BtOppRfcommListener: Accept thread started.
01-01 00:00:41.685  4154  5285 D DhcpClient: Receive thread started
01-01 00:00:41.695  5235  5235 D LocalBluetoothProfileManager: LocalBluetoothProfileManager construction complete
01-01 00:00:41.696  5235  5249 D BluetoothHeadset: Proxy object connected
01-01 00:00:41.716  5235  5235 D DockEventReceiver: finishStartingService: stopping service
01-01 00:00:41.721  5235  5235 D BluetoothA2dp: Proxy object connected
01-01 00:00:41.736  5235  5235 D BluetoothInputDevice: Proxy object connected
01-01 00:00:41.740  5235  5235 D HidProfile: Bluetooth service connected
01-01 00:00:41.744  5235  5235 D BluetoothPan: BluetoothPAN Proxy object connected
01-01 00:00:41.747  5235  5235 D PanProfile: Bluetooth service connected
01-01 00:00:41.747  5235  5235 D BluetoothMap: Proxy object connected
01-01 00:00:41.750  5235  5235 D MapProfile: Bluetooth service connected
01-01 00:00:41.750  5235  5235 D BluetoothMap: getConnectedDevices()
01-01 00:00:41.755  5235  5235 D BluetoothPbap: Proxy object connected
01-01 00:00:41.755  4154  4196 E native  : do suspend false
01-01 00:00:41.758  5235  5235 D PbapServerProfile: Bluetooth service connected
01-01 00:00:41.758  5235  5235 D HeadsetProfile: Bluetooth service connected
01-01 00:00:41.768  4154  5277 D DhcpClient: Broadcasting DHCPDISCOVER
01-01 00:00:42.203  5272  5272 D AndroidRuntime: >>>>>> START com.android.internal.os.RuntimeInit uid 0 <<<<<<
01-01 00:00:42.208  5272  5272 D AndroidRuntime: CheckJNI is ON
01-01 00:00:42.259  5272  5272 I art     : JIT created with code_cache_capacity=2MB compile_threshold=1000
01-01 00:00:42.270  5272  5272 D ICU     : No timezone override file found: /data/misc/zoneinfo/current/icu/icu_tzdata.dat
01-01 00:00:42.454  5272  5272 W art     : Method processed more than once: void android.text.TextUtils.<clinit>()
01-01 00:00:42.691  5272  5272 I Radio-JNI: register_android_hardware_Radio DONE
01-01 00:00:42.803  5272  5272 V RKStartup: register jni methods in real ...
01-01 00:00:42.833  5272  5272 W art     : Method processed more than once: java.lang.String java.lang.IntegralToString.stringOf(char[])
01-01 00:00:42.888  5272  5272 W art     : Method processed more than once: void java.util.zip.ZipEntry.<init>(byte[], java.io.InputStream, java.nio.charset.Charset, boolean)
01-01 00:00:42.906  5272  5272 W art     : Method processed more than once: void java.util.jar.ManifestReader.readName()
01-01 00:00:42.908  5272  5272 W art     : Method processed more than once: java.lang.String java.io.ByteArrayOutputStream.toString(java.lang.String)
01-01 00:00:42.939  5272  5272 W art     : Method processed more than once: void java.util.Properties.load(java.io.Reader)
01-01 00:00:42.983  5272  5272 D AndroidRuntime: Calling main entry com.koushikdutta.vysor.ProtocolVersionMain
01-01 00:00:42.985  5272  5272 D AndroidRuntime: Shutting down VM
01-01 00:00:43.076  5000  5003 I RKUPL_r2audio: Dirty Set 301 Size:97
01-01 00:00:43.076  5000  5003 I RKUPL_r2audio: Vad Threshold: 16887.201172
01-01 00:00:43.144  5015  5048 D BluetoothAdapter: startLeScan(): null
01-01 00:00:43.151  5015  5048 D BluetoothAdapter: STATE_ON
01-01 00:00:43.186  5015  5048 D BtGatt.GattService: registerClient() - UUID=71147b73-5ba4-4de4-9ab3-18a13f8f11df
01-01 00:00:43.188  5015  5046 D BtGatt.GattService: onClientRegistered() - UUID=71147b73-5ba4-4de4-9ab3-18a13f8f11df, clientIf=5
01-01 00:00:43.188  5015  5046 D BluetoothLeScanner: onClientRegistered() - status=0 clientIf=5
01-01 00:00:43.188  5015  5046 D BtGatt.GattService: start scan with filters
01-01 00:00:43.201  5015  5062 D BtGatt.ScanManager: handling starting scan
01-01 00:00:43.203  5015  5048 D BluetoothAdapter: startLeScan(): null
01-01 00:00:43.206  5015  5048 E BluetoothAdapter: LE Scan has already started
01-01 00:00:43.208  5015  5062 D BluetoothAdapterService: getAdapterService() - returning com.android.bluetooth.btservice.AdapterService@e61784a
01-01 00:00:43.211  5015  5048 D BluetoothAdapter: startLeScan(): null
01-01 00:00:43.213  5015  5048 E BluetoothAdapter: LE Scan has already started
01-01 00:00:43.217  5015  5048 D BluetoothAdapter: startLeScan(): null
01-01 00:00:43.218  5015  5048 E BluetoothAdapter: LE Scan has already started
01-01 00:00:43.221  5015  5048 D BluetoothAdapter: startLeScan(): null
01-01 00:00:43.222  5015  5046 D BtGatt.GattService: onScanFilterEnableDisabled() - clientIf=5, status=0, action=1
01-01 00:00:43.222  5015  5046 D BtGatt.ScanManager: callback done for clientIf - 5 status - 0
01-01 00:00:43.223  5015  5062 D BtGatt.ScanManager: configureFilterParamter 500 10000 1 0
01-01 00:00:43.223  5015  5048 E BluetoothAdapter: LE Scan has already started
01-01 00:00:43.228  5015  5048 D BluetoothAdapter: startLeScan(): null
01-01 00:00:43.230  5015  5048 E BluetoothAdapter: LE Scan has already started
01-01 00:00:43.235  5015  5048 D BluetoothAdapter: startLeScan(): null
01-01 00:00:43.236  5015  5048 E BluetoothAdapter: LE Scan has already started
01-01 00:00:43.237  5015  5046 D BtGatt.GattService: onScanFilterParamsConfigured() - clientIf=5, status=0, action=0, availableSpace=15
01-01 00:00:43.237  5015  5046 D BtGatt.ScanManager: callback done for clientIf - 5 status - 0
01-01 00:00:43.237  5015  5062 D BtGatt.ScanManager: configureRegularScanParams() - queue=1
01-01 00:00:43.237  5015  5062 D BtGatt.ScanManager: configureRegularScanParams() - ScanSetting Scan mode=2 mLastConfiguredScanSetting=-2147483648
01-01 00:00:43.238  5015  5062 D BtGatt.ScanManager: configureRegularScanParams - scanInterval = 8000configureRegularScanParams - scanWindow = 8000
01-01 00:00:43.239  5015  5046 D BtGatt.GattService: onScanParamSetupCompleted : 0
01-01 00:00:43.241  5015  5048 D BluetoothAdapter: startLeScan(): null
01-01 00:00:43.242  5015  5048 E BluetoothAdapter: LE Scan has already started
01-01 00:00:43.252  5015  5048 D BluetoothAdapter: startLeScan(): null
01-01 00:00:43.253  5015  5048 E BluetoothAdapter: LE Scan has already started
01-01 00:00:43.258  5015  5048 D BluetoothAdapter: startLeScan(): null
01-01 00:00:43.259  5015  5048 E BluetoothAdapter: LE Scan has already started
01-01 00:00:43.263  5015  5048 D BluetoothAdapter: startLeScan(): null
01-01 00:00:43.264  5015  5048 E BluetoothAdapter: LE Scan has already started
01-01 00:00:43.272  5015  5048 D BluetoothAdapter: startLeScan(): null
01-01 00:00:43.273  5015  5048 E BluetoothAdapter: LE Scan has already started
01-01 00:00:43.280  5015  5048 D BluetoothAdapter: startLeScan(): null
01-01 00:00:43.281  5015  5048 E BluetoothAdapter: LE Scan has already started
01-01 00:00:43.287  5015  5048 D BluetoothAdapter: startLeScan(): null
01-01 00:00:43.288  5015  5048 E BluetoothAdapter: LE Scan has already started
01-01 00:00:43.293  5015  5048 D BluetoothAdapter: startLeScan(): null
01-01 00:00:43.294  5015  5048 E BluetoothAdapter: LE Scan has already started
01-01 00:00:43.305  5015  5048 D BluetoothAdapter: startLeScan(): null
01-01 00:00:43.306  5015  5048 E BluetoothAdapter: LE Scan has already started
01-01 00:00:43.309  5015  5048 D BluetoothAdapter: startLeScan(): null
01-01 00:00:43.311  5015  5048 E BluetoothAdapter: LE Scan has already started
01-01 00:00:43.315  5015  5046 D bt_btif_gattc: btif_gattc_update_properties BLE device name=chenjgqc30 len=25 dev_type=3
01-01 00:00:43.317  5015  5048 D BluetoothAdapter: startLeScan(): null
01-01 00:00:43.319  5015  5048 E BluetoothAdapter: LE Scan has already started
01-01 00:00:43.324  5015  5048 D BluetoothAdapter: startLeScan(): null
01-01 00:00:43.325  5015  5048 E BluetoothAdapter: LE Scan has already started
01-01 00:00:43.329  5015  5048 D BluetoothAdapter: startLeScan(): null
01-01 00:00:43.330  5015  5046 W art     : Method processed more than once: void com.android.bluetooth.btservice.RemoteDevices.devicePropertyChangedCallback(byte[], int[], byte[][])
01-01 00:00:43.332  5015  5048 E BluetoothAdapter: LE Scan has already started
01-01 00:00:43.344  5015  5046 W art     : Method processed more than once: android.bluetooth.le.ScanRecord android.bluetooth.le.ScanRecord.parseFromBytes(byte[])
01-01 00:00:43.346  5015  5048 D BluetoothAdapter: startLeScan(): null
01-01 00:00:43.347  5015  5046 D bt_btif_gattc: btif_gattc_update_properties BLE device name= len=1 dev_type=2
01-01 00:00:43.348  5015  5048 E BluetoothAdapter: LE Scan has already started
01-01 00:00:43.353  5015  5048 D BluetoothAdapter: startLeScan(): null
01-01 00:00:43.355  5015  5048 E BluetoothAdapter: LE Scan has already started
01-01 00:00:43.358  5015  5048 D BluetoothAdapter: startLeScan(): null
01-01 00:00:43.359  5015  5048 E BluetoothAdapter: LE Scan has already started
01-01 00:00:43.367  5015  5048 D BluetoothAdapter: startLeScan(): null
01-01 00:00:43.369  5015  5048 E BluetoothAdapter: LE Scan has already started
01-01 00:00:43.376  5015  5048 D BluetoothAdapter: startLeScan(): null
01-01 00:00:43.378  5015  5048 E BluetoothAdapter: LE Scan has already started
01-01 00:00:43.383  5015  5048 D BluetoothAdapter: startLeScan(): null
01-01 00:00:43.386  5015  5048 E BluetoothAdapter: LE Scan has already started
01-01 00:00:43.392  5015  5048 D BluetoothAdapter: startLeScan(): null
01-01 00:00:43.393  5015  5048 E BluetoothAdapter: LE Scan has already started
01-01 00:00:43.400  5015  5048 D BluetoothAdapter: startLeScan(): null
01-01 00:00:43.401  5015  5048 E BluetoothAdapter: LE Scan has already started
01-01 00:00:43.409  5015  5048 D BluetoothAdapter: startLeScan(): null
01-01 00:00:43.410  5015  5048 E BluetoothAdapter: LE Scan has already started
01-01 00:00:43.416  5015  5048 D BluetoothAdapter: startLeScan(): null
01-01 00:00:43.418  5015  5048 E BluetoothAdapter: LE Scan has already started
01-01 00:00:43.424  5015  5048 D BluetoothAdapter: startLeScan(): null
01-01 00:00:43.425  5015  5048 E BluetoothAdapter: LE Scan has already started
01-01 00:00:43.429  5015  5048 D BluetoothAdapter: startLeScan(): null
01-01 00:00:43.432  5015  5048 E BluetoothAdapter: LE Scan has already started
01-01 00:00:43.436  5015  5048 D BluetoothAdapter: startLeScan(): null
01-01 00:00:43.438  5015  5048 E BluetoothAdapter: LE Scan has already started
01-01 00:00:43.443  5015  5048 D BluetoothAdapter: startLeScan(): null
01-01 00:00:43.444  5015  5048 E BluetoothAdapter: LE Scan has already started
01-01 00:00:43.448  5015  5048 D BluetoothAdapter: startLeScan(): null
01-01 00:00:43.449  5015  5048 E BluetoothAdapter: LE Scan has already started
01-01 00:00:43.454  5015  5048 D BluetoothAdapter: startLeScan(): null
01-01 00:00:43.455  5015  5048 E BluetoothAdapter: LE Scan has already started
01-01 00:00:43.463  5015  5048 D BluetoothAdapter: startLeScan(): null
01-01 00:00:43.465  5015  5048 E BluetoothAdapter: LE Scan has already started
01-01 00:00:43.471  5015  5048 D BluetoothAdapter: startLeScan(): null
01-01 00:00:43.473  5015  5048 E BluetoothAdapter: LE Scan has already started
01-01 00:00:43.478  5015  5048 D BluetoothAdapter: startLeScan(): null
01-01 00:00:43.480  5015  5048 E BluetoothAdapter: LE Scan has already started
01-01 00:00:43.485  5015  5048 D BluetoothAdapter: startLeScan(): null
01-01 00:00:43.486  5015  5048 E BluetoothAdapter: LE Scan has already started
01-01 00:00:43.490  5015  5048 D BluetoothAdapter: startLeScan(): null
01-01 00:00:43.491  5015  5048 E BluetoothAdapter: LE Scan has already started
01-01 00:00:43.497  5015  5048 D BluetoothAdapter: startLeScan(): null
01-01 00:00:43.498  5015  5048 E BluetoothAdapter: LE Scan has already started
01-01 00:00:43.506  5015  5048 D BluetoothAdapter: startLeScan(): null
01-01 00:00:43.507  5015  5048 E BluetoothAdapter: LE Scan has already started
01-01 00:00:43.511  5015  5048 D BluetoothAdapter: startLeScan(): null
01-01 00:00:43.514  5015  5048 E BluetoothAdapter: LE Scan has already started
01-01 00:00:43.519  5015  5048 D BluetoothAdapter: startLeScan(): null
01-01 00:00:43.522  5015  5048 E BluetoothAdapter: LE Scan has already started
01-01 00:00:43.527  5015  5048 D BluetoothAdapter: startLeScan(): null
01-01 00:00:43.530  5015  5048 E BluetoothAdapter: LE Scan has already started
01-01 00:00:43.534  5015  5048 D BluetoothAdapter: startLeScan(): null
01-01 00:00:43.535  5015  5048 E BluetoothAdapter: LE Scan has already started
01-01 00:00:43.540  5015  5048 D BluetoothAdapter: startLeScan(): null
01-01 00:00:43.543  5015  5048 E BluetoothAdapter: LE Scan has already started
01-01 00:00:43.547  5015  5048 D BluetoothAdapter: startLeScan(): null
01-01 00:00:43.548  5015  5048 E BluetoothAdapter: LE Scan has already started
01-01 00:00:43.552  5015  5048 D BluetoothAdapter: startLeScan(): null
01-01 00:00:43.554  5015  5048 E BluetoothAdapter: LE Scan has already started
01-01 00:00:43.558  5015  5048 D BluetoothAdapter: startLeScan(): null
01-01 00:00:43.559  5015  5048 E BluetoothAdapter: LE Scan has already started
01-01 00:00:43.566  5015  5048 D BluetoothAdapter: startLeScan(): null
01-01 00:00:43.567  5015  5048 E BluetoothAdapter: LE Scan has already started
01-01 00:00:43.572  5015  5048 D BluetoothAdapter: startLeScan(): null
01-01 00:00:43.574  5015  5048 E BluetoothAdapter: LE Scan has already started
01-01 00:00:43.578  5015  5048 D BluetoothAdapter: startLeScan(): null
01-01 00:00:43.579  5015  5048 E BluetoothAdapter: LE Scan has already started
01-01 00:00:43.587  5015  5048 D BluetoothAdapter: startLeScan(): null
01-01 00:00:43.589  5015  5048 E BluetoothAdapter: LE Scan has already started
01-01 00:00:43.596  5015  5048 D BluetoothAdapter: startLeScan(): null
01-01 00:00:43.598  5015  5048 E BluetoothAdapter: LE Scan has already started
01-01 00:00:43.604  5015  5048 D BluetoothAdapter: startLeScan(): null
01-01 00:00:43.606  5015  5048 E BluetoothAdapter: LE Scan has already started
01-01 00:00:43.627  5015  5048 D BluetoothAdapter: startLeScan(): null
01-01 00:00:43.630  5015  5048 E BluetoothAdapter: LE Scan has already started
01-01 00:00:43.635  5015  5048 D BluetoothAdapter: startLeScan(): null
01-01 00:00:43.638  5015  5048 E BluetoothAdapter: LE Scan has already started
01-01 00:00:43.643  5015  5048 D BluetoothAdapter: startLeScan(): null
01-01 00:00:43.645  5015  5048 E BluetoothAdapter: LE Scan has already started
01-01 00:00:43.649  5015  5048 D BluetoothAdapter: startLeScan(): null
01-01 00:00:43.652  5015  5048 E BluetoothAdapter: LE Scan has already started
01-01 00:00:43.657  5015  5048 D BluetoothAdapter: startLeScan(): null
01-01 00:00:43.658  5015  5048 E BluetoothAdapter: LE Scan has already started
01-01 00:00:43.664  5015  5048 D BluetoothAdapter: startLeScan(): null
01-01 00:00:43.666  5015  5048 E BluetoothAdapter: LE Scan has already started
01-01 00:00:43.679  5015  5048 D BluetoothAdapter: startLeScan(): null
01-01 00:00:43.680  5015  5048 E BluetoothAdapter: LE Scan has already started
01-01 00:00:43.687  5015  5048 D BluetoothAdapter: startLeScan(): null
01-01 00:00:43.691  5015  5048 E BluetoothAdapter: LE Scan has already started
01-01 00:00:43.699  5015  5048 D BluetoothAdapter: startLeScan(): null
01-01 00:00:43.701  5015  5048 E BluetoothAdapter: LE Scan has already started
01-01 00:00:43.706  5015  5048 D BluetoothAdapter: startLeScan(): null
01-01 00:00:43.708  5015  5048 E BluetoothAdapter: LE Scan has already started
01-01 00:00:43.712  5015  5048 D BluetoothAdapter: startLeScan(): null
01-01 00:00:43.713  5015  5048 E BluetoothAdapter: LE Scan has already started
01-01 00:00:43.716  5015  5048 D BluetoothAdapter: startLeScan(): null
01-01 00:00:43.717  5015  5048 E BluetoothAdapter: LE Scan has already started
01-01 00:00:43.720  5015  5048 D BluetoothAdapter: startLeScan(): null
01-01 00:00:43.722  5015  5048 E BluetoothAdapter: LE Scan has already started
01-01 00:00:43.726  5015  5048 D BluetoothAdapter: startLeScan(): null
01-01 00:00:43.733  4154  5277 D DhcpClient: Broadcasting DHCPDISCOVER
01-01 00:00:43.735  5015  5048 E BluetoothAdapter: LE Scan has already started
01-01 00:00:43.739  5015  5048 D BluetoothAdapter: startLeScan(): null
01-01 00:00:43.740  5015  5048 E BluetoothAdapter: LE Scan has already started
01-01 00:00:43.742  4154  5285 D DhcpClient: Received packet: cc:b8:a8:09:89:c4 OFFER, ip /10.88.11.69, mask /255.255.255.192, DNS servers: /192.168.1.11 /192.168.1.30 , gateways [/10.88.11.126] lease time 86030, domain dev.rokid-inc.com
01-01 00:00:43.743  4154  5277 D DhcpClient: Got pending lease: IP address 10.88.11.69/26 Gateway 10.88.11.126  DNS servers: [ 192.168.1.11 192.168.1.30 ] Domainsdev.rokid-inc.com DHCP server /10.88.11.126 Vendor info null lease 86030 seconds
01-01 00:00:43.746  4154  5277 D DhcpClient: Broadcasting DHCPREQUEST ciaddr=0.0.0.0 request=10.88.11.69 serverid=10.88.11.126
01-01 00:00:43.748  5015  5048 D BluetoothAdapter: startLeScan(): null
01-01 00:00:43.749  5015  5048 E BluetoothAdapter: LE Scan has already started
01-01 00:00:43.754  5015  5048 D BluetoothAdapter: startLeScan(): null
01-01 00:00:43.755  5015  5048 E BluetoothAdapter: LE Scan has already started
01-01 00:00:43.757  4154  5285 D DhcpClient: Received packet: cc:b8:a8:09:89:c4 ACK: your new IP /10.88.11.69, netmask /255.255.255.192, gateways [/10.88.11.126] DNS servers: /192.168.1.11 /192.168.1.30 , lease time 86400
01-01 00:00:43.758  4154  5277 D DhcpClient: Confirmed lease: IP address 10.88.11.69/26 Gateway 10.88.11.126  DNS servers: [ 192.168.1.11 192.168.1.30 ] Domainsdev.rokid-inc.com DHCP server /10.88.11.126 Vendor info null lease 86400 seconds
01-01 00:00:43.762  3824  4136 D CommandListener: Setting iface cfg
01-01 00:00:43.765  4469  5220 I pppoe   : pfunc_check error
01-01 00:00:43.767  4469  5220 I pppoe   : pfunc_check error
01-01 00:00:43.767  3824  4129 E Netd    : ifc_reset_connections failed on iface wlan0 for address 10.88.11.69/8 (Unknown error -1)
01-01 00:00:43.768  4469  5220 I pppoe   : pfunc_check error
01-01 00:00:43.774  5015  5048 D BluetoothAdapter: startLeScan(): null
01-01 00:00:43.776  4154  5277 D DhcpClient: Scheduling renewal in 43199s
01-01 00:00:43.783  5015  5048 E BluetoothAdapter: LE Scan has already started
01-01 00:00:43.788  5015  5048 D BluetoothAdapter: startLeScan(): null
01-01 00:00:43.790  5015  5048 E BluetoothAdapter: LE Scan has already started
01-01 00:00:43.796  5015  5048 D BluetoothAdapter: startLeScan(): null
01-01 00:00:43.797  5015  5048 E BluetoothAdapter: LE Scan has already started
01-01 00:00:43.799  4154  4196 D WifiStateMachine: WifiStateMachine: handleSuccessfulIpConfiguration and no scan results"ROKID.TC"WPA_PSK
01-01 00:00:43.802  5015  5048 D BluetoothAdapter: startLeScan(): null
01-01 00:00:43.803  4154  4198 D ConnectivityService: NetworkAgentInfo [WIFI () - 100] EVENT_NETWORK_INFO_CHANGED, going from CONNECTING to CONNECTED
01-01 00:00:43.803  5015  5048 E BluetoothAdapter: LE Scan has already started
01-01 00:00:43.806  4154  4198 D ConnectivityService: Adding iface wlan0 to network 100
01-01 00:00:43.808  4154  4196 E WifiStateMachine: Did not find remoteAddress {10.88.11.126} in /proc/net/arp
01-01 00:00:43.813  4474  4474 I WifiStateHolder: receive action android.net.wifi.STATE_CHANGE, state = CONNECTED
01-01 00:00:43.813  4474  4474 I RKNetworkStarterNative: wifi on connected, start network monitor thread
01-01 00:00:43.814  4474  5314 I NetworkMonitor: network monitor thread start: true
01-01 00:00:43.815  4474  4474 I WifiStateHolder: receive action android.net.wifi.STATE_CHANGE, state = CONNECTED
01-01 00:00:43.822  5015  5048 D BluetoothAdapter: startLeScan(): null
01-01 00:00:43.824  5015  5048 E BluetoothAdapter: LE Scan has already started
01-01 00:00:43.831  5015  5048 D BluetoothAdapter: startLeScan(): null
01-01 00:00:43.833  5015  5048 E BluetoothAdapter: LE Scan has already started
01-01 00:00:43.839  5015  5048 D BluetoothAdapter: startLeScan(): null
01-01 00:00:43.849  4154  4198 E ConnectivityService: Unexpected mtu value: 0, wlan0
01-01 00:00:43.850  4154  4198 D ConnectivityService: Adding Route [fe80::/64 -> :: wlan0] to network 100
01-01 00:00:43.851  5015  5048 E BluetoothAdapter: LE Scan has already started
01-01 00:00:43.854  4154  4198 D ConnectivityService: Adding Route [10.88.11.64/26 -> 0.0.0.0 wlan0] to network 100
01-01 00:00:43.857  5015  5048 D BluetoothAdapter: startLeScan(): null
01-01 00:00:43.857  4154  4198 D ConnectivityService: Adding Route [0.0.0.0/0 -> 10.88.11.126 wlan0] to network 100
01-01 00:00:43.859  5015  5048 E BluetoothAdapter: LE Scan has already started
01-01 00:00:43.866  5015  5048 D BluetoothAdapter: startLeScan(): null
01-01 00:00:43.868  5015  5048 E BluetoothAdapter: LE Scan has already started
01-01 00:00:43.872  4154  4198 D ConnectivityService: Setting Dns servers for network 100 to [/192.168.1.11, /192.168.1.30]
01-01 00:00:43.873  5015  5048 D BluetoothAdapter: startLeScan(): null
01-01 00:00:43.874  5015  5048 E BluetoothAdapter: LE Scan has already started
01-01 00:00:43.890  4154  4198 D ConnectivityService: notifyType IP_CHANGED for NetworkAgentInfo [WIFI () - 100]
01-01 00:00:43.902  4154  4198 D ConnectivityService: scheduleUnvalidatedPrompt 100
01-01 00:00:43.902  4154  4198 D ConnectivityService: updateSignalStrengthThresholds: CONNECT, sending [] to NetworkAgentInfo [WIFI () - 100]
01-01 00:00:43.903  4154  4196 D WifiNetworkAgent: NetworkAgent: Received signal strength thresholds: []
01-01 00:00:43.903  4154  4198 D ConnectivityService: rematch for NetworkAgentInfo [WIFI () - 100]
01-01 00:00:43.903  4154  4198 D ConnectivityService:    accepting network in place of null
01-01 00:00:43.903  4154  4196 D WifiNative-HAL: stopRssiMonitoring, cmdId 0
01-01 00:00:43.905  4154  4198 D ConnectivityService: Switching to new default network: NetworkAgentInfo{ ni{[type: WIFI[], state: CONNECTED/CONNECTED, reason: (unspecified), extra: "ROKID.TC", roaming: false, failover: false, isAvailable: true]}  network{100}  lp{{InterfaceName: wlan0 LinkAddresses: [fe80::ceb8:a8ff:fe09:89c4/64,10.88.11.69/26,]  Routes: [fe80::/64 -> :: wlan0,10.88.11.64/26 -> 0.0.0.0 wlan0,0.0.0.0/0 -> 10.88.11.126 wlan0,] DnsAddresses: [192.168.1.11,192.168.1.30,] Domains: dev.rokid-inc.com MTU: 0 TcpBufferSizes: 524288,1048576,2097152,262144,524288,1048576}}  nc{[ Transports: WIFI Capabilities: INTERNET&NOT_RESTRICTED&TRUSTED&NOT_VPN LinkUpBandwidth>=1048576Kbps LinkDnBandwidth>=1048576Kbps SignalStrength: -53]}  Score{20}  everValidated{false}  lastValidated{false}  created{true} lingering{false} explicitlySelected{true} acceptUnvalidated{false} everCaptivePortalDetected{false} lastCaptivePortalDetected{false} }
01-01 00:00:43.907  5015  5048 D BluetoothAdapter: startLeScan(): null
01-01 00:00:43.908  5015  5048 E BluetoothAdapter: LE Scan has already started
01-01 00:00:43.913  5015  5048 D BluetoothAdapter: startLeScan(): null
01-01 00:00:43.914  5015  5048 E BluetoothAdapter: LE Scan has already started
01-01 00:00:43.923  5015  5048 D BluetoothAdapter: startLeScan(): null
01-01 00:00:43.924  5015  5048 E BluetoothAdapter: LE Scan has already started
01-01 00:00:43.932  5015  5048 D BluetoothAdapter: startLeScan(): null
01-01 00:00:43.934  5015  5048 E BluetoothAdapter: LE Scan has already started
01-01 00:00:43.938  5015  5048 D BluetoothAdapter: startLeScan(): null
01-01 00:00:43.939  5015  5048 E BluetoothAdapter: LE Scan has already started
01-01 00:00:43.943  5015  5048 D BluetoothAdapter: startLeScan(): null
01-01 00:00:43.948  5015  5048 E BluetoothAdapter: LE Scan has already started
01-01 00:00:43.952  3824  4136 V IdletimerController: runCmd(/system/bin/ip6tables -w -t raw -A idletimer_raw_PREROUTING -i wlan0 -j IDLETIMER --timeout 15 --label 1 --send_nl_msg 1) res_ipv4=0, res_ipv6=0
01-01 00:00:43.952  5015  5048 D BluetoothAdapter: startLeScan(): null
01-01 00:00:43.953  5015  5048 E BluetoothAdapter: LE Scan has already started
01-01 00:00:43.958  5015  5048 D BluetoothAdapter: startLeScan(): null
01-01 00:00:43.959  5015  5048 E BluetoothAdapter: LE Scan has already started
01-01 00:00:43.964  5015  5048 D BluetoothAdapter: startLeScan(): null
01-01 00:00:43.965  5015  5048 E BluetoothAdapter: LE Scan has already started
01-01 00:00:43.969  5015  5048 D BluetoothAdapter: startLeScan(): null
01-01 00:00:43.970  5015  5048 E BluetoothAdapter: LE Scan has already started
01-01 00:00:43.974  5015  5048 D BluetoothAdapter: startLeScan(): null
01-01 00:00:43.975  5015  5048 E BluetoothAdapter: LE Scan has already started
01-01 00:00:43.979  5015  5048 D BluetoothAdapter: startLeScan(): null
01-01 00:00:43.982  5015  5048 E BluetoothAdapter: LE Scan has already started
01-01 00:00:43.987  5015  5048 D BluetoothAdapter: startLeScan(): null
01-01 00:00:43.990  5015  5048 E BluetoothAdapter: LE Scan has already started
01-01 00:00:43.996  5015  5048 D BluetoothAdapter: startLeScan(): null
01-01 00:00:43.997  5015  5048 E BluetoothAdapter: LE Scan has already started
01-01 00:00:44.004  5015  5048 D BluetoothAdapter: startLeScan(): null
01-01 00:00:44.006  5015  5048 E BluetoothAdapter: LE Scan has already started
01-01 00:00:44.019  5015  5048 D BluetoothAdapter: startLeScan(): null
01-01 00:00:44.020  5015  5048 E BluetoothAdapter: LE Scan has already started
01-01 00:00:44.022  3824  4136 V IdletimerController: runCmd(/system/bin/ip6tables -w -t mangle -A idletimer_mangle_POSTROUTING -o wlan0 -j IDLETIMER --timeout 15 --label 1 --send_nl_msg 1) res_ipv4=0, res_ipv6=0
01-01 00:00:44.027  5015  5048 D BluetoothAdapter: startLeScan(): null
01-01 00:00:44.028  4154  4198 D ConnectivityService: Setting tx/rx TCP buffers to 524288,1048576,2097152,262144,524288,1048576
01-01 00:00:44.028  5015  5048 E BluetoothAdapter: LE Scan has already started
01-01 00:00:44.037  5015  5048 D BluetoothAdapter: startLeScan(): null
01-01 00:00:44.038  5015  5048 E BluetoothAdapter: LE Scan has already started
01-01 00:00:44.042  4154  4198 D CSLegacyTypeTracker: Sending CONNECTED broadcast for type 1 NetworkAgentInfo [WIFI () - 100] isDefaultNetwork=true
01-01 00:00:44.044  5015  5048 D BluetoothAdapter: startLeScan(): null
01-01 00:00:44.046  5015  5048 E BluetoothAdapter: LE Scan has already started
01-01 00:00:44.050  5015  5048 D BluetoothAdapter: startLeScan(): null
01-01 00:00:44.053  4154  4198 D ConnectivityService: sendStickyBroadcast: action=android.net.conn.CONNECTIVITY_CHANGE
01-01 00:00:44.055  4154  4176 D Tethering: MasterInitialState.processMessage what=3
01-01 00:00:44.055  4154  4198 D ConnectivityService: notifyType PRECHECK for NetworkAgentInfo [WIFI () - 100]
01-01 00:00:44.064  5015  5048 E BluetoothAdapter: LE Scan has already started
01-01 00:00:44.065  4154  4198 D ConnectivityService: setProvNotificationVisibleIntent null visible=false networkType=MOBILE extraInfo=null highPriority=false
01-01 00:00:44.065  4154  4198 D ConnectivityService: NetworkAgentInfo [WIFI () - 100] validation  passed
01-01 00:00:44.066  4154  4198 D ConnectivityService: notifyType CAP_CHANGED for NetworkAgentInfo [WIFI () - 100]
01-01 00:00:44.077  5106  5106 D DMRBroadcastReceiver: >>>>>onReceive : onReceiveandroid.net.conn.CONNECTIVITY_CHANGE
01-01 00:00:44.079  4154  4198 D ConnectivityService: sendStickyBroadcast: action=android.net.conn.INET_CONDITION_ACTION
01-01 00:00:44.081  4154  4196 E WifiConfigStore:  rewrite network history for "ROKID.TC"WPA_PSK
01-01 00:00:44.082  4474  5261 D WifiManager: Wifi alternate reality enabled on network 100
01-01 00:00:44.094  5015  5048 D BluetoothAdapter: startLeScan(): null
01-01 00:00:44.095  5106  5106 D DMRBroadcastReceiver: TypeName WIFI connected
01-01 00:00:44.097  5106  5106 W ContextImpl: Calling a method in the system process without a qualified user: android.app.ContextImpl.sendBroadcast:763 android.content.ContextWrapper.sendBroadcast:396 android.content.ContextWrapper.sendBroadcast:396 com.droidlogic.mediacenter.DMRBroadcastReceiver$1.handleMessage:115 android.os.Handler.dispatchMessage:102 
01-01 00:00:44.098  5015  5048 E BluetoothAdapter: LE Scan has already started
01-01 00:00:44.114  5015  5048 D BluetoothAdapter: startLeScan(): null
01-01 00:00:44.115  5015  5048 E BluetoothAdapter: LE Scan has already started
01-01 00:00:44.123  5015  5048 D BluetoothAdapter: startLeScan(): null
01-01 00:00:44.124  5015  5048 E BluetoothAdapter: LE Scan has already started
01-01 00:00:44.128  5015  5048 D BluetoothAdapter: startLeScan(): null
01-01 00:00:44.131  5015  5048 E BluetoothAdapter: LE Scan has already started
01-01 00:00:44.143  5106  5106 D DLNA    : getProperty:media.omx.display_mode defVal:0
01-01 00:00:44.145  4154  4154 I EthernetWifiSwitch: action: android.net.conn.CONNECTIVITY_CHANGE
01-01 00:00:44.150  5015  5048 D BluetoothAdapter: startLeScan(): null
01-01 00:00:44.151  5015  5048 E BluetoothAdapter: LE Scan has already started
01-01 00:00:44.152  4154  4154 D EthernetWifiSwitch: TypeName WIFI connected
01-01 00:00:44.153  3818  3818 I SystemControl: writeSysfs [ /sys/class/leds/led-net/brightness ] [ 1 ] from pid=4154, uid=1000, process name=system_server
01-01 00:00:44.153  3818  3818 E SystemControl: writeSysFs, open /sys/class/leds/led-net/brightness fail.
01-01 00:00:44.166  5015  5048 D BluetoothAdapter: startLeScan(): null
01-01 00:00:44.170  5015  5048 E BluetoothAdapter: LE Scan has already started
01-01 00:00:44.176  5015  5048 D BluetoothAdapter: startLeScan(): null
01-01 00:00:44.176  5015  5048 E BluetoothAdapter: LE Scan has already started
01-01 00:00:44.178  5195  5195 D OTA     : action:android.net.conn.CONNECTIVITY_CHANGE
01-01 00:00:44.186  5015  5048 D BluetoothAdapter: startLeScan(): null
01-01 00:00:44.188  5015  5048 E BluetoothAdapter: LE Scan has already started
01-01 00:00:44.194  5015  5046 D bt_btif_gattc: btif_gattc_update_properties BLE device name=GoogleHome7795 len=14 dev_type=2
01-01 00:00:44.197  5015  5048 D BluetoothAdapter: startLeScan(): null
01-01 00:00:44.199  5015  5048 E BluetoothAdapter: LE Scan has already started
01-01 00:00:44.208  5015  5048 D BluetoothAdapter: startLeScan(): null
01-01 00:00:44.209  5015  5048 E BluetoothAdapter: LE Scan has already started
01-01 00:00:44.214  5015  5048 D BluetoothAdapter: startLeScan(): null
01-01 00:00:44.215  5015  5048 E BluetoothAdapter: LE Scan has already started
01-01 00:00:44.221  5015  5048 D BluetoothAdapter: startLeScan(): null
01-01 00:00:44.222  5015  5048 E BluetoothAdapter: LE Scan has already started
01-01 00:00:44.229  5015  5048 D BluetoothAdapter: startLeScan(): null
01-01 00:00:44.230  5015  5048 E BluetoothAdapter: LE Scan has already started
01-01 00:00:44.236  5015  5048 D BluetoothAdapter: startLeScan(): null
01-01 00:00:44.239  5015  5048 E BluetoothAdapter: LE Scan has already started
01-01 00:00:44.245  5015  5048 D BluetoothAdapter: startLeScan(): null
01-01 00:00:44.246  5015  5048 E BluetoothAdapter: LE Scan has already started
01-01 00:00:44.255  5015  5048 D BluetoothAdapter: startLeScan(): null
01-01 00:00:44.256  5015  5048 E BluetoothAdapter: LE Scan has already started
