01-01 00:00:14.914  3829  3829 I AmlogicPlayer: [IsTheSameVfmPathDefault:343]both prop_list and node_list is null
01-01 00:00:14.914  3829  3829 I AmlogicPlayer: prop_list path is same with node_list
01-01 00:00:14.914  3829  3829 E amdrmutils: segment DI: [7c200000-7dffffff]
01-01 00:00:14.914  3829  3829 V AmlogicMediaFactory: register  AmlogicPlayerFactory err =0
01-01 00:00:14.914  3829  3829 V AmlogicMediaFactory: register  AmSuperPlayerFactory err =0
01-01 00:00:14.914  3829  3829 V AmlogicMediaFactory: register  AmNuPlayerFactory err =0
01-01 00:00:14.922  3829  3829 I AmExtractorSupport: load libstagefright_extrator OK
01-01 00:00:14.922  3829  3829 I AmExtractorSupport: find registerExSniffs OK
01-01 00:00:14.922  3829  3829 I AmExtractorSupport: register amlogic extrator sniffers OK
01-01 00:00:14.922  3829  3829 V AmlogicMediaFactory: register default sniffers
01-01 00:00:14.936  3829  3829 V AmlogicMetadataRetrieverFactory: register  AmlogicMetadataRetrieverFactory err =0
01-01 00:00:14.936  3829  3829 V AmlogicMetadataRetrieverFactory: register  AmSuperMetadataRetrieverFactory err =0
01-01 00:00:15.146  3838  3838 I art     : Thread[1,tid=3838,Native,Thread*=0xf55b6500,peer=0x12c21340,"main"] recursive attempt to load library "/system/lib/libmedia_jni.so"
01-01 00:00:15.147  3838  3838 D MtpDeviceJNI: register_android_mtp_MtpDevice
01-01 00:00:15.148  3838  3838 I art     : Thread[1,tid=3838,Native,Thread*=0xf55b6500,peer=0x12c21340,"main"] recursive attempt to load library "/system/lib/libmedia_jni.so"
01-01 00:00:15.149  3838  3838 I art     : Thread[1,tid=3838,Native,Thread*=0xf55b6500,peer=0x12c21340,"main"] recursive attempt to load library "/system/lib/libmedia_jni.so"
01-01 00:00:15.210  3838  3838 I AmExtractorSupport: load libstagefright_extrator OK
01-01 00:00:15.210  3838  3838 I AmExtractorSupport: find registerExSniffs OK
01-01 00:00:15.210  3838  3838 I AmExtractorSupport: register amlogic extrator sniffers OK
01-01 00:00:15.625  3838  3838 E EmojiFactory_jni: Failed to load libemoji.so: dlopen failed: library "libemoji.so" not found
01-01 00:00:17.517  3838  3838 I System  : Loaded time zone names for "" in 51ms (42ms in ICU)
01-01 00:00:17.623  3838  3838 I System  : Loaded time zone names for "en_US" in 106ms (30ms in ICU)
01-01 00:00:18.115  3838  3838 I Zygote  : ...preloaded 3831 classes in 6908ms.
01-01 00:00:18.116  3838  3838 I art     : VMRuntime.preloadDexCaches starting
01-01 00:00:18.211  3838  3838 I art     : VMRuntime.preloadDexCaches strings total=258701 before=9951 after=9951
01-01 00:00:18.211  3838  3838 I art     : VMRuntime.preloadDexCaches types total=21880 before=8291 after=10364
01-01 00:00:18.211  3838  3838 I art     : VMRuntime.preloadDexCaches fields total=103837 before=35425 after=46826
01-01 00:00:18.211  3838  3838 I art     : VMRuntime.preloadDexCaches methods total=185497 before=67203 after=82615
01-01 00:00:18.211  3838  3838 I art     : VMRuntime.preloadDexCaches finished
01-01 00:00:18.247  4153  4153 D idmap   : error: no read access to /vendor/overlay: No such file or directory
01-01 00:00:18.305  3838  3838 I Zygote  : Preloading resources...
01-01 00:00:19.063  3838  3838 I Zygote  : ...preloaded 342 resources in 758ms.
01-01 00:00:19.088  3838  3838 I Zygote  : ...preloaded 41 resources in 25ms.
01-01 00:00:19.090  3838  3838 D libEGL  : loaded /system/lib/egl/libGLES_mali.so
01-01 00:00:19.129  3838  3838 I Zygote  : Preloading shared libraries...
01-01 00:00:19.142  3838  3838 E Hyphenator: error loading hyphenation /system/usr/hyphen-data/hyph-en-us.hyb
01-01 00:00:19.142  3838  3838 E Hyphenator: java.io.FileNotFoundException: /system/usr/hyphen-data/hyph-en-us.hyb: open failed: ENOENT (No such file or directory)
01-01 00:00:19.142  3838  3838 E Hyphenator: 	at libcore.io.IoBridge.open(IoBridge.java:452)
01-01 00:00:19.142  3838  3838 E Hyphenator: 	at java.io.RandomAccessFile.<init>(RandomAccessFile.java:117)
01-01 00:00:19.142  3838  3838 E Hyphenator: 	at android.text.Hyphenator.loadHyphenator(Hyphenator.java:108)
01-01 00:00:19.142  3838  3838 E Hyphenator: 	at android.text.Hyphenator.init(Hyphenator.java:172)
01-01 00:00:19.142  3838  3838 E Hyphenator: 	at com.android.internal.os.ZygoteInit.preloadTextResources(ZygoteInit.java:207)
01-01 00:00:19.142  3838  3838 E Hyphenator: 	at com.android.internal.os.ZygoteInit.preload(ZygoteInit.java:186)
01-01 00:00:19.142  3838  3838 E Hyphenator: 	at com.android.internal.os.ZygoteInit.main(ZygoteInit.java:593)
01-01 00:00:19.142  3838  3838 E Hyphenator: Caused by: android.system.ErrnoException: open failed: ENOENT (No such file or directory)
01-01 00:00:19.142  3838  3838 E Hyphenator: 	at libcore.io.Posix.open(Native Method)
01-01 00:00:19.142  3838  3838 E Hyphenator: 	at libcore.io.BlockGuardOs.open(BlockGuardOs.java:186)
01-01 00:00:19.142  3838  3838 E Hyphenator: 	at libcore.io.IoBridge.open(IoBridge.java:438)
01-01 00:00:19.142  3838  3838 E Hyphenator: 	... 6 more
01-01 00:00:19.145  3838  3838 E Hyphenator: error loading hyphenation /system/usr/hyphen-data/hyph-eu.hyb
01-01 00:00:19.145  3838  3838 E Hyphenator: java.io.FileNotFoundException: /system/usr/hyphen-data/hyph-eu.hyb: open failed: ENOENT (No such file or directory)
01-01 00:00:19.145  3838  3838 E Hyphenator: 	at libcore.io.IoBridge.open(IoBridge.java:452)
01-01 00:00:19.145  3838  3838 E Hyphenator: 	at java.io.RandomAccessFile.<init>(RandomAccessFile.java:117)
01-01 00:00:19.145  3838  3838 E Hyphenator: 	at android.text.Hyphenator.loadHyphenator(Hyphenator.java:108)
01-01 00:00:19.145  3838  3838 E Hyphenator: 	at android.text.Hyphenator.init(Hyphenator.java:172)
01-01 00:00:19.145  3838  3838 E Hyphenator: 	at com.android.internal.os.ZygoteInit.preloadTextResources(ZygoteInit.java:207)
01-01 00:00:19.145  3838  3838 E Hyphenator: 	at com.android.internal.os.ZygoteInit.preload(ZygoteInit.java:186)
01-01 00:00:19.145  3838  3838 E Hyphenator: 	at com.android.internal.os.ZygoteInit.main(ZygoteInit.java:593)
01-01 00:00:19.145  3838  3838 E Hyphenator: Caused by: android.system.ErrnoException: open failed: ENOENT (No such file or directory)
01-01 00:00:19.145  3838  3838 E Hyphenator: 	at libcore.io.Posix.open(Native Method)
01-01 00:00:19.145  3838  3838 E Hyphenator: 	at libcore.io.BlockGuardOs.open(BlockGuardOs.java:186)
01-01 00:00:19.145  3838  3838 E Hyphenator: 	at libcore.io.IoBridge.open(IoBridge.java:438)
01-01 00:00:19.145  3838  3838 E Hyphenator: 	... 6 more
01-01 00:00:19.149  3838  3838 E Hyphenator: error loading hyphenation /system/usr/hyphen-data/hyph-hu.hyb
01-01 00:00:19.149  3838  3838 E Hyphenator: java.io.FileNotFoundException: /system/usr/hyphen-data/hyph-hu.hyb: open failed: ENOENT (No such file or directory)
01-01 00:00:19.149  3838  3838 E Hyphenator: 	at libcore.io.IoBridge.open(IoBridge.java:452)
01-01 00:00:19.149  3838  3838 E Hyphenator: 	at java.io.RandomAccessFile.<init>(RandomAccessFile.java:117)
01-01 00:00:19.149  3838  3838 E Hyphenator: 	at android.text.Hyphenator.loadHyphenator(Hyphenator.java:108)
01-01 00:00:19.149  3838  3838 E Hyphenator: 	at android.text.Hyphenator.init(Hyphenator.java:172)
01-01 00:00:19.149  3838  3838 E Hyphenator: 	at com.android.internal.os.ZygoteInit.preloadTextResources(ZygoteInit.java:207)
01-01 00:00:19.149  3838  3838 E Hyphenator: 	at com.android.internal.os.ZygoteInit.preload(ZygoteInit.java:186)
01-01 00:00:19.149  3838  3838 E Hyphenator: 	at com.android.internal.os.ZygoteInit.main(ZygoteInit.java:593)
01-01 00:00:19.149  3838  3838 E Hyphenator: Caused by: android.system.ErrnoException: open failed: ENOENT (No such file or directory)
01-01 00:00:19.149  3838  3838 E Hyphenator: 	at libcore.io.Posix.open(Native Method)
01-01 00:00:19.149  3838  3838 E Hyphenator: 	at libcore.io.BlockGuardOs.open(BlockGuardOs.java:186)
01-01 00:00:19.149  3838  3838 E Hyphenator: 	at libcore.io.IoBridge.open(IoBridge.java:438)
01-01 00:00:19.149  3838  3838 E Hyphenator: 	... 6 more
01-01 00:00:19.153  3838  3838 E Hyphenator: error loading hyphenation /system/usr/hyphen-data/hyph-hy.hyb
01-01 00:00:19.153  3838  3838 E Hyphenator: java.io.FileNotFoundException: /system/usr/hyphen-data/hyph-hy.hyb: open failed: ENOENT (No such file or directory)
01-01 00:00:19.153  3838  3838 E Hyphenator: 	at libcore.io.IoBridge.open(IoBridge.java:452)
01-01 00:00:19.153  3838  3838 E Hyphenator: 	at java.io.RandomAccessFile.<init>(RandomAccessFile.java:117)
01-01 00:00:19.153  3838  3838 E Hyphenator: 	at android.text.Hyphenator.loadHyphenator(Hyphenator.java:108)
01-01 00:00:19.153  3838  3838 E Hyphenator: 	at android.text.Hyphenator.init(Hyphenator.java:172)
01-01 00:00:19.153  3838  3838 E Hyphenator: 	at com.android.internal.os.ZygoteInit.preloadTextResources(ZygoteInit.java:207)
01-01 00:00:19.153  3838  3838 E Hyphenator: 	at com.android.internal.os.ZygoteInit.preload(ZygoteInit.java:186)
01-01 00:00:19.153  3838  3838 E Hyphenator: 	at com.android.internal.os.ZygoteInit.main(ZygoteInit.java:593)
01-01 00:00:19.153  3838  3838 E Hyphenator: Caused by: android.system.ErrnoException: open failed: ENOENT (No such file or directory)
01-01 00:00:19.153  3838  3838 E Hyphenator: 	at libcore.io.Posix.open(Native Method)
01-01 00:00:19.153  3838  3838 E Hyphenator: 	at libcore.io.BlockGuardOs.open(BlockGuardOs.java:186)
01-01 00:00:19.153  3838  3838 E Hyphenator: 	at libcore.io.IoBridge.open(IoBridge.java:438)
01-01 00:00:19.153  3838  3838 E Hyphenator: 	... 6 more
01-01 00:00:19.157  3838  3838 E Hyphenator: error loading hyphenation /system/usr/hyphen-data/hyph-nb.hyb
01-01 00:00:19.157  3838  3838 E Hyphenator: java.io.FileNotFoundException: /system/usr/hyphen-data/hyph-nb.hyb: open failed: ENOENT (No such file or directory)
01-01 00:00:19.157  3838  3838 E Hyphenator: 	at libcore.io.IoBridge.open(IoBridge.java:452)
01-01 00:00:19.157  3838  3838 E Hyphenator: 	at java.io.RandomAccessFile.<init>(RandomAccessFile.java:117)
01-01 00:00:19.157  3838  3838 E Hyphenator: 	at android.text.Hyphenator.loadHyphenator(Hyphenator.java:108)
01-01 00:00:19.157  3838  3838 E Hyphenator: 	at android.text.Hyphenator.init(Hyphenator.java:172)
01-01 00:00:19.157  3838  3838 E Hyphenator: 	at com.android.internal.os.ZygoteInit.preloadTextResources(ZygoteInit.java:207)
01-01 00:00:19.157  3838  3838 E Hyphenator: 	at com.android.internal.os.ZygoteInit.preload(ZygoteInit.java:186)
01-01 00:00:19.157  3838  3838 E Hyphenator: 	at com.android.internal.os.ZygoteInit.main(ZygoteInit.java:593)
01-01 00:00:19.157  3838  3838 E Hyphenator: Caused by: android.system.ErrnoException: open failed: ENOENT (No such file or directory)
01-01 00:00:19.157  3838  3838 E Hyphenator: 	at libcore.io.Posix.open(Native Method)
01-01 00:00:19.157  3838  3838 E Hyphenator: 	at libcore.io.BlockGuardOs.open(BlockGuardOs.java:186)
01-01 00:00:19.157  3838  3838 E Hyphenator: 	at libcore.io.IoBridge.open(IoBridge.java:438)
01-01 00:00:19.157  3838  3838 E Hyphenator: 	... 6 more
01-01 00:00:19.160  3838  3838 E Hyphenator: error loading hyphenation /system/usr/hyphen-data/hyph-nn.hyb
01-01 00:00:19.160  3838  3838 E Hyphenator: java.io.FileNotFoundException: /system/usr/hyphen-data/hyph-nn.hyb: open failed: ENOENT (No such file or directory)
01-01 00:00:19.160  3838  3838 E Hyphenator: 	at libcore.io.IoBridge.open(IoBridge.java:452)
01-01 00:00:19.160  3838  3838 E Hyphenator: 	at java.io.RandomAccessFile.<init>(RandomAccessFile.java:117)
01-01 00:00:19.160  3838  3838 E Hyphenator: 	at android.text.Hyphenator.loadHyphenator(Hyphenator.java:108)
01-01 00:00:19.160  3838  3838 E Hyphenator: 	at android.text.Hyphenator.init(Hyphenator.java:172)
01-01 00:00:19.160  3838  3838 E Hyphenator: 	at com.android.internal.os.ZygoteInit.preloadTextResources(ZygoteInit.java:207)
01-01 00:00:19.160  3838  3838 E Hyphenator: 	at com.android.internal.os.ZygoteInit.preload(ZygoteInit.java:186)
01-01 00:00:19.160  3838  3838 E Hyphenator: 	at com.android.internal.os.ZygoteInit.main(ZygoteInit.java:593)
01-01 00:00:19.160  3838  3838 E Hyphenator: Caused by: android.system.ErrnoException: open failed: ENOENT (No such file or directory)
01-01 00:00:19.160  3838  3838 E Hyphenator: 	at libcore.io.Posix.open(Native Method)
01-01 00:00:19.160  3838  3838 E Hyphenator: 	at libcore.io.BlockGuardOs.open(BlockGuardOs.java:186)
01-01 00:00:19.160  3838  3838 E Hyphenator: 	at libcore.io.IoBridge.open(IoBridge.java:438)
01-01 00:00:19.160  3838  3838 E Hyphenator: 	... 6 more
01-01 00:00:19.164  3838  3838 E Hyphenator: error loading hyphenation /system/usr/hyphen-data/hyph-und-ethi.hyb
01-01 00:00:19.164  3838  3838 E Hyphenator: java.io.FileNotFoundException: /system/usr/hyphen-data/hyph-und-ethi.hyb: open failed: ENOENT (No such file or directory)
01-01 00:00:19.164  3838  3838 E Hyphenator: 	at libcore.io.IoBridge.open(IoBridge.java:452)
01-01 00:00:19.164  3838  3838 E Hyphenator: 	at java.io.RandomAccessFile.<init>(RandomAccessFile.java:117)
01-01 00:00:19.164  3838  3838 E Hyphenator: 	at android.text.Hyphenator.loadHyphenator(Hyphenator.java:108)
01-01 00:00:19.164  3838  3838 E Hyphenator: 	at android.text.Hyphenator.init(Hyphenator.java:172)
01-01 00:00:19.164  3838  3838 E Hyphenator: 	at com.android.internal.os.ZygoteInit.preloadTextResources(ZygoteInit.java:207)
01-01 00:00:19.164  3838  3838 E Hyphenator: 	at com.android.internal.os.ZygoteInit.preload(ZygoteInit.java:186)
01-01 00:00:19.164  3838  3838 E Hyphenator: 	at com.android.internal.os.ZygoteInit.main(ZygoteInit.java:593)
01-01 00:00:19.164  3838  3838 E Hyphenator: Caused by: android.system.ErrnoException: open failed: ENOENT (No such file or directory)
01-01 00:00:19.164  3838  3838 E Hyphenator: 	at libcore.io.Posix.open(Native Method)
01-01 00:00:19.164  3838  3838 E Hyphenator: 	at libcore.io.BlockGuardOs.open(BlockGuardOs.java:186)
01-01 00:00:19.164  3838  3838 E Hyphenator: 	at libcore.io.IoBridge.open(IoBridge.java:438)
01-01 00:00:19.164  3838  3838 E Hyphenator: 	... 6 more
01-01 00:00:19.172  3838  3838 D Zygote  : end preload
01-01 00:00:19.175  3838  3838 I art     : Starting a blocking GC Explicit
01-01 00:00:19.213  3838  3838 I art     : Explicit concurrent mark sweep GC freed 51409(6MB) AllocSpace objects, 121(2MB) LOS objects, 40% free, 7MB/11MB, paused 309us total 37.751ms
01-01 00:00:19.238  3838  3838 I art     : Starting a blocking GC Explicit
01-01 00:00:19.254  3838  3838 I art     : Explicit concurrent mark sweep GC freed 3289(153KB) AllocSpace objects, 0(0B) LOS objects, 40% free, 6MB/11MB, paused 228us total 15.497ms
01-01 00:00:19.255  3838  3979 I art     : Starting a blocking GC HeapTrim
01-01 00:00:19.258  3838  3838 I art     : Starting a blocking GC Background
01-01 00:00:19.338  3838  3838 I Zygote  : System server process 4154 has been created
01-01 00:00:19.340  3838  3838 I Zygote  : Accepting command socket connections
01-01 00:00:19.389  4154  4154 I InstallerConnection: connecting...
01-01 00:00:19.391  3830  3830 I installd: new connection
01-01 00:00:19.449  4154  4154 I InstallerConnection: disconnecting...
01-01 00:00:19.449  3830  3830 E installd: eof
01-01 00:00:19.449  3830  3830 E installd: failed to read size
01-01 00:00:19.449  3830  3830 I installd: closing connection
01-01 00:00:19.450  4165  4165 I system_server: type=1400 audit(0.0:6): avc: denied { execute } for name="dex2oat" dev="mmcblk0p13" ino=157 scontext=u:r:system_server:s0 tcontext=u:object_r:dex2oat_exec:s0 tclass=file permissive=1
01-01 00:00:19.450  4165  4165 I system_server: type=1400 audit(0.0:7): avc: denied { read open } for path="/system/bin/dex2oat" dev="mmcblk0p13" ino=157 scontext=u:r:system_server:s0 tcontext=u:object_r:dex2oat_exec:s0 tclass=file permissive=1
01-01 00:00:19.450  4165  4165 I system_server: type=1400 audit(0.0:8): avc: denied { execute_no_trans } for path="/system/bin/dex2oat" dev="mmcblk0p13" ino=157 scontext=u:r:system_server:s0 tcontext=u:object_r:dex2oat_exec:s0 tclass=file permissive=1
01-01 00:00:19.590  4165  4165 E dex2oat : Failed to create oat file: /data/dalvik-cache/arm/system@framework@rokid_framework.jar@classes.dex: Permission denied
01-01 00:00:19.590  4165  4165 I dex2oat : dex2oat took 663.125us (threads: 4) 
01-01 00:00:19.592  4154  4154 W art     : Failed execv(/system/bin/dex2oat --runtime-arg -classpath --runtime-arg  --instruction-set=arm --instruction-set-features=smp,-div,-atomic_ldrd_strd --runtime-arg -Xrelocate --boot-image=/system/framework/boot.art --runtime-arg -Xms64m --runtime-arg -Xmx512m --compiler-filter=verify-at-runtime --instruction-set-variant=cortex-a9 --instruction-set-features=default --dex-file=/system/framework/rokid_framework.jar --oat-file=/data/dalvik-cache/arm/system@framework@rokid_framework.jar@classes.dex) because non-0 exit status
01-01 00:00:19.734  4167  4167 E dex2oat : Failed to create oat file: /data/dalvik-cache/arm/system@framework@rokid_services.jar@classes.dex: Permission denied
01-01 00:00:19.734  4167  4167 I dex2oat : dex2oat took 556.541us (threads: 4) 
01-01 00:00:19.737  4154  4154 W art     : Failed execv(/system/bin/dex2oat --runtime-arg -classpath --runtime-arg  --instruction-set=arm --instruction-set-features=smp,-div,-atomic_ldrd_strd --runtime-arg -Xrelocate --boot-image=/system/framework/boot.art --runtime-arg -Xms64m --runtime-arg -Xmx512m --compiler-filter=verify-at-runtime --instruction-set-variant=cortex-a9 --instruction-set-features=default --dex-file=/system/framework/rokid_services.jar --oat-file=/data/dalvik-cache/arm/system@framework@rokid_services.jar@classes.dex) because non-0 exit status
01-01 00:00:19.834  4154  4154 I SystemServer: Entered the Android system server!
01-01 00:00:19.918  4154  4154 I SystemServiceManager: Starting com.android.server.pm.Installer
01-01 00:00:19.921  4154  4154 I Installer: Waiting for installd to be ready.
01-01 00:00:19.921  4154  4154 I InstallerConnection: connecting...
01-01 00:00:19.921  3830  3830 I installd: new connection
01-01 00:00:19.922  4154  4154 I SystemServiceManager: Starting com.android.server.am.ActivityManagerService$Lifecycle
01-01 00:00:20.132  4154  4154 I ActivityManager: Memory class: 192
01-01 00:00:20.134  4154  4172 I ServiceThread: Enabled StrictMode logging for ActivityManager looper.
01-01 00:00:20.144  4154  4173 I ServiceThread: Enabled StrictMode logging for android.ui looper.
01-01 00:00:20.301  4154  4154 D BatteryStatsImpl: Reading daily items from /data/system/batterystats-daily.xml
01-01 00:00:20.580  4154  4154 I IntentFirewall: Read new rules (A:0 B:0 S:0)
01-01 00:00:20.631  4154  4177 I ServiceThread: Enabled StrictMode logging for android.display looper.
01-01 00:00:20.642  4154  4154 D AppOps  : AppOpsService published
01-01 00:00:20.643  4154  4154 I SystemServiceManager: Starting com.android.server.power.PowerManagerService
01-01 00:00:20.645  4154  4179 I ServiceThread: Enabled StrictMode logging for PowerManagerService looper.
01-01 00:00:20.658  4154  4154 I libsuspend: Selected early suspend
01-01 00:00:20.658  4154  4154 I libsuspend: Starting early suspend unblocker thread
01-01 00:00:20.666  4154  4154 I SystemServiceManager: Starting com.android.server.lights.LightsService
01-01 00:00:20.668  4154  4154 I SystemServiceManager: Starting com.android.server.display.DisplayManagerService
01-01 00:00:20.686  4154  4154 I SystemServiceManager: Starting phase 100
01-01 00:00:20.696  4154  4177 I DisplayManagerService: Display device added: DisplayDeviceInfo{"Built-in Screen": uniqueId="local:0", 1920 x 1080, modeId 1, defaultModeId 1, supportedModes [{id=1, width=1920, height=1080, fps=60.000004}], colorTransformId 1, defaultColorTransformId 1, supportedColorTransforms [{id=1, colorTransform=-22}], density 240, 159.895 x 160.421 dpi, appVsyncOff -5500000, presDeadline 17666666, touch INTERNAL, rotation 0, type BUILT_IN, state UNKNOWN, FLAG_DEFAULT_DISPLAY, FLAG_ROTATES_WITH_CONTENT, FLAG_SECURE, FLAG_SUPPORTS_PROTECTED_BUFFERS}
01-01 00:00:20.699  3817  3817 D SurfaceFlinger: Set power mode=2, type=0 flinger=0xf6b64000
01-01 00:00:20.699  3817  3817 D SurfaceFlinger: Screen type=0 is already mode=2
01-01 00:00:20.699  4154  4154 I SystemServer: Package Manager
01-01 00:00:20.700  4154  4177 I DisplayManagerService: Display device changed state: "Built-in Screen", ON
01-01 00:00:20.929  4154  4154 W SystemConfig: No directory /system/etc/sysconfig, skipping
01-01 00:00:21.072  4154  4154 D SELinuxMMAC: Using policy file /system/etc/security/mac_permissions.xml
01-01 00:00:23.367  4154  4154 E art     : DexFile_getDexOptNeeded file '/system/framework/org.apache.http.legacy.jar' does not exist
01-01 00:00:23.367  4154  4154 W PackageManager: Library not found: /system/framework/org.apache.http.legacy.jar
01-01 00:00:23.428  4154  4154 D PackageManager: No files in app dir /vendor/overlay
01-01 00:00:23.739  4154  4154 W PackageParser: Ignoring duplicate uses-permissions/uses-permissions-sdk-m: android.permission.SET_ANIMATION_SCALE in package: com.droidlogic.mediacenter at: Binary XML file line #40
01-01 00:00:23.837  4154  4154 W PackageManager: Permission android.permission.DOWNLOAD_WITHOUT_NOTIFICATION from package com.android.providers.downloads in an unknown group android.permission-group.NETWORK
01-01 00:00:23.914  4154  4154 W PackageParser: Unknown element under <application>: permission at /system/priv-app/Gallery2/Gallery2.apk Binary XML file line #245
01-01 00:00:23.914  4154  4154 W PackageParser: Unknown element under <application>: permission at /system/priv-app/Gallery2/Gallery2.apk Binary XML file line #248
01-01 00:00:24.025  4154  4154 W PackageManager: Permission com.android.launcher.permission.PRELOAD_WORKSPACE from package com.android.launcher in an unknown group android.permission-group.SYSTEM_TOOLS
01-01 00:00:24.026  4154  4154 W PackageManager: Permission com.android.launcher.permission.INSTALL_SHORTCUT from package com.android.launcher in an unknown group android.permission-group.SYSTEM_TOOLS
01-01 00:00:24.026  4154  4154 W PackageManager: Permission com.android.launcher.permission.UNINSTALL_SHORTCUT from package com.android.launcher in an unknown group android.permission-group.SYSTEM_TOOLS
01-01 00:00:24.026  4154  4154 W PackageManager: Permission com.android.launcher.permission.READ_SETTINGS from package com.android.launcher in an unknown group android.permission-group.SYSTEM_TOOLS
01-01 00:00:24.026  4154  4154 W PackageManager: Permission com.android.launcher.permission.WRITE_SETTINGS from package com.android.launcher in an unknown group android.permission-group.SYSTEM_TOOLS
01-01 00:00:24.265  4154  4154 I PackageManager: /system/priv-app/RKNetworkStarter changed; collecting certs
01-01 00:00:24.553  4154  4154 W PackageParser: Ignoring duplicate uses-permissions/uses-permissions-sdk-m: android.permission.CONFIGURE_WIFI_DISPLAY in package: com.rokid.systemui at: Binary XML file line #72
01-01 00:00:24.581  4154  4154 W PackageParser: Ignoring duplicate uses-permissions/uses-permissions-sdk-m: android.permission.MODIFY_AUDIO_SETTINGS in package: com.rokid.server.rkupdate at: Binary XML file line #20
01-01 00:00:24.735  4154  4154 W PackageParser: Ignoring duplicate uses-permissions/uses-permissions-sdk-m: android.permission.USE_CREDENTIALS in package: com.android.settings at: Binary XML file line #55
01-01 00:00:24.736  4154  4154 W PackageParser: Ignoring duplicate uses-permissions/uses-permissions-sdk-m: android.permission.READ_SYNC_SETTINGS in package: com.android.settings at: Binary XML file line #60
01-01 00:00:24.736  4154  4154 W PackageParser: Ignoring duplicate uses-permissions/uses-permissions-sdk-m: android.permission.WRITE_SYNC_SETTINGS in package: com.android.settings at: Binary XML file line #61
01-01 00:00:25.020  4154  4154 W PackageParser: Ignoring duplicate uses-permissions/uses-permissions-sdk-m: android.permission.INSTALL_GRANT_RUNTIME_PERMISSIONS in package: com.android.shell at: Binary XML file line #101
01-01 00:00:25.102  4154  4154 W PackageParser: Ignoring duplicate uses-permissions/uses-permissions-sdk-m: android.permission.CONFIGURE_WIFI_DISPLAY in package: com.android.systemui at: Binary XML file line #120
01-01 00:00:25.403  4154  4154 W PackageParser: Ignoring duplicate uses-permissions/uses-permissions-sdk-m: android.permission.READ_CONTACTS in package: com.android.bluetooth at: Binary XML file line #58
01-01 00:00:25.413  4154  4154 W PackageParser: No actions in intent filter at /system/app/Bluetooth/Bluetooth.apk Binary XML file line #223
01-01 00:00:25.977  4154  4154 W PackageParser: Ignoring duplicate uses-permissions/uses-permissions-sdk-m: android.permission.MOUNT_UNMOUNT_FILESYSTEMS in package: com.droidlogic.mboxlauncher at: Binary XML file line #14
01-01 00:00:26.446  4154  4154 D PackageManager: No files in app dir /system/vendor/app
01-01 00:00:26.446  4154  4154 D PackageManager: No files in app dir /oem/app
01-01 00:00:26.467  4154  4154 W PackageParser: Unknown element under <manifest>: meta-data at /data/app/com.koushikdutta.vysor-1/base.apk Binary XML file line #15
01-01 00:00:26.484  4154  4154 I SELinux : SELinux: Loaded file_contexts contexts from /file_contexts.
01-01 00:00:26.577  4154  4154 W PackageParser: Unknown element under <manifest>: meta-data at /data/app/com.rokid.news-1/base.apk Binary XML file line #13
01-01 00:00:26.845  4154  4154 D PackageManager: No files in app dir /data/app-private
01-01 00:00:26.846  4154  4154 W PackageManager: Package com.android.gallery3d desires unavailable shared library com.google.android.media.effects; ignoring!
01-01 00:00:26.846  4154  4154 W PackageManager: Package com.android.gallery3d desires unavailable shared library com.google.android.media.effects; ignoring!
01-01 00:00:26.846  4154  4154 I PackageManager: Adjusting ABI for : com.android.keychain to armeabi-v7a
01-01 00:00:26.847  4154  4154 I PackageManager: Adjusting ABI for : com.droidlogic.mediacenter to armeabi-v7a
01-01 00:00:26.848  4154  4154 I PackageManager: Adjusting ABI for : com.android.settings to armeabi-v7a
01-01 00:00:26.849  4154  4154 I PackageManager: Adjusting ABI for : com.droidlogic to armeabi-v7a
01-01 00:00:26.850  4154  4154 I PackageManager: Adjusting ABI for : com.droidlogic.PPPoE to armeabi-v7a
01-01 00:00:26.851  4154  4154 I PackageManager: Adjusting ABI for : com.droidlogic.dig to armeabi-v7a
01-01 00:00:26.852  4154  4154 I PackageManager: Adjusting ABI for : com.android.providers.settings to armeabi-v7a
01-01 00:00:26.852  4154  4154 I PackageManager: Adjusting ABI for : com.droidlogic.SubTitleService to armeabi-v7a
01-01 00:00:26.853  4154  4154 I PackageManager: Adjusting ABI for : com.droidlogic.appinstall to armeabi-v7a
01-01 00:00:26.854  4154  4154 I PackageManager: Adjusting ABI for : com.droidlogic.mboxlauncher to armeabi-v7a
01-01 00:00:26.855  4154  4154 I PackageManager: Adjusting ABI for : com.rokid.tts to armeabi-v7a
01-01 00:00:26.855  4154  4154 I PackageManager: Adjusting ABI for : com.droidlogic.readlog to armeabi-v7a
01-01 00:00:26.856  4154  4154 I PackageManager: Adjusting ABI for : com.android.tv.settings to armeabi-v7a
01-01 00:00:26.857  4154  4154 I PackageManager: Adjusting ABI for : com.droidlogic.service.remotecontrol to armeabi-v7a
01-01 00:00:26.857  4154  4154 I PackageManager: Adjusting ABI for : com.android.inputdevices to armeabi-v7a
01-01 00:00:26.858  4154  4154 I PackageManager: Adjusting ABI for : com.android.location.fused to armeabi-v7a
01-01 00:00:26.859  4154  4154 I PackageManager: Adjusting ABI for : com.droidlogic.miracast to armeabi-v7a
01-01 00:00:26.876  4154  4154 I PackageManager: Time to scan packages: 3.527 seconds
01-01 00:00:26.878  4154  4154 W PackageManager: Unknown permission com.google.android.googleapps.permission.GOOGLE_AUTH in package com.android.providers.calendar
01-01 00:00:26.878  4154  4154 W PackageManager: Unknown permission com.google.android.googleapps.permission.GOOGLE_AUTH.cl in package com.android.providers.calendar
01-01 00:00:26.880  4154  4154 W PackageManager: Unknown permission com.netflix.ninja.permission.ESN in package com.android.tv.settings
01-01 00:00:26.881  4154  4154 W PackageManager: Unknown permission com.google.android.gm.permission.WRITE_GMAIL in package com.droidlogic.PPPoE
01-01 00:00:26.881  4154  4154 W PackageManager: Unknown permission com.google.android.gm.permission.READ_GMAIL in package com.droidlogic.PPPoE
01-01 00:00:26.882  4154  4154 W PackageManager: Unknown permission com.google.android.googleapps.permission.GOOGLE_AUTH in package com.droidlogic.PPPoE
01-01 00:00:26.887  4154  4154 W PackageManager: Not granting permission android.permission.ACCESS_DOWNLOAD_MANAGER to package com.android.browser (protectionLevel=18 flags=0x3809be45)
01-01 00:00:26.887  4154  4154 W PackageManager: Not granting permission android.permission.SEND_DOWNLOAD_COMPLETED_INTENTS to package com.android.browser (protectionLevel=2 flags=0x3809be45)
01-01 00:00:26.891  4154  4154 W PackageManager: Unknown permission android.permission.SYSTEM_OVERLAY_WINDOW in package com.rokid.networkstarter
01-01 00:00:26.893  4154  4154 W PackageManager: Not granting permission android.permission.BIND_WALLPAPER to package com.android.camera2 (protectionLevel=18 flags=0x3058bc45)
01-01 00:00:26.895  4154  4154 W PackageManager: Not granting permission android.permission.READ_EXTERNAL_STORAGE to package com.koushikdutta.vysor because it was previously installed without
01-01 00:00:26.895  4154  4154 W PackageManager: Not granting permission android.permission.WRITE_EXTERNAL_STORAGE to package com.koushikdutta.vysor because it was previously installed without
01-01 00:00:26.897  4154  4154 W PackageManager: Unknown permission android.permission.ACCESS_ALL_EXTERNAL_STORAGE in package com.rokid.systemui
01-01 00:00:26.900  4154  4154 W PackageManager: Unknown permission android.permission.SYSTEM_OVERLAY_WINDOW in package com.droidlogic.SubTitleService
01-01 00:00:26.904  4154  4154 W PackageManager: Unknown permission com.google.android.permission.INSTALL_WEARABLE_PACKAGES in package com.android.packageinstaller
01-01 00:00:26.905  4154  4154 W PackageManager: Unknown permission com.google.android.gallery3d.permission.PICASA_STORE in package com.android.dreams.phototable
01-01 00:00:26.905  4154  4154 W PackageManager: Unknown permission android.net.wifi.p2p.DISCOVERY_STATE_CHANGE in package com.droidlogic.miracast
01-01 00:00:26.907  4154  4154 W PackageManager: Unknown permission com.google.android.googleapps.permission.GOOGLE_AUTH in package com.android.settings
01-01 00:00:26.920  4154  4154 W PackageManager: Not granting permission android.permission.WRITE_EXTERNAL_STORAGE to package com.rokid.movie because it was previously installed without
01-01 00:00:26.921  4154  4154 W PackageManager: Not granting permission android.permission.READ_PHONE_STATE to package com.rokid.movie because it was previously installed without
01-01 00:00:26.921  4154  4154 W PackageManager: Not granting permission android.permission.READ_EXTERNAL_STORAGE to package com.rokid.movie because it was previously installed without
01-01 00:00:26.923  4154  4154 W PackageManager: Unknown permission com.google.android.gallery3d.permission.GALLERY_PROVIDER in package com.android.bluetooth
01-01 00:00:26.924  4154  4154 W PackageManager: Unknown permission android.permission.PROCESS_PHONE_ACCOUNT_REGISTRATION in package com.android.providers.contacts
01-01 00:00:27.507  4154  4154 I art     : Starting a blocking GC Explicit
01-01 00:00:27.548  4154  4154 I art     : Explicit concurrent mark sweep GC freed 34413(1859KB) AllocSpace objects, 3(60KB) LOS objects, 33% free, 6MB/9MB, paused 415us total 40.319ms
01-01 00:00:27.552  4154  4154 I SystemServer: User Service
01-01 00:00:27.571  3815  3815 I lowmemorykiller: ActivityManager connected
01-01 00:00:27.572  4154  4154 D SensorService: nuSensorService starting...
01-01 00:00:27.572  4154  4154 E SensorService: couldn't load sensors module (No such file or directory)
01-01 00:00:27.573  4154  4154 I SystemServiceManager: Starting com.android.server.BatteryService
01-01 00:00:27.590  4154  4154 I SystemServiceManager: Starting com.android.server.usage.UsageStatsService
01-01 00:00:27.609  4154  4154 I SystemServiceManager: Starting com.android.server.webkit.WebViewUpdateService
01-01 00:00:27.612  4154  4154 I SystemServer: Reading configuration...
01-01 00:00:27.612  4154  4154 I SystemServer: Scheduling Policy
01-01 00:00:27.613  4154  4154 I SystemServiceManager: Starting com.android.server.telecom.TelecomLoaderService
01-01 00:00:27.616  4154  4154 I SystemServer: Telephony Registry
01-01 00:00:27.642  4154  4154 I SystemServer: Entropy Mixer
01-01 00:00:27.649  4154  4154 I EntropyMixer: Added HW RNG output to entropy pool
01-01 00:00:27.649  4154  4154 I EntropyMixer: Writing entropy...
01-01 00:00:27.657  4154  4154 I SystemServer: Camera Service
01-01 00:00:27.657  4154  4154 I SystemServiceManager: Starting com.android.server.camera.CameraService
01-01 00:00:27.662  4154  4184 I ServiceThread: Enabled StrictMode logging for CameraService_proxy looper.
01-01 00:00:27.663  4154  4154 I SystemServer: Account Manager
01-01 00:00:27.704  4154  4154 I SystemServer: Content Manager
01-01 00:00:27.713  4154  4154 I SystemServer: System Content Providers
01-01 00:00:27.720  4154  4154 W System  : ClassLoader referenced unknown path: /system/priv-app/SettingsProvider/lib/arm
01-01 00:00:27.832  4154  4154 I SystemServer: Vibrator Service
01-01 00:00:27.845  4154  4154 I SystemServer: Consumer IR Service
01-01 00:00:27.846  4154  4154 E ConsumerIrService: Can't open consumer IR HW Module, error: -2
01-01 00:00:27.847  4154  4154 I SystemServiceManager: Starting com.android.server.AlarmManagerService
01-01 00:00:27.879  4154  4154 I SystemServer: Init Watchdog
01-01 00:00:27.880  4154  4154 I SystemServer: Input Manager
01-01 00:00:27.882  4154  4154 I InputManager: Initializing input manager, mUseDevInputEventForAudioJack=false
01-01 00:00:27.884  4154  4154 I SystemServer: Window Manager
01-01 00:00:28.039  4154  4177 I WindowManager: No existing display settings /data/system/display_settings.xml; starting empty
01-01 00:00:28.150  4154  4154 I InputManager: Starting input manager
01-01 00:00:28.152  3815  3815 I lowmemorykiller: droidlogic lmk totalMem:1819MB, config file: /system/etc/lowmemorykiller_2G.txt
01-01 00:00:28.152  4154  4188 D EventHub: No input device configuration file found for device 'cec_input'.
01-01 00:00:28.154  4154  4154 I SystemServer: Bluetooth Service
01-01 00:00:28.154  4154  4154 I SystemServiceManager: Starting com.android.server.BluetoothService
01-01 00:00:28.158  3815  3815 I lowmemorykiller: droidlogic lmk adjConfigString: adj:0,2,4,6,9,15
01-01 00:00:28.158  3815  3815 I lowmemorykiller: droidlogic lmk minfreeConfigString: minfree:8192,12288,16384,24576,28672,32768
01-01 00:00:28.160  4154  4188 W EventHub: Unable to disable kernel key repeat for /dev/input/event2: Function not implemented
01-01 00:00:28.160  4154  4188 I EventHub: New device: id=1, fd=61, path='/dev/input/event2', name='cec_input', classes=0x1, configuration='', keyLayout='/system/usr/keylayout/Generic.kl', keyCharacterMap='/system/usr/keychars/Generic.kcm', builtinKeyboard=false, wakeMechanism=EPOLLWAKEUP, usingClockIoctl=true
01-01 00:00:28.161  4154  4188 E EventHub: could not get driver version for /dev/input/mice, Not a typewriter
01-01 00:00:28.175  4154  4154 D BluetoothService: onStart: publishing BluetoothManagerService
01-01 00:00:28.182  4154  4154 I SystemServer: Input Method Service
01-01 00:00:28.251  4154  4188 D EventHub: No input device configuration file found for device 'gpio_keypad'.
01-01 00:00:28.256  4154  4188 I EventHub: New device: id=2, fd=63, path='/dev/input/event1', name='gpio_keypad', classes=0x1, configuration='', keyLayout='/system/usr/keylayout/Vendor_0001_Product_0001.kl', keyCharacterMap='/system/usr/keychars/Generic.kcm', builtinKeyboard=false, wakeMechanism=EPOLLWAKEUP, usingClockIoctl=true
01-01 00:00:28.256  4154  4188 E EventHub: could not get driver version for /dev/input/mouse0, Not a typewriter
01-01 00:00:28.305  4154  4154 I SystemServer: Accessibility Manager
01-01 00:00:28.336  4154  4154 I ActivityManager: Config changes=1df8 {1.0 ?mcc?mnc en_US ldltr sw720dp w1280dp h720dp 240dpi xlrg long land ?uimode ?night -touch -keyb/v/h -nav/h s.2}
01-01 00:00:28.357  4154  4171 I UsageStatsService: User[0] Rollover scheduled @ 2015-01-02 00:00:00(1420156800000)
01-01 00:00:28.362  4154  4188 D EventHub: No input device configuration file found for device 'aml_keypad'.
01-01 00:00:28.364  4154  4154 I SystemServiceManager: Starting com.android.server.MountService$Lifecycle
01-01 00:00:28.366  4154  4188 W EventHub: Unable to disable kernel key repeat for /dev/input/event0: Function not implemented
01-01 00:00:28.366  4154  4188 I EventHub: New device: id=3, fd=67, path='/dev/input/event0', name='aml_keypad', classes=0x82b, configuration='', keyLayout='/system/usr/keylayout/Vendor_0001_Product_0001.kl', keyCharacterMap='/system/usr/keychars/Generic.kcm', builtinKeyboard=false, wakeMechanism=EPOLLWAKEUP, usingClockIoctl=true
01-01 00:00:28.366  4154  4188 D EventHub: No input device configuration file found for device 'AML-M8AUDIO hp switch'.
01-01 00:00:28.366  4154  4188 I EventHub: New device: id=4, fd=68, path='/dev/input/event3', name='AML-M8AUDIO hp switch', classes=0x80, configuration='', keyLayout='', keyCharacterMap='', builtinKeyboard=false, wakeMechanism=EPOLLWAKEUP, usingClockIoctl=true
01-01 00:00:28.373  4154  4188 I InputReader: Device added: id=-1, name='Virtual', sources=0x00000301
01-01 00:00:28.373  4154  4188 I InputReader: Device added: id=4, name='AML-M8AUDIO hp switch', sources=0x80000000
01-01 00:00:28.384  4154  4188 I InputReader: Device added: id=3, name='aml_keypad', sources=0x00006303
01-01 00:00:28.385  4154  4188 I InputReader: Reconfiguring input devices.  changes=0x00000080
01-01 00:00:28.385  4154  4188 I InputReader: Device added: id=2, name='gpio_keypad', sources=0x00000101
01-01 00:00:28.385  4154  4188 I InputReader: Device added: id=1, name='cec_input', sources=0x00000101
01-01 00:00:28.386  4154  4188 I InputReader: Reconfiguring input devices.  changes=0x00000004
01-01 00:00:28.387  4154  4187 I ActivityManager: Config changes=60 {1.0 ?mcc?mnc en_US ldltr sw720dp w1280dp h720dp 240dpi xlrg long land ?uimode ?night -touch -keyb/v/h dpad/v s.3}
01-01 00:00:28.404  4154  4189 D MountService: Thinking about reset, mSystemReady=false, mDaemonConnected=true
01-01 00:00:28.405  4154  4189 D MountService: Thinking about reset, mSystemReady=false, mDaemonConnected=true
01-01 00:00:28.405  4154  4189 D CryptdConnector: SND -> {1 cryptfs getfield SystemLocale}
01-01 00:00:28.406  3761  3812 I Ext4Crypt: ext4 crypto complete called on /data
01-01 00:00:28.406  3761  3812 I Ext4Crypt: No master key, so not ext4enc
01-01 00:00:28.410  4154  4191 D CryptdConnector: RCV <- {200 1 -1}
01-01 00:00:28.411  4154  4154 I SystemServiceManager: Starting com.android.server.UiModeManagerService
01-01 00:00:28.415  4154  4189 W MountService: No primary storage mounted!
01-01 00:00:28.415  4154  4189 D VoldConnector: SND -> {1 asec list}
01-01 00:00:28.417  4154  4190 D VoldConnector: RCV <- {200 1 asec operation succeeded}
01-01 00:00:28.418  4154  4189 I PackageManager: No secure containers found
01-01 00:00:28.418  4154  4154 I ActivityManager: Config changes=200 {1.0 ?mcc?mnc en_US ldltr sw720dp w1280dp h720dp 240dpi xlrg long land -touch -keyb/v/h dpad/v s.4}
01-01 00:00:28.420  4154  4189 W PackageManager: Unknown permission com.google.android.googleapps.permission.GOOGLE_AUTH in package com.android.providers.calendar
01-01 00:00:28.420  4154  4189 W PackageManager: Unknown permission com.google.android.googleapps.permission.GOOGLE_AUTH.cl in package com.android.providers.calendar
01-01 00:00:28.422  4154  4189 W PackageManager: Unknown permission com.netflix.ninja.permission.ESN in package com.android.tv.settings
01-01 00:00:28.424  4154  4189 W PackageManager: Unknown permission com.google.android.gm.permission.WRITE_GMAIL in package com.droidlogic.PPPoE
01-01 00:00:28.425  4154  4189 W PackageManager: Unknown permission com.google.android.gm.permission.READ_GMAIL in package com.droidlogic.PPPoE
01-01 00:00:28.426  4154  4189 W PackageManager: Unknown permission com.google.android.googleapps.permission.GOOGLE_AUTH in package com.droidlogic.PPPoE
01-01 00:00:28.430  4154  4189 W PackageManager: Not granting permission android.permission.ACCESS_DOWNLOAD_MANAGER to package com.android.browser (protectionLevel=18 flags=0x3809be45)
01-01 00:00:28.430  4154  4189 W PackageManager: Not granting permission android.permission.SEND_DOWNLOAD_COMPLETED_INTENTS to package com.android.browser (protectionLevel=2 flags=0x3809be45)
01-01 00:00:28.435  4154  4189 W PackageManager: Unknown permission android.permission.SYSTEM_OVERLAY_WINDOW in package com.rokid.networkstarter
01-01 00:00:28.437  4154  4189 W PackageManager: Not granting permission android.permission.BIND_WALLPAPER to package com.android.camera2 (protectionLevel=18 flags=0x3058bc45)
01-01 00:00:28.439  4154  4189 W PackageManager: Not granting permission android.permission.READ_EXTERNAL_STORAGE to package com.koushikdutta.vysor because it was previously installed without
01-01 00:00:28.439  4154  4189 W PackageManager: Not granting permission android.permission.WRITE_EXTERNAL_STORAGE to package com.koushikdutta.vysor because it was previously installed without
01-01 00:00:28.441  4154  4189 W PackageManager: Unknown permission android.permission.ACCESS_ALL_EXTERNAL_STORAGE in package com.rokid.systemui
01-01 00:00:28.444  4154  4189 W PackageManager: Unknown permission android.permission.SYSTEM_OVERLAY_WINDOW in package com.droidlogic.SubTitleService
01-01 00:00:28.448  4154  4189 W PackageManager: Unknown permission com.google.android.permission.INSTALL_WEARABLE_PACKAGES in package com.android.packageinstaller
01-01 00:00:28.449  4154  4189 W PackageManager: Unknown permission com.google.android.gallery3d.permission.PICASA_STORE in package com.android.dreams.phototable
01-01 00:00:28.450  4154  4189 W PackageManager: Unknown permission android.net.wifi.p2p.DISCOVERY_STATE_CHANGE in package com.droidlogic.miracast
01-01 00:00:28.452  4154  4189 W PackageManager: Unknown permission com.google.android.googleapps.permission.GOOGLE_AUTH in package com.android.settings
01-01 00:00:28.466  4154  4189 W PackageManager: Not granting permission android.permission.WRITE_EXTERNAL_STORAGE to package com.rokid.movie because it was previously installed without
01-01 00:00:28.466  4154  4189 W PackageManager: Not granting permission android.permission.READ_PHONE_STATE to package com.rokid.movie because it was previously installed without
01-01 00:00:28.467  4154  4189 W PackageManager: Not granting permission android.permission.READ_EXTERNAL_STORAGE to package com.rokid.movie because it was previously installed without
01-01 00:00:28.468  4154  4189 W PackageManager: Unknown permission com.google.android.gallery3d.permission.GALLERY_PROVIDER in package com.android.bluetooth
01-01 00:00:28.469  4154  4189 W PackageManager: Unknown permission android.permission.PROCESS_PHONE_ACCOUNT_REGISTRATION in package com.android.providers.contacts
01-01 00:00:29.046  4154  4154 W art     : Long monitor contention event with owner method=void com.android.server.pm.PackageManagerService.loadMediaPackages(android.util.ArrayMap, int[], boolean) from PackageManagerService.java:15664 waiters=0 for 623ms
01-01 00:00:29.046  4154  4189 W MountService: No primary storage defined yet; hacking together a stub
01-01 00:00:29.047  4154  4189 W MountService: No primary storage defined yet; hacking together a stub
01-01 00:00:29.048  4154  4171 W art     : Long monitor contention event with owner method=void com.android.server.pm.PackageManagerService.loadMediaPackages(android.util.ArrayMap, int[], boolean) from PackageManagerService.java:15664 waiters=1 for 347ms
01-01 00:00:29.051  4154  4189 W MountService: No primary storage mounted!
01-01 00:00:29.052  4154  4189 D VoldConnector: SND -> {2 asec list}
01-01 00:00:29.053  4154  4190 D VoldConnector: RCV <- {200 2 asec operation succeeded}
01-01 00:00:29.059  4154  4154 I SystemServer: LockSettingsService
01-01 00:00:29.073  4154  4154 I SystemServiceManager: Starting com.android.server.DeviceIdleController
01-01 00:00:29.102  4154  4154 I SystemServiceManager: Starting com.android.server.devicepolicy.DevicePolicyManagerService$Lifecycle
01-01 00:00:29.153  4154  4154 I SystemServer: Status Bar
01-01 00:00:29.163  4154  4154 I SystemServer: Clipboard Service
01-01 00:00:29.170  4154  4154 I SystemServer: NetworkManagement Service
01-01 00:00:29.198  4154  4154 I SystemServer: Text Service Manager Service
01-01 00:00:29.216  4154  4154 I SystemServer: Network Score Service
01-01 00:00:29.220  4154  4154 I SystemServer: NetworkStats Service
01-01 00:00:29.238  4154  4154 I SystemServer: NetworkPolicy Service
01-01 00:00:29.263  4154  4154 I SystemServiceManager: Starting com.android.server.wifi.p2p.WifiP2pService
01-01 00:00:29.351  4154  4154 I WifiP2pService: Registering wifip2p
01-01 00:00:29.353  4154  4154 I SystemServiceManager: Starting com.android.server.wifi.WifiService
01-01 00:00:29.531  4154  4154 D HS20    : Passpoint is disabled
01-01 00:00:29.592  4154  4154 D WifiController: isAirplaneModeOn = false, isWifiEnabled = true, isScanningAvailable = false
01-01 00:00:29.596  4154  4154 I WifiService: Registering wifi
01-01 00:00:29.597  4154  4154 I SystemServiceManager: Starting com.android.server.wifi.WifiScanningService
01-01 00:00:29.597  4154  4154 I WifiScanningService: Creating wifiscanner
01-01 00:00:29.604  4154  4154 I WifiScanningService: Starting wifiscanner
01-01 00:00:29.606  4154  4154 I SystemServiceManager: Starting com.android.server.wifi.RttService
01-01 00:00:29.606  4154  4154 I RttService: Creating rttmanager
01-01 00:00:29.608  4154  4154 I RttService: Starting rttmanager
01-01 00:00:29.610  4154  4154 I SystemServiceManager: Starting com.android.server.ethernet.EthernetService
01-01 00:00:29.614  4154  4154 I EthernetServiceImpl: Creating EthernetConfigStore
01-01 00:00:29.615  4154  4154 E IpConfigStore: Error parsing configuration: java.io.FileNotFoundException: /data/misc/ethernet/ipconfig.txt: open failed: ENOENT (No such file or directory)
01-01 00:00:29.616  4154  4154 W EthernetConfigStore: No Ethernet configuration found. Using default.
01-01 00:00:29.618  4154  4154 I EthernetServiceImpl: Read stored IP configuration: IP assignment: DHCP
01-01 00:00:29.618  4154  4154 I EthernetServiceImpl: Proxy settings: NONE
01-01 00:00:29.622  4154  4154 I EthernetService: Registering service ethernet
01-01 00:00:29.623  4154  4154 I SystemServer: Connectivity Service
01-01 00:00:29.658  4154  4154 D ConnectivityService: ConnectivityService starting up
01-01 00:00:29.668  4154  4154 D ConnectivityService: wifiOnly=false
01-01 00:00:29.669  4154  4154 E ConnectivityService: Ignoring protectedNetwork 10
01-01 00:00:29.669  4154  4154 E ConnectivityService: Ignoring protectedNetwork 11
01-01 00:00:29.669  4154  4154 E ConnectivityService: Ignoring protectedNetwork 12
01-01 00:00:29.669  4154  4154 E ConnectivityService: Ignoring protectedNetwork 14
01-01 00:00:29.669  4154  4154 E ConnectivityService: Ignoring protectedNetwork 15
01-01 00:00:29.697  4154  4154 I SystemServer: Network Service Discovery Service
01-01 00:00:29.707  4154  4154 D NsdService: Network service discovery enabled true
01-01 00:00:29.710  4154  4154 I SystemServer: UpdateLock Service
01-01 00:00:29.713  4154  4154 I SystemServiceManager: Starting com.android.server.notification.NotificationManagerService
01-01 00:00:29.776  4154  4196 D WifiHW  : Unable to unload driver module "dhd": No such file or directory
01-01 00:00:29.782  4154  4196 D WifiApConfigStore: 2G band allowed channels are:1,6,11
01-01 00:00:29.836  4154  4154 I SystemServiceManager: Starting com.android.server.storage.DeviceStorageMonitorService
01-01 00:00:29.842  4154  4154 I SystemServer: Location Manager
01-01 00:00:29.866  4154  4154 I SystemServer: Country Detector
01-01 00:00:29.869  4154  4154 I SystemServer: Search Service
01-01 00:00:29.874  4154  4154 I SystemServer: DropBox Service
01-01 00:00:29.886  4154  4154 I SystemServer: Wallpaper Service
01-01 00:00:29.906  4154  4154 I SystemServer: Audio Service
01-01 00:00:29.953  3829  4148 D PermissionCache: checking android.permission.MODIFY_AUDIO_SETTINGS for uid=1000 => granted (986 us)
01-01 00:00:29.955  4154  4154 W TelecomManager: Telecom Service not found.
01-01 00:00:29.957  3829  4140 E AudioFlinger: no wake lock to update!
01-01 00:00:29.958  3829  4148 D audio_hw_hdmi: adev_set_mic_mute(0xf49f9400, 0)
01-01 00:00:30.043  4154  4154 I SystemServiceManager: Starting com.android.server.DockObserver
01-01 00:00:30.046  4154  4154 W DockObserver: This kernel does not have dock station support
01-01 00:00:30.047  4154  4154 I SystemServer: Wired Accessory Manager
01-01 00:00:30.054  4154  4154 W WiredAccessoryManager: This kernel does not have usb audio support
01-01 00:00:30.055  4154  4154 I SystemServiceManager: Starting com.android.server.usb.UsbService$Lifecycle
01-01 00:00:30.075  4154  4154 E UsbDeviceManager: failed to write to /sys/class/android_usb/android0/f_rndis/ethaddr
01-01 00:00:30.082  4154  4154 E UsbDeviceManagerJNI: could not open /dev/usb_accessory
01-01 00:00:30.099  4154  4154 I SystemServer: Serial Service
01-01 00:00:30.100  4154  4154 I SystemServiceManager: Starting com.android.server.twilight.TwilightService
01-01 00:00:30.109  4154  4154 I SystemServiceManager: Starting com.android.server.job.JobSchedulerService
