01-01 00:00:30.133  4154  4154 I SystemServiceManager: Starting com.android.server.backup.BackupManagerService$Lifecycle
01-01 00:00:30.164  4154  4154 I SystemServiceManager: Starting com.android.server.appwidget.AppWidgetService
01-01 00:00:30.200  4154  4154 I SystemServer: Gesture Launcher Service
01-01 00:00:30.200  4154  4154 I SystemServiceManager: Starting com.android.server.GestureLauncherService
01-01 00:00:30.201  4154  4154 I SystemServer: DiskStats Service
01-01 00:00:30.202  4154  4154 I SystemServer: SamplingProfiler Service
01-01 00:00:30.211  4154  4154 I SystemServer: NetworkTimeUpdateService
01-01 00:00:30.213  4154  4154 I SystemServer: CommonTimeManagementService
01-01 00:00:30.219  4154  4154 I SystemServer: CertBlacklister
01-01 00:00:30.222  4154  4154 I SystemServiceManager: Starting com.android.server.dreams.DreamManagerService
01-01 00:00:30.232  4154  4154 I SystemServer: Assets Atlas Service
01-01 00:00:30.272  4154  4154 I SystemServiceManager: Starting com.android.server.print.PrintManagerService
01-01 00:00:30.272  4154  4204 D AssetAtlas: Loaded configuration: SliceMinArea (960x2048) flags=0x2 count=360
01-01 00:00:30.283  4154  4154 I SystemServiceManager: Starting com.android.server.restrictions.RestrictionsManagerService
01-01 00:00:30.292  4154  4154 I SystemServiceManager: Starting com.android.server.media.MediaSessionService
01-01 00:00:30.312  4154  4154 I SystemServiceManager: Starting com.android.server.hdmi.HdmiControlService
01-01 00:00:30.340  4154  4154 D CEC     : [open_cec]ro.hdmi.device_type:4
01-01 00:00:30.340  4154  4154 D CEC     : [open_cec]ext control:1, false
01-01 00:00:30.341  4154  4154 D CEC     : [get_boot_connect_status]total port:1, ret:0
01-01 00:00:30.341  4154  4154 D CEC     : [get_boot_connect_status]con_status:0
01-01 00:00:30.341  4154  4206 D CEC     : [cec_rx_loop]start
01-01 00:00:30.341  4154  4206 D CEC     : [cec_rx_loop]file open ok
01-01 00:00:30.341  4154  4154 D CEC     : [cec_register_event_callback]dev:0xef81fe41, callback:0xe1307470, arg:0xe330c500
01-01 00:00:30.342  4154  4154 D CEC     : [cec_set_option]dev:0xe330c500, flag:3, value:1, ret:0, hal_flag:8
01-01 00:00:30.344  4154  4154 D CEC     : [cec_set_option]dev:0xe330c500, flag:5, value:656e67, ret:0, hal_flag:8
01-01 00:00:30.353  4154  4154 D CEC     : [cec_clear_logical_address]dev:0xe330c500, bitmap:8000
01-01 00:00:30.354  4154  4154 D CEC     : [cec_clear_logical_address]dev:0xe330c500, bitmap:8000
01-01 00:00:30.355  4154  4154 I HdmiControlService: Device does not support MHL-control.
01-01 00:00:30.356  4154  4154 D CEC     : [cec_get_port_info]dev:0xe330c500, total port:1
01-01 00:00:30.356  4154  4154 D CEC     : [cec_get_port_info]port 0, type:output, id:1, cec support:1, arc support:0, physical address:ffff
01-01 00:00:30.372  4154  4154 I SystemServer: Media Router Service
01-01 00:00:30.373  4154  4204 D AssetAtlas: Rendered atlas in 85.44ms (73.25+12.20ms)
01-01 00:00:30.377  4154  4154 I SystemServiceManager: Starting com.android.server.trust.TrustManagerService
01-01 00:00:30.390  4154  4154 I SystemServiceManager: Starting com.android.server.fingerprint.FingerprintService
01-01 00:00:30.403  4154  4154 W FingerprintService: fingerprint service not available
01-01 00:00:30.403  4154  4154 V FingerprintService: Fingerprint HAL id: 0
01-01 00:00:30.403  4154  4154 I SystemServer: BackgroundDexOptService
01-01 00:00:30.409  4154  4154 I SystemServiceManager: Starting com.android.server.pm.LauncherAppsService
01-01 00:00:30.415  4154  4154 I SystemServiceManager: Starting com.android.server.media.projection.MediaProjectionManagerService
01-01 00:00:30.439  4154  4154 I WindowManager: SAFE MODE not enabled
01-01 00:00:30.444  4154  4154 I SystemServiceManager: Starting com.android.server.MmsServiceBroker
01-01 00:00:30.483  4154  4154 E LockSettingsStorage: Cannot read file java.io.FileNotFoundException: /data/system/gatekeeper.password.key: open failed: ENOENT (No such file or directory)
01-01 00:00:30.484  4154  4154 E LockSettingsStorage: Cannot read file java.io.FileNotFoundException: /data/system/password.key: open failed: ENOENT (No such file or directory)
01-01 00:00:30.484  4154  4154 E LockSettingsStorage: Cannot read file java.io.FileNotFoundException: /data/system/gatekeeper.pattern.key: open failed: ENOENT (No such file or directory)
01-01 00:00:30.485  4154  4154 E LockSettingsStorage: Cannot read file java.io.FileNotFoundException: /data/system/gatekeeper.gesture.key: open failed: ENOENT (No such file or directory)
01-01 00:00:30.486  4154  4154 E LockSettingsStorage: Cannot read file java.io.FileNotFoundException: /data/system/gesture.key: open failed: ENOENT (No such file or directory)
01-01 00:00:30.486  4154  4154 I SystemServiceManager: Starting phase 480
01-01 00:00:30.486  4154  4154 I SystemServiceManager: Starting phase 500
01-01 00:00:30.489  4154  4154 D BluetoothService: onBootPhase: PHASE_SYSTEM_SERVICES_READY
01-01 00:00:30.501  4154  4154 I WifiService: WifiService starting up with Wi-Fi enabled
01-01 00:00:30.504  4154  4154 D WifiService: setWifiEnabled: true pid=4154, uid=1000
01-01 00:00:30.504  4154  4154 E WifiService: Invoking mWifiStateMachine.setWifiEnabled
01-01 00:00:30.508  4154  4197 D WifiController: WifiController msg { when=-1ms what=155656 target=com.android.internal.util.StateMachine$SmHandler } deferred for 499ms
01-01 00:00:30.517  4154  4197 D WifiService: New client listening to asynchronous messages
01-01 00:00:30.520  4154  4154 I WifiScanningService: Registering wifiscanner
01-01 00:00:30.520  4154  4205 D CEC     : [cec_send_message][4 -> 4]len:0, body:, result:no ack
01-01 00:00:30.534  4154  4154 I RttService: Registering rttmanager
01-01 00:00:30.539  4154  4154 I EthernetServiceImpl: Starting Ethernet service
01-01 00:00:30.544  4154  4154 D Ethernet: Registering NetworkFactory
01-01 00:00:30.545  4154  4198 D ConnectivityService: Got NetworkFactory Messenger for Ethernet
01-01 00:00:30.546  4154  4215 D Ethernet: got request NetworkRequest [ id=1, legacyType=-1, [ Capabilities: INTERNET&NOT_RESTRICTED&TRUSTED&NOT_VPN] ] with score 0
01-01 00:00:30.551  4154  4154 V EthernetNetworkFactory: didn't find a match iface:ip6tnl0
01-01 00:00:30.552  4154  4154 V EthernetNetworkFactory: didn't find a match iface:tunl0
01-01 00:00:30.552  4154  4154 V EthernetNetworkFactory: didn't find a match iface:sit0
01-01 00:00:30.553  4154  4154 V EthernetNetworkFactory: didn't find a match iface:lo
01-01 00:00:30.565  4154  4154 V BackupManagerService: No ancestral data
01-01 00:00:30.700  4154  4205 D CEC     : [cec_send_message][4 -> 4]len:0, body:, result:no ack
01-01 00:00:30.879  4154  4205 D CEC     : [cec_send_message][4 -> 4]len:0, body:, result:no ack
01-01 00:00:30.906  4154  4154 V KeyValueBackupJob: Scheduling k/v pass in 242 minutes
01-01 00:00:30.921  4154  4154 V BackupManagerService: Starting with transport android/com.android.internal.backup.LocalTransport
01-01 00:00:30.921  4154  4154 V BackupManagerService: Found transports: 1
01-01 00:00:30.930  4154  4154 I BackupManagerService: Found stale backup journal, scheduling
01-01 00:00:31.014  4154  4197 D WifiController: DEFERRED_TOGGLE handled
01-01 00:00:31.036  4154  4179 W KeyguardServiceDelegate: onScreenTurningOn(): no keyguard service!
01-01 00:00:31.082  4154  4154 I ActivityManager: System now ready
01-01 00:00:31.096  4154  4154 I SystemServer: Making services ready
01-01 00:00:31.096  4154  4154 I SystemServiceManager: Starting phase 550
01-01 00:00:31.101  4154  4154 W ActivityManager: Unable to start service Intent { act=com.android.ITelecomService cmp=com.android.server.telecom/.components.TelecomService } U=0: not found
01-01 00:00:31.101  4154  4189 D MountService: Thinking about reset, mSystemReady=true, mDaemonConnected=true
01-01 00:00:31.102  4154  4189 D VoldConnector: SND -> {3 volume reset}
01-01 00:00:31.102  4154  4154 D UsbAlsaManager: Adding ALSA device AlsaDevice: [card: 0, device: 2, type: 1]
01-01 00:00:31.103  4154  4154 D UsbAlsaManager: Adding ALSA device AlsaDevice: [card: 0, device: 1, type: 1]
01-01 00:00:31.103  4154  4154 D UsbAlsaManager: Adding ALSA device AlsaDevice: [card: 0, device: 2, type: 2]
01-01 00:00:31.103  4154  4154 D UsbAlsaManager: Adding ALSA device AlsaDevice: [card: 0, device: 0, type: 1]
01-01 00:00:31.103  4154  4190 D VoldConnector: RCV <- {651 emulated 7}
01-01 00:00:31.103  4154  4154 D UsbAlsaManager: Adding ALSA device AlsaDevice: [card: 0, device: 1, type: 2]
01-01 00:00:31.104  4154  4154 D UsbAlsaManager: Adding ALSA device AlsaDevice: [card: 0, device: 0, type: 2]
01-01 00:00:31.104  4154  4190 D VoldConnector: RCV <- {659 emulated}
01-01 00:00:31.105  4154  4190 D VoldConnector: RCV <- {650 emulated 2 "" ""}
01-01 00:00:31.106  4154  4190 D VoldConnector: RCV <- {651 emulated 0}
01-01 00:00:31.107  4154  4190 D VoldConnector: RCV <- {200 3 Command succeeded}
01-01 00:00:31.108  4154  4172 I ActivityManager: Force stopping com.android.providers.media appid=10004 user=-1: vold reset
01-01 00:00:31.109  4154  4189 D VoldConnector: SND -> {4 volume user_added 0 0}
01-01 00:00:31.110  4154  4190 D VoldConnector: RCV <- {200 4 Command succeeded}
01-01 00:00:31.112  4154  4154 W MountService: No primary storage defined yet; hacking together a stub
01-01 00:00:31.115  4154  4154 I SystemServer: WebViewFactory preparation
01-01 00:00:31.122  4154  4174 V MountService: Found primary storage at VolumeInfo{emulated}:
01-01 00:00:31.122  4154  4174 V MountService:     type=EMULATED diskId=null partGuid=null mountFlags=0 mountUserId=-1 
01-01 00:00:31.122  4154  4174 V MountService:     state=UNMOUNTED 
01-01 00:00:31.122  4154  4174 V MountService:     fsType=null fsUuid=null fsLabel=null 
01-01 00:00:31.122  4154  4174 V MountService:     path=null internalPath=null 
01-01 00:00:31.123  4154  4189 D VoldConnector: SND -> {5 volume mount emulated 3 -1}
01-01 00:00:31.125  3761  3811 V vold    : Waiting for FUSE to spin up...
01-01 00:00:31.125  4154  4190 D VoldConnector: RCV <- {651 emulated 1}
01-01 00:00:31.126  4154  4190 D VoldConnector: RCV <- {656 emulated /data/media}
01-01 00:00:31.127  4154  4190 D VoldConnector: RCV <- {655 emulated /storage/emulated}
01-01 00:00:31.140  4154  4172 I Zygote  : Process: zygote socket opened, supported ABIS: armeabi-v7a,armeabi
01-01 00:00:31.152  4154  4172 I ActivityManager: Start proc 4229:android.process.media/u0a4 for broadcast com.android.providers.media/.MtpReceiver
01-01 00:00:31.164  4154  4154 I ActivityManager: Start proc 4234:WebViewLoader-armeabi-v7a/1037 [android.webkit.WebViewFactory$RelroFileCreator] for 
01-01 00:00:31.176  4154  4190 D VoldConnector: RCV <- {651 emulated 2}
01-01 00:00:31.177  4154  4190 D VoldConnector: RCV <- {200 5 Command succeeded}
01-01 00:00:31.180  4154  4154 I ActivityManager: Start proc 4239:com.android.systemui/u0a26 for service com.android.systemui/.SystemUIService
01-01 00:00:31.181  4154  4154 D NetworkManagement: enabling bandwidth control
01-01 00:00:31.194  4154  4172 I ActivityManager: Start proc 4245:com.android.externalstorage/u0a5 for broadcast com.android.externalstorage/.MountReceiver
01-01 00:00:31.243  4229  4229 I art     : Late-enabling JIT
01-01 00:00:31.253  4229  4229 I art     : JIT created with code_cache_capacity=2MB compile_threshold=1000
01-01 00:00:31.263  4234  4234 I art     : Late-enabling JIT
01-01 00:00:31.273  4234  4234 I art     : JIT created with code_cache_capacity=2MB compile_threshold=1000
01-01 00:00:31.296  4234  4234 V WebViewFactory: RelroFileCreator (64bit = false),  32-bit lib: /system/app/webview/webview.apk!/lib/armeabi-v7a/libwebviewchromium.so, 64-bit lib: 
01-01 00:00:31.323  4245  4245 I art     : Late-enabling JIT
01-01 00:00:31.323  4239  4239 I art     : Late-enabling JIT
01-01 00:00:31.334  4239  4239 I art     : JIT created with code_cache_capacity=2MB compile_threshold=1000
01-01 00:00:31.342  4245  4245 I art     : JIT created with code_cache_capacity=2MB compile_threshold=1000
01-01 00:00:31.351  4229  4229 W System  : ClassLoader referenced unknown path: /system/priv-app/MediaProvider/lib/arm
01-01 00:00:31.439  4229  4229 W System  : ClassLoader referenced unknown path: /system/priv-app/DownloadProvider/lib/arm
01-01 00:00:31.455  4234  4234 I art     : System.exit called, status: 0
01-01 00:00:31.455  4234  4234 I AndroidRuntime: VM exiting with result code 0, cleanup skipped.
01-01 00:00:31.485  4239  4239 W System  : ClassLoader referenced unknown path: /system/priv-app/SystemUI/lib/arm
01-01 00:00:31.521  4239  4239 V SystemUIService: Starting SystemUI services.
01-01 00:00:31.576  4245  4245 W System  : ClassLoader referenced unknown path: /system/priv-app/ExternalStorageProvider/lib/arm
01-01 00:00:31.617  4245  4245 D ExternalStorage: After updating volumes, found 1 active roots
01-01 00:00:31.625  4245  4245 D ExternalStorage: After updating volumes, found 1 active roots
01-01 00:00:31.645  4154  4297 I ActivityManager: Start proc 4313:com.android.tv.settings/1000 for broadcast com.android.tv.settings/.device.storage.NewStorageActivity$DiskReceiver
01-01 00:00:31.719  4154  4154 E NetdConnector: NDC Command {2 bandwidth enable} took too long (537ms)
01-01 00:00:31.771  4239  4328 E WVMExtractor: Failed to open libwvm_L1.so: dlopen failed: library "libwvm_L1.so" not found,try libwvm.so
01-01 00:00:31.773  4313  4313 I art     : Late-enabling JIT
01-01 00:00:31.774  3824  4136 I iptables: iptables: No chain/target/match by that name.
01-01 00:00:31.781  3824  4136 I iptables: iptables terminated by exit(1)
01-01 00:00:31.781  3824  4136 E Netd    : exec() res=0, status=256 for /system/bin/iptables -w -F st_penalty_log 
01-01 00:00:31.792  4313  4313 I art     : JIT created with code_cache_capacity=2MB compile_threshold=1000
01-01 00:00:31.792  4239  4328 D WVMExtractorImpl: IsWidevineMedia uri:
01-01 00:00:31.792  4239  4328 D WVMExtractorImpl: IsWidevineMedia 0,bytesRead=8308
01-01 00:00:31.794  4239  4328 I AsfExtractor: SniffAsf 3485
01-01 00:00:31.794  4239  4328 I THDExtractor: not Is mlp for truehd file
01-01 00:00:31.794  4239  4328 I DDPExtractor: not ddp_dolby file
01-01 00:00:31.794  4239  4328 I DtshdExtractor: SniffDcahd 772
01-01 00:00:31.798  3824  4136 I ip6tables: ip6tables: No chain/target/match by that name.
01-01 00:00:31.798  3824  4136 I ip6tables: ip6tables terminated by exit(1)
01-01 00:00:31.798  3824  4136 E Netd    : exec() res=0, status=256 for /system/bin/ip6tables -w -F st_penalty_log 
01-01 00:00:31.818  3824  4136 I iptables: iptables: No chain/target/match by that name.
01-01 00:00:31.824  4239  4328 I AmExtractorSupport: load libamffmpegadapter OK
01-01 00:00:31.824  4239  4328 I AmExtractorSupport: Load ffmpeg sniffer OK
01-01 00:00:31.827  3824  4136 I iptables: iptables terminated by exit(1)
01-01 00:00:31.827  3824  4136 E Netd    : exec() res=0, status=256 for /system/bin/iptables -w -F st_penalty_reject 
01-01 00:00:31.848  3824  4136 I ip6tables: ip6tables: No chain/target/match by that name.
01-01 00:00:31.848  3824  4136 I ip6tables: ip6tables terminated by exit(1)
01-01 00:00:31.849  3824  4136 E Netd    : exec() res=0, status=256 for /system/bin/ip6tables -w -F st_penalty_reject 
01-01 00:00:31.867  3824  4136 I iptables: iptables: No chain/target/match by that name.
01-01 00:00:31.872  3824  4136 I iptables: iptables terminated by exit(1)
01-01 00:00:31.872  4239  4328 E MediaExtractor: Autodetected media content as 'application/ogg' with confidence 0.20 from_ffmpeg=0
01-01 00:00:31.872  3824  4136 E Netd    : exec() res=0, status=256 for /system/bin/iptables -w -F st_clear_caught 
01-01 00:00:31.877  4239  4328 E MediaExtractor: return createAmExExtractor. ret ef7d22d0
01-01 00:00:31.895  3824  4136 I ip6tables: ip6tables: No chain/target/match by that name.
01-01 00:00:31.895  3824  4136 I ip6tables: ip6tables terminated by exit(1)
01-01 00:00:31.896  3824  4136 E Netd    : exec() res=0, status=256 for /system/bin/ip6tables -w -F st_clear_caught 
01-01 00:00:31.916  3824  4136 I iptables: iptables: No chain/target/match by that name.
01-01 00:00:31.916  3824  4136 I iptables: iptables terminated by exit(1)
01-01 00:00:31.916  3824  4136 E Netd    : exec() res=0, status=256 for /system/bin/iptables -w -F st_clear_detect 
01-01 00:00:31.925  3829  4148 I omx_core: OMX_Init 66 gInitCount=1
01-01 00:00:31.925  3829  4148 V AML_all_components: 
01-01 00:00:31.925  3829  4148 V AML_all_components: --------------------------------
01-01 00:00:31.925  3829  4148 V AML_all_components: ARCH = arm
01-01 00:00:31.925  3829  4148 V AML_all_components: author:aml.sh multi-media team
01-01 00:00:31.925  3829  4148 V AML_all_components: branch name:   * jb-mr1-amlogic
01-01 00:00:31.925  3829  4148 V AML_all_components: git version:   b213a219c424e302e749de15d9afb53572b478bb 
01-01 00:00:31.925  3829  4148 V AML_all_components: last changed:  Date: Wed Sep 14 11:40:11 2016 +0800
01-01 00:00:31.925  3829  4148 V AML_all_components: build-time:     Tue Sep 20 10:24:49 CST 2016
01-01 00:00:31.925  3829  4148 V AML_all_components: build-name:     yvonne.chen
01-01 00:00:31.925  3829  4148 V AML_all_components: uncommitted-file-num:1
01-01 00:00:31.925  3829  4148 V AML_all_components: cd /mnt/nfsroot/yvonne.chen/p212
01-01 00:00:31.925  3829  4148 V AML_all_components: hostname droid12-sz
01-01 00:00:31.925  3829  4148 V AML_all_components: --------------------------------
01-01 00:00:31.925  3829  4148 V OmxComponentManagerImpl: loadLibrary:258 Loading OMX library libOmxVideo.so.
01-01 00:00:31.936  3824  4136 I ip6tables: ip6tables: No chain/target/match by that name.
01-01 00:00:31.936  3824  4136 I ip6tables: ip6tables terminated by exit(1)
01-01 00:00:31.936  3824  4136 E Netd    : exec() res=0, status=256 for /system/bin/ip6tables -w -F st_clear_detect 
01-01 00:00:31.946  3829  4148 D omx_video: get avc encode max instance number: 2
01-01 00:00:31.960  3829  4148 I omx_core: Core library has 14 components
01-01 00:00:31.960  3829  4148 E OMXMaster: A component of name 'OMX.google.h264.decoder' already exists, ignoring this one.
01-01 00:00:31.960  3829  4148 E OMXMaster: A component of name 'OMX.google.alac.decoder' already exists, ignoring this one.
01-01 00:00:31.962  3829  4148 D OmxComponentManagerImpl: getEntryByName_2_num=0, componentName:OMX.amlogic.hevc.decoder.awesome
01-01 00:00:31.962  3829  4148 D OmxComponentManagerImpl: have no decoder component
01-01 00:00:31.962  3829  4148 D OmxComponentManagerImpl: amstream_hevc is free
01-01 00:00:31.963  3829  4148 D OmxComponentManagerImpl: ret =0,*pEntry->mRoleNames=video_decoder.hevc
01-01 00:00:31.963  3829  4148 D OmxComponentManagerImpl: amstream_vbuf is free
01-01 00:00:31.963  3829  4148 D OmxComponentManagerImpl: ret =0,*pEntry->mRoleNames=video_decoder.hevc
01-01 00:00:31.966  3824  4136 I iptables: iptables: No chain/target/match by that name.
01-01 00:00:31.973  3824  4136 I iptables: iptables terminated by exit(1)
01-01 00:00:31.973  3824  4136 E Netd    : exec() res=0, status=256 for /system/bin/iptables -w -X st_penalty_log 
01-01 00:00:31.981  4313  4313 W System  : ClassLoader referenced unknown path: /system/priv-app/TvSettings/lib/arm
01-01 00:00:31.990  3824  4136 I ip6tables: ip6tables: No chain/target/match by that name.
01-01 00:00:31.990  3824  4136 I ip6tables: ip6tables terminated by exit(1)
01-01 00:00:31.991  3824  4136 E Netd    : exec() res=0, status=256 for /system/bin/ip6tables -w -X st_penalty_log 
01-01 00:00:32.009  3824  4136 I iptables: iptables: No chain/target/match by that name.
01-01 00:00:32.009  3824  4136 I iptables: iptables terminated by exit(1)
01-01 00:00:32.013  3824  4136 E Netd    : exec() res=0, status=256 for /system/bin/iptables -w -X st_penalty_reject 
01-01 00:00:32.025  4313  4313 E NewStorageActivity: Missing fsUuid, not launching activity.
01-01 00:00:32.033  3824  4136 I ip6tables: ip6tables: No chain/target/match by that name.
01-01 00:00:32.033  3824  4136 I ip6tables: ip6tables terminated by exit(1)
01-01 00:00:32.034  3824  4136 E Netd    : exec() res=0, status=256 for /system/bin/ip6tables -w -X st_penalty_reject 
01-01 00:00:32.036  4154  4173 W WindowManager: Keyguard drawn timeout. Setting mKeyguardDrawComplete
01-01 00:00:32.042  4245  4245 D ExternalStorage: After updating volumes, found 1 active roots
01-01 00:00:32.050  3824  4136 I iptables: iptables: No chain/target/match by that name.
01-01 00:00:32.052  3824  4136 I iptables: iptables terminated by exit(1)
01-01 00:00:32.052  3824  4136 E Netd    : exec() res=0, status=256 for /system/bin/iptables -w -X st_clear_caught 
01-01 00:00:32.069  3824  4136 I ip6tables: ip6tables: No chain/target/match by that name.
01-01 00:00:32.072  3824  4136 I ip6tables: ip6tables terminated by exit(1)
01-01 00:00:32.072  3824  4136 E Netd    : exec() res=0, status=256 for /system/bin/ip6tables -w -X st_clear_caught 
01-01 00:00:32.085  3824  4136 I iptables: iptables: No chain/target/match by that name.
01-01 00:00:32.092  3824  4136 I iptables: iptables terminated by exit(1)
01-01 00:00:32.092  4313  4313 W art     : Method processed more than once: java.lang.String java.io.CharArrayWriter.toString()
01-01 00:00:32.092  4313  4313 D NewStorageActivity: Scanning volume: VolumeInfo{emulated}:
01-01 00:00:32.092  4313  4313 D NewStorageActivity:     type=EMULATED diskId=null partGuid=null mountFlags=PRIMARY|VISIBLE 
01-01 00:00:32.092  4313  4313 D NewStorageActivity:     mountUserId=-1 state=MOUNTED 
01-01 00:00:32.092  4313  4313 D NewStorageActivity:     fsType=null fsUuid=null fsLabel=null 
01-01 00:00:32.092  4313  4313 D NewStorageActivity:     path=/storage/emulated internalPath=/data/media 
01-01 00:00:32.092  3824  4136 E Netd    : exec() res=0, status=256 for /system/bin/iptables -w -X st_clear_detect 
01-01 00:00:32.108  3824  4136 I ip6tables: ip6tables: No chain/target/match by that name.
01-01 00:00:32.112  3824  4136 I ip6tables: ip6tables terminated by exit(1)
01-01 00:00:32.112  3824  4136 E Netd    : exec() res=0, status=256 for /system/bin/ip6tables -w -X st_clear_detect 
01-01 00:00:32.161  3829  4148 D OmxComponentManagerImpl: ionvide is free
01-01 00:00:32.161  3829  4148 D OmxComponentManagerImpl: ready for creat omx decoder component
01-01 00:00:32.161  3829  4148 V AmlogicVideoDecoderAwesome: initializeState_l:841 >
01-01 00:00:32.161  3829  4148 V AmlogicVideoDecoderAwesome: media.omx.latency is not set used def=2.000000
01-01 00:00:32.162  3829  4148 W OmxLogConf: Can not read property media.omx.log_levels, using 0
01-01 00:00:32.162  3829  4148 D OmxComponentManagerImpl: IncreaseEntryNumByName pEntry->mNum=0, pEntry->mMaxNum:1,componentName:OMX.amlogic.hevc.decoder.awesome
01-01 00:00:32.162  3829  4148 I omx_core: OMX_getHandle_num=1
01-01 00:00:32.162  3829  4148 D OmxComponent: mApkName=com.android.systemui
01-01 00:00:32.162  3829  4148 D OmxVideoDecoder: setParameter 544 0x1000017
01-01 00:00:32.162  3829  4148 E OMXNodeInstance: getParameter(1:amlogic.hevc.decoder.awesome, ParamVideoProfileLevelQuerySupported(0x600000f)) ERROR: BadParameter(0x80001005)
01-01 00:00:32.163  3829  4148 D OmxComponent: getExtensionIndex 1091 name="OMX.google.android.index.describeColorFormat"
01-01 00:00:32.163  3829  4148 V OmxVideoDecoder: mUseNativeBuffers 0
01-01 00:00:32.163  3829  4148 D OmxComponent: getExtensionIndex 1091 name="OMX.google.android.index.storeANWBufferInMetadata"
01-01 00:00:32.163  3829  4148 D OmxComponent: getExtensionIndex 1091 name="OMX.google.android.index.storeMetaDataInBuffers"
01-01 00:00:32.163  3829  4148 D OmxVideoDecoder: setParameter 544 0x7f000002
01-01 00:00:32.163  3829  4148 D OmxVideoDecoder: setParameter 851 OMX_IndexAndroidStoreMetadataInBuffers
01-01 00:00:32.163  3829  4148 E OMXNodeInstance: setParameter(1:amlogic.hevc.decoder.awesome, OMX.google.android.index.storeMetaDataInBuffers(0x7f000002): Output:1 en=1 type=1) ERROR: BadPortIndex(0x8000101b)
01-01 00:00:32.163  3829  4148 D OmxComponent: getExtensionIndex 1091 name="OMX.google.android.index.prepareForAdaptivePlayback"
01-01 00:00:32.163  3829  4148 D OmxVideoDecoder: setParameter 544 0x7f000004
01-01 00:00:32.163  3829  4148 D OmxVideoDecoder: setParameter 865 OMX_IndexAndroidPrepareForAdaptivePlayback
01-01 00:00:32.163  3829  4148 D OmxVideoDecoder: AdaptivePlayback: max resolution is 1280 * 720
01-01 00:00:32.163  3829  4148 D OmxComponentManagerImpl: DecreaseEntryNumByName pEntry->mNum=1, pEntry->mMaxNum:1,componentName:OMX.amlogic.hevc.decoder.awesome
01-01 00:00:32.163  3829  4148 I omx_core: OMX_freeHandle_num_=0
01-01 00:00:32.164  3829  4148 D OmxComponentManagerImpl: getEntryByName_2_num=0, componentName:OMX.amlogic.avc.decoder.awesome
01-01 00:00:32.164  3829  4148 D OmxComponentManagerImpl: have no decoder component
01-01 00:00:32.164  3829  4148 D OmxComponentManagerImpl: amstream_hevc is free
01-01 00:00:32.164  3829  4148 D OmxComponentManagerImpl: ret =0,*pEntry->mRoleNames=video_decoder.avc
01-01 00:00:32.164  3829  4148 D OmxComponentManagerImpl: amstream_vbuf is free
01-01 00:00:32.164  3829  4148 D OmxComponentManagerImpl: ret =0,*pEntry->mRoleNames=video_decoder.avc
01-01 00:00:32.322  4239  4239 I vol.Events: writeEvent collection_started
01-01 00:00:32.334  4154  4174 V EthernetNetworkFactory: didn't find a match iface:wlan0
01-01 00:00:32.338  4154  4176 D Tethering: sendTetherStateChangedBroadcast 0, 0, 0
01-01 00:00:32.339  4154  4176 D Tethering: InitialState.processMessage what=4
01-01 00:00:32.352  4154  4176 D Tethering: sendTetherStateChangedBroadcast 0, 0, 0
01-01 00:00:32.361  3829  4148 D OmxComponentManagerImpl: ionvide is free
01-01 00:00:32.361  3829  4148 D OmxComponentManagerImpl: ready for creat omx decoder component
01-01 00:00:32.361  3829  4148 V AmlogicVideoDecoderAwesome: initializeState_l:841 >
01-01 00:00:32.361  3829  4148 V AmlogicVideoDecoderAwesome: media.omx.latency is not set used def=2.000000
01-01 00:00:32.362  3829  4148 W OmxLogConf: Can not read property media.omx.log_levels, using 0
01-01 00:00:32.362  3829  4148 D OmxComponentManagerImpl: IncreaseEntryNumByName pEntry->mNum=0, pEntry->mMaxNum:4,componentName:OMX.amlogic.avc.decoder.awesome
01-01 00:00:32.362  3829  4148 I omx_core: OMX_getHandle_num=1
01-01 00:00:32.362  3829  4148 D OmxComponent: mApkName=com.android.systemui
01-01 00:00:32.362  3829  4148 D OmxVideoDecoder: setParameter 544 0x1000017
01-01 00:00:32.362  3829  4148 E OMXNodeInstance: getParameter(2:amlogic.avc.decoder.awesome, ParamVideoProfileLevelQuerySupported(0x600000f)) ERROR: BadParameter(0x80001005)
01-01 00:00:32.362  3829  4148 D OmxComponent: getExtensionIndex 1091 name="OMX.google.android.index.describeColorFormat"
01-01 00:00:32.362  3829  4148 V OmxVideoDecoder: mUseNativeBuffers 0
01-01 00:00:32.362  3829  4148 D OmxComponent: getExtensionIndex 1091 name="OMX.google.android.index.storeANWBufferInMetadata"
01-01 00:00:32.362  3829  4148 D OmxComponent: getExtensionIndex 1091 name="OMX.google.android.index.storeMetaDataInBuffers"
01-01 00:00:32.362  3829  4148 D OmxVideoDecoder: setParameter 544 0x7f000002
01-01 00:00:32.362  3829  4148 D OmxVideoDecoder: setParameter 851 OMX_IndexAndroidStoreMetadataInBuffers
01-01 00:00:32.362  3829  4148 E OMXNodeInstance: setParameter(2:amlogic.avc.decoder.awesome, OMX.google.android.index.storeMetaDataInBuffers(0x7f000002): Output:1 en=1 type=1) ERROR: BadPortIndex(0x8000101b)
01-01 00:00:32.362  3829  4148 D OmxComponent: getExtensionIndex 1091 name="OMX.google.android.index.prepareForAdaptivePlayback"
01-01 00:00:32.362  3829  4148 D OmxVideoDecoder: setParameter 544 0x7f000004
01-01 00:00:32.362  3829  4148 D OmxVideoDecoder: setParameter 865 OMX_IndexAndroidPrepareForAdaptivePlayback
01-01 00:00:32.362  3829  4148 D OmxVideoDecoder: AdaptivePlayback: max resolution is 1280 * 720
01-01 00:00:32.362  3829  4148 D OmxComponentManagerImpl: DecreaseEntryNumByName pEntry->mNum=1, pEntry->mMaxNum:4,componentName:OMX.amlogic.avc.decoder.awesome
01-01 00:00:32.362  3829  4148 I omx_core: OMX_freeHandle_num_=0
01-01 00:00:32.364  3829  4148 D OmxComponentManagerImpl: getEntryByName_2_num=0, componentName:OMX.amlogic.mpeg4.decoder.awesome
01-01 00:00:32.364  3829  4148 D OmxComponentManagerImpl: have no decoder component
01-01 00:00:32.364  3829  4148 D OmxComponentManagerImpl: amstream_hevc is free
01-01 00:00:32.364  3829  4148 D OmxComponentManagerImpl: ret =0,*pEntry->mRoleNames=video_decoder.mpeg4
01-01 00:00:32.364  3829  4148 D OmxComponentManagerImpl: amstream_vbuf is free
01-01 00:00:32.364  3829  4148 D OmxComponentManagerImpl: ret =0,*pEntry->mRoleNames=video_decoder.mpeg4
01-01 00:00:32.373  4239  4389 I vol.Events: writeEvent external_ringer_mode_changed normal
01-01 00:00:32.373  4239  4389 I vol.Events: writeEvent internal_ringer_mode_changed normal
01-01 00:00:32.422  4154  4196 D WifiHW  : check loading wifi driver is ok...
01-01 00:00:32.422  4154  4196 E WifiHW  : driver loaded
01-01 00:00:32.565  3829  4148 D OmxComponentManagerImpl: ionvide is free
01-01 00:00:32.565  3829  4148 D OmxComponentManagerImpl: ready for creat omx decoder component
01-01 00:00:32.565  3829  4148 V AmlogicVideoDecoderAwesome: initializeState_l:841 >
01-01 00:00:32.565  3829  4148 V AmlogicVideoDecoderAwesome: media.omx.latency is not set used def=2.000000
01-01 00:00:32.565  3829  4148 V AmlogicVideoDecoderAwesome: AmlogicVideoDecoderMpeg4
01-01 00:00:32.565  3829  4148 W OmxLogConf: Can not read property media.omx.log_levels, using 0
01-01 00:00:32.566  3829  4148 D OmxComponentManagerImpl: IncreaseEntryNumByName pEntry->mNum=0, pEntry->mMaxNum:1,componentName:OMX.amlogic.mpeg4.decoder.awesome
01-01 00:00:32.566  3829  4148 I omx_core: OMX_getHandle_num=1
01-01 00:00:32.566  3829  4148 D OmxComponent: mApkName=com.android.systemui
01-01 00:00:32.566  3829  4148 D OmxVideoDecoder: setParameter 544 0x1000017
01-01 00:00:32.566  3829  4148 E OMXNodeInstance: getParameter(3:amlogic.mpeg4.decoder.awesome, ParamVideoProfileLevelQuerySupported(0x600000f)) ERROR: BadParameter(0x80001005)
01-01 00:00:32.566  3829  4148 D OmxComponent: getExtensionIndex 1091 name="OMX.google.android.index.describeColorFormat"
01-01 00:00:32.566  3829  4148 V OmxVideoDecoder: mUseNativeBuffers 0
01-01 00:00:32.566  3829  4148 D OmxComponent: getExtensionIndex 1091 name="OMX.google.android.index.storeANWBufferInMetadata"
01-01 00:00:32.566  3829  4148 D OmxComponent: getExtensionIndex 1091 name="OMX.google.android.index.storeMetaDataInBuffers"
01-01 00:00:32.566  3829  4148 D OmxVideoDecoder: setParameter 544 0x7f000002
01-01 00:00:32.566  3829  4148 D OmxVideoDecoder: setParameter 851 OMX_IndexAndroidStoreMetadataInBuffers
01-01 00:00:32.566  3829  4148 E OMXNodeInstance: setParameter(3:amlogic.mpeg4.decoder.awesome, OMX.google.android.index.storeMetaDataInBuffers(0x7f000002): Output:1 en=1 type=1) ERROR: BadPortIndex(0x8000101b)
01-01 00:00:32.566  3829  4148 D OmxComponent: getExtensionIndex 1091 name="OMX.google.android.index.prepareForAdaptivePlayback"
01-01 00:00:32.566  3829  4148 D OmxVideoDecoder: setParameter 544 0x7f000004
01-01 00:00:32.566  3829  4148 D OmxVideoDecoder: setParameter 865 OMX_IndexAndroidPrepareForAdaptivePlayback
01-01 00:00:32.566  3829  4148 D OmxVideoDecoder: AdaptivePlayback: max resolution is 1280 * 720
01-01 00:00:32.566  3829  4148 D OmxComponentManagerImpl: DecreaseEntryNumByName pEntry->mNum=1, pEntry->mMaxNum:1,componentName:OMX.amlogic.mpeg4.decoder.awesome
01-01 00:00:32.566  3829  4148 I omx_core: OMX_freeHandle_num_=0
01-01 00:00:32.573  3829  4148 D OmxComponentManagerImpl: getEntryByName_2_num=0, componentName:OMX.amlogic.h263.decoder.awesome
01-01 00:00:32.573  3829  4148 D OmxComponentManagerImpl: have no decoder component
01-01 00:00:32.573  3829  4148 D OmxComponentManagerImpl: amstream_hevc is free
01-01 00:00:32.573  3829  4148 D OmxComponentManagerImpl: ret =0,*pEntry->mRoleNames=video_decoder.h263
01-01 00:00:32.573  3829  4148 D OmxComponentManagerImpl: amstream_vbuf is free
01-01 00:00:32.573  3829  4148 D OmxComponentManagerImpl: ret =0,*pEntry->mRoleNames=video_decoder.h263
01-01 00:00:32.690  4154  4154 E NetdConnector: NDC Command {3 strict enable} took too long (969ms)
01-01 00:00:32.690  3824  4136 D SoftapController: Softap fwReload - Ok
01-01 00:00:32.703  3824  4136 D CommandListener: Setting iface cfg
01-01 00:00:32.703  3824  4136 D CommandListener: Trying to bring down wlan0
01-01 00:00:32.707  3824  4136 D CommandListener: Clearing all IP addresses on wlan0
01-01 00:00:32.717  4154  4196 E WifiMonitor: killSupplicant p2ptrue init.svc.wpa_supplicant=unknown init.svc.p2p_supplicant=unknown
01-01 00:00:32.720  4239  4389 I vol.Events: writeEvent level_changed STREAM_ALARM 7
01-01 00:00:32.723  4239  4389 I vol.Events: writeEvent level_changed STREAM_BLUETOOTH_SCO 7
01-01 00:00:32.729  4239  4389 I vol.Events: writeEvent level_changed STREAM_MUSIC 7
01-01 00:00:32.736  4239  4389 I vol.Events: writeEvent level_changed STREAM_RING 7
01-01 00:00:32.738  4239  4389 I vol.Events: writeEvent level_changed STREAM_SYSTEM 7
01-01 00:00:32.749  4239  4389 I vol.Events: writeEvent level_changed STREAM_VOICE_CALL 4
01-01 00:00:32.775  3829  4148 D OmxComponentManagerImpl: ionvide is free
01-01 00:00:32.775  3829  4148 D OmxComponentManagerImpl: ready for creat omx decoder component
01-01 00:00:32.775  3829  4148 V AmlogicVideoDecoderAwesome: initializeState_l:841 >
01-01 00:00:32.775  3829  4148 V AmlogicVideoDecoderAwesome: media.omx.latency is not set used def=2.000000
01-01 00:00:32.775  3829  4148 W OmxLogConf: Can not read property media.omx.log_levels, using 0
01-01 00:00:32.775  3829  4148 D OmxComponentManagerImpl: IncreaseEntryNumByName pEntry->mNum=0, pEntry->mMaxNum:1,componentName:OMX.amlogic.h263.decoder.awesome
01-01 00:00:32.775  3829  4148 I omx_core: OMX_getHandle_num=1
01-01 00:00:32.776  3829  4148 D OmxComponent: mApkName=com.android.systemui
01-01 00:00:32.776  3829  4148 D OmxVideoDecoder: setParameter 544 0x1000017
01-01 00:00:32.776  3829  4148 E OMXNodeInstance: getParameter(4:amlogic.h263.decoder.awesome, ParamVideoProfileLevelQuerySupported(0x600000f)) ERROR: BadParameter(0x80001005)
01-01 00:00:32.776  3829  4148 D OmxComponent: getExtensionIndex 1091 name="OMX.google.android.index.describeColorFormat"
01-01 00:00:32.776  3829  4148 V OmxVideoDecoder: mUseNativeBuffers 0
01-01 00:00:32.776  3829  4148 D OmxComponent: getExtensionIndex 1091 name="OMX.google.android.index.storeANWBufferInMetadata"
01-01 00:00:32.776  3829  4148 D OmxComponent: getExtensionIndex 1091 name="OMX.google.android.index.storeMetaDataInBuffers"
01-01 00:00:32.776  3829  4148 D OmxVideoDecoder: setParameter 544 0x7f000002
01-01 00:00:32.776  3829  4148 D OmxVideoDecoder: setParameter 851 OMX_IndexAndroidStoreMetadataInBuffers
01-01 00:00:32.776  3829  4148 E OMXNodeInstance: setParameter(4:amlogic.h263.decoder.awesome, OMX.google.android.index.storeMetaDataInBuffers(0x7f000002): Output:1 en=1 type=1) ERROR: BadPortIndex(0x8000101b)
01-01 00:00:32.776  3829  4148 D OmxComponent: getExtensionIndex 1091 name="OMX.google.android.index.prepareForAdaptivePlayback"
01-01 00:00:32.776  3829  4148 D OmxVideoDecoder: setParameter 544 0x7f000004
01-01 00:00:32.776  3829  4148 D OmxVideoDecoder: setParameter 865 OMX_IndexAndroidPrepareForAdaptivePlayback
01-01 00:00:32.776  3829  4148 D OmxVideoDecoder: AdaptivePlayback: max resolution is 1280 * 720
01-01 00:00:32.776  3829  4148 D OmxComponentManagerImpl: DecreaseEntryNumByName pEntry->mNum=1, pEntry->mMaxNum:1,componentName:OMX.amlogic.h263.decoder.awesome
01-01 00:00:32.776  3829  4148 I omx_core: OMX_freeHandle_num_=0
01-01 00:00:32.778  3829  4148 D OmxComponentManagerImpl: getEntryByName_2_num=0, componentName:OMX.amlogic.mpeg2.decoder.awesome
01-01 00:00:32.778  3829  4148 D OmxComponentManagerImpl: have no decoder component
01-01 00:00:32.778  3829  4148 D OmxComponentManagerImpl: amstream_hevc is free
01-01 00:00:32.778  3829  4148 D OmxComponentManagerImpl: ret =0,*pEntry->mRoleNames=video_decoder.mpeg2
01-01 00:00:32.778  3829  4148 D OmxComponentManagerImpl: amstream_vbuf is free
01-01 00:00:32.778  3829  4148 D OmxComponentManagerImpl: ret =0,*pEntry->mRoleNames=video_decoder.mpeg2
01-01 00:00:32.799  4239  4239 W art     : Method processed more than once: java.lang.String java.io.CharArrayWriter.toString()
01-01 00:00:32.799  4239  4239 D StorageNotification: Notifying about private volume: VolumeInfo{private}:
01-01 00:00:32.799  4239  4239 D StorageNotification:     type=PRIVATE diskId=null partGuid=null mountFlags=0 mountUserId=-1 
01-01 00:00:32.799  4239  4239 D StorageNotification:     state=MOUNTED 
01-01 00:00:32.799  4239  4239 D StorageNotification:     fsType=null fsUuid=null fsLabel=null 
01-01 00:00:32.799  4239  4239 D StorageNotification:     path=/data internalPath=null 
01-01 00:00:32.917  4154  4154 D PermissionMonitor: Monitoring
01-01 00:00:32.975  3829  4148 D OmxComponentManagerImpl: ionvide is free
01-01 00:00:32.975  3829  4148 D OmxComponentManagerImpl: ready for creat omx decoder component
01-01 00:00:32.975  3829  4148 V AmlogicVideoDecoderAwesome: initializeState_l:841 >
01-01 00:00:32.975  3829  4148 V AmlogicVideoDecoderAwesome: media.omx.latency is not set used def=2.000000
01-01 00:00:32.975  3829  4148 W OmxLogConf: Can not read property media.omx.log_levels, using 0
01-01 00:00:32.975  3829  4148 D OmxComponentManagerImpl: IncreaseEntryNumByName pEntry->mNum=0, pEntry->mMaxNum:1,componentName:OMX.amlogic.mpeg2.decoder.awesome
01-01 00:00:32.975  3829  4148 I omx_core: OMX_getHandle_num=1
01-01 00:00:32.975  3829  4148 D OmxComponent: mApkName=com.android.systemui
01-01 00:00:32.976  3829  4148 D OmxVideoDecoder: setParameter 544 0x1000017
01-01 00:00:32.976  3829  4148 E OMXNodeInstance: getParameter(5:amlogic.mpeg2.decoder.awesome, ParamVideoProfileLevelQuerySupported(0x600000f)) ERROR: BadParameter(0x80001005)
01-01 00:00:32.976  3829  4148 D OmxComponent: getExtensionIndex 1091 name="OMX.google.android.index.describeColorFormat"
01-01 00:00:32.976  3829  4148 V OmxVideoDecoder: mUseNativeBuffers 0
01-01 00:00:32.976  3829  4148 D OmxComponent: getExtensionIndex 1091 name="OMX.google.android.index.storeANWBufferInMetadata"
01-01 00:00:32.976  3829  4148 D OmxComponent: getExtensionIndex 1091 name="OMX.google.android.index.storeMetaDataInBuffers"
01-01 00:00:32.976  3829  4148 D OmxVideoDecoder: setParameter 544 0x7f000002
01-01 00:00:32.976  3829  4148 D OmxVideoDecoder: setParameter 851 OMX_IndexAndroidStoreMetadataInBuffers
01-01 00:00:32.976  3829  4148 E OMXNodeInstance: setParameter(5:amlogic.mpeg2.decoder.awesome, OMX.google.android.index.storeMetaDataInBuffers(0x7f000002): Output:1 en=1 type=1) ERROR: BadPortIndex(0x8000101b)
01-01 00:00:32.976  3829  4148 D OmxComponent: getExtensionIndex 1091 name="OMX.google.android.index.prepareForAdaptivePlayback"
01-01 00:00:32.976  3829  4148 D OmxVideoDecoder: setParameter 544 0x7f000004
01-01 00:00:32.976  3829  4148 D OmxVideoDecoder: setParameter 865 OMX_IndexAndroidPrepareForAdaptivePlayback
01-01 00:00:32.976  3829  4148 D OmxVideoDecoder: AdaptivePlayback: max resolution is 1280 * 720
01-01 00:00:32.976  3829  4148 D OmxComponentManagerImpl: DecreaseEntryNumByName pEntry->mNum=1, pEntry->mMaxNum:1,componentName:OMX.amlogic.mpeg2.decoder.awesome
01-01 00:00:32.976  3829  4148 I omx_core: OMX_freeHandle_num_=0
01-01 00:00:32.977  3829  4148 D OmxComponentManagerImpl: getEntryByName_2_num=0, componentName:OMX.amlogic.vc1.decoder.awesome
01-01 00:00:32.977  3829  4148 D OmxComponentManagerImpl: have no decoder component
01-01 00:00:32.977  3829  4148 D OmxComponentManagerImpl: amstream_hevc is free
01-01 00:00:32.977  3829  4148 D OmxComponentManagerImpl: ret =0,*pEntry->mRoleNames=video_decoder.vc1
01-01 00:00:32.977  3829  4148 D OmxComponentManagerImpl: amstream_vbuf is free
01-01 00:00:32.977  3829  4148 D OmxComponentManagerImpl: ret =0,*pEntry->mRoleNames=video_decoder.vc1
01-01 00:00:33.080  4154  4300 W art     : Long monitor contention event with owner method=android.content.pm.ParceledListSlice com.android.server.pm.PackageManagerService.getInstalledPackages(int, int) from PackageManagerService.java:5284 waiters=0 for 156ms
01-01 00:00:33.085  4154  4154 D PermissionMonitor: Users: 1, Apps: 62
01-01 00:00:33.118  3829  4417 D audio_hw_primary: adev_set_parameters(0xf4bc2000, A2dpSuspended=false)
01-01 00:00:33.118  3829  4417 D audio_hw_hdmi: adev_set_parameters(0xf49f9400, A2dpSuspended=false)
01-01 00:00:33.118  4154  4154 I SystemServiceManager: Starting phase 600
01-01 00:00:33.119  4154  4176 D BluetoothManagerService: Added callback: android.bluetooth.BluetoothAdapter$1@5fc636:true
01-01 00:00:33.137  4154  4154 I BackupManagerService: Backup enabled => false
01-01 00:00:33.146  3829  3829 I AudioFlinger: systemReady
01-01 00:00:33.153  4154  4154 E InputMethodManagerService: Ignoring updateSystemUiLocked due to an invalid token. uid:1000 token:null
01-01 00:00:33.177  3829  4148 D OmxComponentManagerImpl: ionvide is free
01-01 00:00:33.177  3829  4148 D OmxComponentManagerImpl: ready for creat omx decoder component
01-01 00:00:33.177  3829  4148 V AmlogicVideoDecoderAwesome: initializeState_l:841 >
01-01 00:00:33.177  3829  4148 V AmlogicVideoDecoderAwesome: media.omx.latency is not set used def=2.000000
01-01 00:00:33.178  3829  4148 W OmxLogConf: Can not read property media.omx.log_levels, using 0
01-01 00:00:33.178  3829  4148 D OmxComponentManagerImpl: IncreaseEntryNumByName pEntry->mNum=0, pEntry->mMaxNum:1,componentName:OMX.amlogic.vc1.decoder.awesome
01-01 00:00:33.178  3829  4148 I omx_core: OMX_getHandle_num=1
01-01 00:00:33.178  3829  4148 D OmxComponent: mApkName=com.android.systemui
01-01 00:00:33.178  3829  4148 E OMXNodeInstance: getParameter(6:amlogic.vc1.decoder.awesome, ParamVideoProfileLevelQuerySupported(0x600000f)) ERROR: BadParameter(0x80001005)
01-01 00:00:33.178  3829  4148 D OmxComponent: getExtensionIndex 1091 name="OMX.google.android.index.describeColorFormat"
01-01 00:00:33.178  3829  4148 V OmxVideoDecoder: mUseNativeBuffers 0
01-01 00:00:33.178  3829  4148 D OmxComponent: getExtensionIndex 1091 name="OMX.google.android.index.storeANWBufferInMetadata"
01-01 00:00:33.178  3829  4148 D OmxComponent: getExtensionIndex 1091 name="OMX.google.android.index.storeMetaDataInBuffers"
01-01 00:00:33.178  3829  4148 D OmxVideoDecoder: setParameter 544 0x7f000002
01-01 00:00:33.178  3829  4148 D OmxVideoDecoder: setParameter 851 OMX_IndexAndroidStoreMetadataInBuffers
01-01 00:00:33.178  3829  4148 E OMXNodeInstance: setParameter(6:amlogic.vc1.decoder.awesome, OMX.google.android.index.storeMetaDataInBuffers(0x7f000002): Output:1 en=1 type=1) ERROR: BadPortIndex(0x8000101b)
01-01 00:00:33.178  3829  4148 D OmxComponent: getExtensionIndex 1091 name="OMX.google.android.index.prepareForAdaptivePlayback"
01-01 00:00:33.178  3829  4148 D OmxVideoDecoder: setParameter 544 0x7f000004
01-01 00:00:33.178  3829  4148 D OmxVideoDecoder: setParameter 865 OMX_IndexAndroidPrepareForAdaptivePlayback
01-01 00:00:33.178  3829  4148 D OmxVideoDecoder: AdaptivePlayback: max resolution is 1280 * 720
01-01 00:00:33.178  3829  4148 D OmxComponentManagerImpl: DecreaseEntryNumByName pEntry->mNum=1, pEntry->mMaxNum:1,componentName:OMX.amlogic.vc1.decoder.awesome
01-01 00:00:33.178  3829  4148 I omx_core: OMX_freeHandle_num_=0
01-01 00:00:33.184  3829  4148 D OmxComponentManagerImpl: getEntryByName_2_num=0, componentName:OMX.amlogic.wvc1.decoder.awesome
01-01 00:00:33.185  3829  4148 D OmxComponentManagerImpl: have no decoder component
01-01 00:00:33.185  3829  4148 D OmxComponentManagerImpl: amstream_hevc is free
01-01 00:00:33.185  3829  4148 D OmxComponentManagerImpl: ret =0,*pEntry->mRoleNames=video_decoder.wvc1
01-01 00:00:33.185  3829  4148 D OmxComponentManagerImpl: amstream_vbuf is free
01-01 00:00:33.185  3829  4148 D OmxComponentManagerImpl: ret =0,*pEntry->mRoleNames=video_decoder.wvc1
01-01 00:00:33.188  4154  4434 E WVMExtractor: Failed to open libwvm_L1.so: dlopen failed: library "libwvm_L1.so" not found,try libwvm.so
01-01 00:00:33.208  4154  4434 D WVMExtractorImpl: IsWidevineMedia uri:
01-01 00:00:33.208  4154  4434 D WVMExtractorImpl: IsWidevineMedia 0,bytesRead=5136
01-01 00:00:33.210  4154  4434 I AsfExtractor: SniffAsf 3485
01-01 00:00:33.210  4154  4434 I THDExtractor: not Is mlp for truehd file
01-01 00:00:33.210  4154  4434 I DDPExtractor: not ddp_dolby file
01-01 00:00:33.210  4154  4434 I DtshdExtractor: SniffDcahd 772
01-01 00:00:33.217  4154  4434 I AmExtractorSupport: load libamffmpegadapter OK
01-01 00:00:33.217  4154  4434 I AmExtractorSupport: Load ffmpeg sniffer OK
01-01 00:00:33.223  4154  4434 E MediaExtractor: Autodetected media content as 'application/ogg' with confidence 0.20 from_ffmpeg=0
01-01 00:00:33.228  4154  4154 I ActivityManager: Start proc 4438:com.android.inputmethod.latin/u0a42 for service com.android.inputmethod.latin/.LatinIME
01-01 00:00:33.229  4154  4154 V InputMethodManagerService: Adding window token: android.os.Binder@d19036e
01-01 00:00:33.232  4154  4434 E MediaExtractor: return createAmExExtractor. ret ef3d1c50
01-01 00:00:33.264  4154  4154 W ServiceWatcher: com.google.android.gms not found
01-01 00:00:33.282  4154  4154 W ServiceWatcher: com.google.android.gms not found
01-01 00:00:33.289  4154  4154 W LocationManagerService: no network location provider found
01-01 00:00:33.289  4154  4300 I StatusBarManagerService: registerStatusBar bar=com.android.internal.statusbar.IStatusBar$Stub$Proxy@c25d488
01-01 00:00:33.290  4154  4154 W ServiceWatcher: com.google.android.gms not found
01-01 00:00:33.312  4154  4154 W ServiceWatcher: com.google.android.gms not found
01-01 00:00:33.319  4154  4154 E LocationManagerService: no geocoder provider found
01-01 00:00:33.323  4438  4438 I art     : Late-enabling JIT
01-01 00:00:33.326  4154  4154 E FlpHardwareProvider: Error hw_get_module 'flp': -2
01-01 00:00:33.327  4154  4154 E LocationManagerService: FLP HAL not supported
01-01 00:00:33.330  4154  4154 W ServiceWatcher: com.google.android.gms not found
01-01 00:00:33.332  4438  4438 I art     : JIT created with code_cache_capacity=2MB compile_threshold=1000
01-01 00:00:33.340  4154  4154 E LocationManagerService: Unable to bind FLP Geofence proxy.
01-01 00:00:33.343  4154  4154 E ActivityRecognitionHardware: Error hw_get_module: -2
01-01 00:00:33.343  4154  4154 E LocationManagerService: Hardware Activity-Recognition not supported.
01-01 00:00:33.345  4154  4154 W ServiceWatcher: com.google.android.gms not found
01-01 00:00:33.352  4154  4154 E ActivityRecognitionProxy: ServiceWatcher could not start.
01-01 00:00:33.352  4154  4154 E LocationManagerService: Unable to bind ActivityRecognitionProxy.
01-01 00:00:33.363  4154  4154 I CommonTimeManagementService: No common time service detected on this platform.  Common time services will be unavailable.
01-01 00:00:33.366  4154  4188 I InputReader: Reconfiguring input devices.  changes=0x00000020
01-01 00:00:33.366  4154  4154 I MmsServiceBroker: Delay connecting to MmsService until an API is called
01-01 00:00:33.370  4154  4154 D MountService: onStartUser 0
01-01 00:00:33.371  4154  4154 D VoldConnector: SND -> {6 volume user_started 0}
01-01 00:00:33.372  3761  3811 D vold    : Linking /storage/emulated/0 to /mnt/user/0/primary
01-01 00:00:33.373  4154  4190 D VoldConnector: RCV <- {200 6 Command succeeded}
01-01 00:00:33.376  4154  4189 D MountService: Volume emulated broadcasting mounted to UserHandle{0}
01-01 00:00:33.387  4154  4188 I InputReader: Reconfiguring input devices.  changes=0x00000010
01-01 00:00:33.395  3829  4148 D OmxComponentManagerImpl: ionvide is free
01-01 00:00:33.395  3829  4148 D OmxComponentManagerImpl: ready for creat omx decoder component
01-01 00:00:33.396  3829  4148 V AmlogicVideoDecoderAwesome: initializeState_l:841 >
01-01 00:00:33.396  3829  4148 V AmlogicVideoDecoderAwesome: media.omx.latency is not set used def=2.000000
01-01 00:00:33.396  3829  4148 W OmxLogConf: Can not read property media.omx.log_levels, using 0
01-01 00:00:33.396  3829  4148 W OmxVideoDecoder: Unsupported decoder role requested: OMX.amlogic.wvc1.decoder.awesome
01-01 00:00:33.396  3829  4148 D OmxComponentManagerImpl: IncreaseEntryNumByName pEntry->mNum=0, pEntry->mMaxNum:1,componentName:OMX.amlogic.wvc1.decoder.awesome
01-01 00:00:33.396  3829  4148 I omx_core: OMX_getHandle_num=1
01-01 00:00:33.396  3829  4148 D OmxComponent: mApkName=com.android.systemui
01-01 00:00:33.397  3829  4148 E OMXNodeInstance: getParameter(7:amlogic.wvc1.decoder.awesome, ParamVideoProfileLevelQuerySupported(0x600000f)) ERROR: BadParameter(0x80001005)
01-01 00:00:33.397  3829  4148 D OmxComponent: getExtensionIndex 1091 name="OMX.google.android.index.describeColorFormat"
01-01 00:00:33.397  3829  4148 V OmxVideoDecoder: mUseNativeBuffers 0
01-01 00:00:33.397  3829  4148 D OmxComponent: getExtensionIndex 1091 name="OMX.google.android.index.storeANWBufferInMetadata"
01-01 00:00:33.397  3829  4148 D OmxComponent: getExtensionIndex 1091 name="OMX.google.android.index.storeMetaDataInBuffers"
01-01 00:00:33.397  3829  4148 D OmxVideoDecoder: setParameter 544 0x7f000002
01-01 00:00:33.397  3829  4148 D OmxVideoDecoder: setParameter 851 OMX_IndexAndroidStoreMetadataInBuffers
01-01 00:00:33.397  3829  4148 E OMXNodeInstance: setParameter(7:amlogic.wvc1.decoder.awesome, OMX.google.android.index.storeMetaDataInBuffers(0x7f000002): Output:1 en=1 type=1) ERROR: BadPortIndex(0x8000101b)
01-01 00:00:33.397  3829  4148 D OmxComponent: getExtensionIndex 1091 name="OMX.google.android.index.prepareForAdaptivePlayback"
01-01 00:00:33.397  3829  4148 D OmxVideoDecoder: setParameter 544 0x7f000004
01-01 00:00:33.397  3829  4148 D OmxVideoDecoder: setParameter 865 OMX_IndexAndroidPrepareForAdaptivePlayback
