01-01 00:00:33.397  3829  4148 D OmxVideoDecoder: AdaptivePlayback: max resolution is 1280 * 720
01-01 00:00:33.397  3829  4148 D OmxComponentManagerImpl: DecreaseEntryNumByName pEntry->mNum=1, pEntry->mMaxNum:1,componentName:OMX.amlogic.wvc1.decoder.awesome
01-01 00:00:33.397  3829  4148 I omx_core: OMX_freeHandle_num_=0
01-01 00:00:33.402  3829  4148 D OmxComponentManagerImpl: getEntryByName_2_num=0, componentName:OMX.amlogic.wmv3.decoder.awesome
01-01 00:00:33.402  3829  4148 D OmxComponentManagerImpl: have no decoder component
01-01 00:00:33.402  3829  4148 D OmxComponentManagerImpl: amstream_hevc is free
01-01 00:00:33.402  3829  4148 D OmxComponentManagerImpl: ret =0,*pEntry->mRoleNames=video_decoder.wmv
01-01 00:00:33.402  3829  4148 D OmxComponentManagerImpl: amstream_vbuf is free
01-01 00:00:33.402  3829  4148 D OmxComponentManagerImpl: ret =0,*pEntry->mRoleNames=video_decoder.wmv
01-01 00:00:33.404  4154  4154 I ActivityManager: Start proc 4459:com.droidlogic.inputmethod.remote/u0a2 for added application com.droidlogic.inputmethod.remote
01-01 00:00:33.418  4154  4154 I ActivityManager: Start proc 4464:com.rokid.rkengine/u0a29 for added application com.rokid.rkengine
01-01 00:00:33.433  4154  4154 I ActivityManager: Start proc 4469:com.droidlogic.PPPoE/1000 for added application com.droidlogic.PPPoE
01-01 00:00:33.448  4154  4154 I ActivityManager: Start proc 4474:com.rokid.networkstarter/u0a17 for added application com.rokid.networkstarter
01-01 00:00:33.463  4154  4154 I ActivityManager: Start proc 4479:com.rokid.service/u0a18 for added application com.rokid.service
01-01 00:00:33.478  4154  4154 I ActivityManager: Start proc 4484:com.droidlogic.service.remotecontrol/1000 for added application com.droidlogic.service.remotecontrol
01-01 00:00:33.490  4154  4176 E BluetoothManagerService: MESSAGE_TIMEOUT_BIND
01-01 00:00:33.493  4459  4459 I art     : Late-enabling JIT
01-01 00:00:33.502  4459  4459 I art     : JIT created with code_cache_capacity=2MB compile_threshold=1000
01-01 00:00:33.503  4154  4154 I ActivityManager: Start proc 4489:com.rokid.systemui/u0a20 for added application com.rokid.systemui
01-01 00:00:33.513  4464  4464 I art     : Late-enabling JIT
01-01 00:00:33.513  4474  4474 I art     : Late-enabling JIT
01-01 00:00:33.523  4469  4469 I art     : Late-enabling JIT
01-01 00:00:33.524  4474  4474 I art     : JIT created with code_cache_capacity=2MB compile_threshold=1000
01-01 00:00:33.528  4464  4464 I art     : JIT created with code_cache_capacity=2MB compile_threshold=1000
01-01 00:00:33.531  4154  4154 I ActivityManager: Start proc 4503:com.rokid.rkasragent/u0a12 for added application com.rokid.rkasragent
01-01 00:00:33.533  4469  4469 I art     : JIT created with code_cache_capacity=2MB compile_threshold=1000
01-01 00:00:33.553  4479  4479 I art     : Late-enabling JIT
01-01 00:00:33.559  4484  4484 I art     : Late-enabling JIT
01-01 00:00:33.564  4154  4154 I ActivityManager: Start proc 4534:com.rokid.volume/u0a22 for added application com.rokid.volume
01-01 00:00:33.575  4484  4484 I art     : JIT created with code_cache_capacity=2MB compile_threshold=1000
01-01 00:00:33.579  4479  4479 I art     : JIT created with code_cache_capacity=2MB compile_threshold=1000
01-01 00:00:33.598  4154  4154 I ActivityManager: Start proc 4552:com.droidlogic.SubTitleService/1000 for added application com.droidlogic.SubTitleService
01-01 00:00:33.605  3829  4148 D OmxComponentManagerImpl: ionvide is free
01-01 00:00:33.605  3829  4148 D OmxComponentManagerImpl: ready for creat omx decoder component
01-01 00:00:33.605  3829  4148 V AmlogicVideoDecoderAwesome: initializeState_l:841 >
01-01 00:00:33.605  3829  4148 V AmlogicVideoDecoderAwesome: media.omx.latency is not set used def=2.000000
01-01 00:00:33.605  3829  4148 W OmxLogConf: Can not read property media.omx.log_levels, using 0
01-01 00:00:33.606  3829  4148 D OmxComponentManagerImpl: IncreaseEntryNumByName pEntry->mNum=0, pEntry->mMaxNum:1,componentName:OMX.amlogic.wmv3.decoder.awesome
01-01 00:00:33.606  3829  4148 I omx_core: OMX_getHandle_num=1
01-01 00:00:33.606  3829  4148 D OmxComponent: mApkName=com.android.systemui
01-01 00:00:33.606  3829  4148 E OMXNodeInstance: getParameter(8:amlogic.wmv3.decoder.awesome, ParamVideoProfileLevelQuerySupported(0x600000f)) ERROR: BadParameter(0x80001005)
01-01 00:00:33.606  3829  4148 D OmxComponent: getExtensionIndex 1091 name="OMX.google.android.index.describeColorFormat"
01-01 00:00:33.606  3829  4148 V OmxVideoDecoder: mUseNativeBuffers 0
01-01 00:00:33.606  3829  4148 D OmxComponent: getExtensionIndex 1091 name="OMX.google.android.index.storeANWBufferInMetadata"
01-01 00:00:33.606  3829  4148 D OmxComponent: getExtensionIndex 1091 name="OMX.google.android.index.storeMetaDataInBuffers"
01-01 00:00:33.606  3829  4148 D OmxVideoDecoder: setParameter 544 0x7f000002
01-01 00:00:33.606  3829  4148 D OmxVideoDecoder: setParameter 851 OMX_IndexAndroidStoreMetadataInBuffers
01-01 00:00:33.606  3829  4148 E OMXNodeInstance: setParameter(8:amlogic.wmv3.decoder.awesome, OMX.google.android.index.storeMetaDataInBuffers(0x7f000002): Output:1 en=1 type=1) ERROR: BadPortIndex(0x8000101b)
01-01 00:00:33.606  3829  4148 D OmxComponent: getExtensionIndex 1091 name="OMX.google.android.index.prepareForAdaptivePlayback"
01-01 00:00:33.606  3829  4148 D OmxVideoDecoder: setParameter 544 0x7f000004
01-01 00:00:33.606  3829  4148 D OmxVideoDecoder: setParameter 865 OMX_IndexAndroidPrepareForAdaptivePlayback
01-01 00:00:33.606  3829  4148 D OmxVideoDecoder: AdaptivePlayback: max resolution is 1280 * 720
01-01 00:00:33.606  3829  4148 D OmxComponentManagerImpl: DecreaseEntryNumByName pEntry->mNum=1, pEntry->mMaxNum:1,componentName:OMX.amlogic.wmv3.decoder.awesome
01-01 00:00:33.606  3829  4148 I omx_core: OMX_freeHandle_num_=0
01-01 00:00:33.613  4489  4489 I art     : Late-enabling JIT
01-01 00:00:33.613  3829  4148 D OmxComponentManagerImpl: getEntryByName_2_num=0, componentName:OMX.amlogic.mjpeg.decoder.awesome
01-01 00:00:33.613  3829  4148 D OmxComponentManagerImpl: have no decoder component
01-01 00:00:33.613  3829  4148 D OmxComponentManagerImpl: amstream_hevc is free
01-01 00:00:33.613  3829  4148 D OmxComponentManagerImpl: ret =0,*pEntry->mRoleNames=video_decoder.mjpeg
01-01 00:00:33.613  3829  4148 D OmxComponentManagerImpl: amstream_vbuf is free
01-01 00:00:33.613  3829  4148 D OmxComponentManagerImpl: ret =0,*pEntry->mRoleNames=video_decoder.mjpeg
01-01 00:00:33.625  4154  4154 I ActivityManager: Start proc 4564:com.droidlogic.dig/1000 for added application com.droidlogic.dig
01-01 00:00:33.626  4489  4489 I art     : JIT created with code_cache_capacity=2MB compile_threshold=1000
01-01 00:00:33.644  4503  4503 I art     : Late-enabling JIT
01-01 00:00:33.658  4154  4154 I ActivityManager: Start proc 4584:com.rokid.service.rkbatterymanager/u0a13 for added application com.rokid.service.rkbatterymanager
01-01 00:00:33.667  4503  4503 I art     : JIT created with code_cache_capacity=2MB compile_threshold=1000
01-01 00:00:33.684  4534  4534 I art     : Late-enabling JIT
01-01 00:00:33.685  4154  4154 I ActivityManager: Start proc 4590:com.rokid.connection/u0a14 for added application com.rokid.connection
01-01 00:00:33.708  4534  4534 I art     : JIT created with code_cache_capacity=2MB compile_threshold=1000
01-01 00:00:33.710  4154  4154 I ActivityManager: Start proc 4599:com.rokid.launcher/u0a15 for added application com.rokid.launcher
01-01 00:00:33.723  4552  4552 I art     : Late-enabling JIT
01-01 00:00:33.729  4154  4154 I ActivityManager: Start proc 4617:com.rokid.appchannel/u0a23 for added application com.rokid.appchannel
01-01 00:00:33.742  4552  4552 I art     : JIT created with code_cache_capacity=2MB compile_threshold=1000
01-01 00:00:33.761  4154  4154 I ActivityManager: Start proc 4625:com.rokid.server.rkupdate/u0a21 for added application com.rokid.server.rkupdate
01-01 00:00:33.791  4154  4154 I ActivityManager: Start proc 4640:com.rokid.light/u0a16 for added application com.rokid.light
01-01 00:00:33.793  4564  4564 I art     : Late-enabling JIT
01-01 00:00:33.794  4584  4584 I art     : Late-enabling JIT
01-01 00:00:33.801  4154  4154 I ActivityManager: START u0 {act=android.intent.action.MAIN cat=[android.intent.category.HOME] flg=0x10000000 cmp=com.rokid.launcher/.PortalActivity} from uid 0 on display 0
01-01 00:00:33.809  4564  4564 I art     : JIT created with code_cache_capacity=2MB compile_threshold=1000
01-01 00:00:33.809  4584  4584 I art     : JIT created with code_cache_capacity=2MB compile_threshold=1000
01-01 00:00:33.811  3829  4148 D OmxComponentManagerImpl: ionvide is free
01-01 00:00:33.811  3829  4148 D OmxComponentManagerImpl: ready for creat omx decoder component
01-01 00:00:33.811  3829  4148 V AmlogicVideoDecoderAwesome: initializeState_l:841 >
01-01 00:00:33.811  3829  4148 V AmlogicVideoDecoderAwesome: media.omx.latency is not set used def=2.000000
01-01 00:00:33.811  3829  4148 W OmxLogConf: Can not read property media.omx.log_levels, using 0
01-01 00:00:33.812  3829  4148 D OmxComponentManagerImpl: IncreaseEntryNumByName pEntry->mNum=0, pEntry->mMaxNum:1,componentName:OMX.amlogic.mjpeg.decoder.awesome
01-01 00:00:33.812  3829  4148 I omx_core: OMX_getHandle_num=1
01-01 00:00:33.812  3829  4148 D OmxComponent: mApkName=com.android.systemui
01-01 00:00:33.812  3829  4148 E OMXNodeInstance: getParameter(9:amlogic.mjpeg.decoder.awesome, ParamVideoProfileLevelQuerySupported(0x600000f)) ERROR: BadParameter(0x80001005)
01-01 00:00:33.812  3829  4148 D OmxComponent: getExtensionIndex 1091 name="OMX.google.android.index.describeColorFormat"
01-01 00:00:33.812  3829  4148 V OmxVideoDecoder: mUseNativeBuffers 0
01-01 00:00:33.812  3829  4148 D OmxComponent: getExtensionIndex 1091 name="OMX.google.android.index.storeANWBufferInMetadata"
01-01 00:00:33.812  3829  4148 D OmxComponent: getExtensionIndex 1091 name="OMX.google.android.index.storeMetaDataInBuffers"
01-01 00:00:33.812  3829  4148 D OmxVideoDecoder: setParameter 544 0x7f000002
01-01 00:00:33.812  3829  4148 D OmxVideoDecoder: setParameter 851 OMX_IndexAndroidStoreMetadataInBuffers
01-01 00:00:33.812  3829  4148 E OMXNodeInstance: setParameter(9:amlogic.mjpeg.decoder.awesome, OMX.google.android.index.storeMetaDataInBuffers(0x7f000002): Output:1 en=1 type=1) ERROR: BadPortIndex(0x8000101b)
01-01 00:00:33.812  3829  4148 D OmxComponent: getExtensionIndex 1091 name="OMX.google.android.index.prepareForAdaptivePlayback"
01-01 00:00:33.812  3829  4148 D OmxVideoDecoder: setParameter 544 0x7f000004
01-01 00:00:33.812  3829  4148 D OmxVideoDecoder: setParameter 865 OMX_IndexAndroidPrepareForAdaptivePlayback
01-01 00:00:33.812  3829  4148 D OmxVideoDecoder: AdaptivePlayback: max resolution is 1280 * 720
01-01 00:00:33.812  3829  4148 D OmxComponentManagerImpl: DecreaseEntryNumByName pEntry->mNum=1, pEntry->mMaxNum:1,componentName:OMX.amlogic.mjpeg.decoder.awesome
01-01 00:00:33.812  3829  4148 I omx_core: OMX_freeHandle_num_=0
01-01 00:00:33.813  3829  4148 D OmxComponentManagerImpl: getEntryByName_2_num=0, componentName:OMX.amlogic.vp9.decoder.awesome
01-01 00:00:33.813  3829  4148 D OmxComponentManagerImpl: have no decoder component
01-01 00:00:33.813  3829  4148 D OmxComponentManagerImpl: amstream_hevc is free
01-01 00:00:33.813  3829  4148 D OmxComponentManagerImpl: ret =0,*pEntry->mRoleNames=video_decoder.vp9
01-01 00:00:33.814  3829  4148 D OmxComponentManagerImpl: amstream_vbuf is free
01-01 00:00:33.814  3829  4148 D OmxComponentManagerImpl: ret =0,*pEntry->mRoleNames=video_decoder.vp9
01-01 00:00:33.835  4617  4617 I art     : Late-enabling JIT
01-01 00:00:33.847  4590  4590 I art     : Late-enabling JIT
01-01 00:00:33.848  4599  4599 I art     : Late-enabling JIT
01-01 00:00:33.851  4617  4617 I art     : JIT created with code_cache_capacity=2MB compile_threshold=1000
01-01 00:00:33.860  4599  4599 I art     : JIT created with code_cache_capacity=2MB compile_threshold=1000
01-01 00:00:33.867  4154  4173 W art     : Long monitor contention event with owner method=void com.android.server.am.ActivityManagerService.systemReady(java.lang.Runnable) from ActivityManagerService.java:11889 waiters=0 for 482ms
01-01 00:00:33.868  4154  4172 W art     : Long monitor contention event with owner method=void com.android.server.am.ActivityManagerService.systemReady(java.lang.Runnable) from ActivityManagerService.java:11889 waiters=4 for 369ms
01-01 00:00:33.870  4590  4590 I art     : JIT created with code_cache_capacity=2MB compile_threshold=1000
01-01 00:00:33.870  4154  4169 W art     : Long monitor contention event with owner method=void com.android.server.am.ActivityManagerService.systemReady(java.lang.Runnable) from ActivityManagerService.java:11889 waiters=2 for 477ms
01-01 00:00:33.871  4154  4171 W art     : Long monitor contention event with owner method=void com.android.server.am.ActivityManagerService.systemReady(java.lang.Runnable) from ActivityManagerService.java:11889 waiters=3 for 453ms
01-01 00:00:33.871  4154  4297 W art     : Long monitor contention event with owner method=void com.android.server.am.ActivityManagerService.systemReady(java.lang.Runnable) from ActivityManagerService.java:11889 waiters=1 for 482ms
01-01 00:00:33.879  4154  4154 I Rokid Sys Serv: rokid system server on load
01-01 00:00:33.883  4640  4640 I art     : Late-enabling JIT
01-01 00:00:33.886  4154  4300 W art     : Long monitor contention event with owner method=void com.android.server.am.ActivityManagerService.systemReady(java.lang.Runnable) from ActivityManagerService.java:11889 waiters=6 for 289ms
01-01 00:00:33.891  4154  4154 I Rokid Sys Serv: 
01-01 00:00:33.891  4154  4154 I Rokid Sys Serv: ###############
01-01 00:00:33.891  4154  4154 I Rokid Sys Serv: # rokid world #
01-01 00:00:33.891  4154  4154 I Rokid Sys Serv: ###############
01-01 00:00:33.902  3816  3816 E SELinux : avc:  denied  { add } for service=rk_event_bus scontext=u:r:system_server:s0 tcontext=u:object_r:default_android_service:s0 tclass=service_manager
01-01 00:00:33.913  4625  4625 I art     : Late-enabling JIT
01-01 00:00:33.925  4640  4640 I art     : JIT created with code_cache_capacity=2MB compile_threshold=1000
01-01 00:00:33.944  4625  4625 I art     : JIT created with code_cache_capacity=2MB compile_threshold=1000
01-01 00:00:33.979  4154  4581 W art     : Long monitor contention event with owner method=void com.android.server.am.ActivityManagerService.systemReady(java.lang.Runnable) from ActivityManagerService.java:11889 waiters=10 for 306ms
01-01 00:00:33.992  4154  4595 W art     : Long monitor contention event with owner method=void com.android.server.am.ActivityManagerService.systemReady(java.lang.Runnable) from ActivityManagerService.java:11889 waiters=11 for 285ms
01-01 00:00:34.004  3816  3816 E SELinux : avc:  denied  { find } for service=rk_event_bus scontext=u:r:system_server:s0 tcontext=u:object_r:default_android_service:s0 tclass=service_manager
01-01 00:00:34.011  3829  4148 D OmxComponentManagerImpl: ionvide is free
01-01 00:00:34.011  3829  4148 D OmxComponentManagerImpl: ready for creat omx decoder component
01-01 00:00:34.011  3829  4148 V AmlogicVideoDecoderAwesome: initializeState_l:841 >
01-01 00:00:34.011  3829  4148 V AmlogicVideoDecoderAwesome: media.omx.latency is not set used def=2.000000
01-01 00:00:34.011  3829  4148 D AmlogicVideoDecoderAwesome: AmlogicVideoDecoderVp9 Ctor
01-01 00:00:34.012  3829  4148 W OmxLogConf: Can not read property media.omx.log_levels, using 0
01-01 00:00:34.012  3829  4148 D OmxComponentManagerImpl: IncreaseEntryNumByName pEntry->mNum=0, pEntry->mMaxNum:1,componentName:OMX.amlogic.vp9.decoder.awesome
01-01 00:00:34.012  3829  4148 I omx_core: OMX_getHandle_num=1
01-01 00:00:34.012  3829  4148 D OmxComponent: mApkName=com.android.systemui
01-01 00:00:34.012  3829  4148 D OmxVideoDecoder: setParameter 544 0x1000017
01-01 00:00:34.012  3829  4148 E OMXNodeInstance: getParameter(a:amlogic.vp9.decoder.awesome, ParamVideoProfileLevelQuerySupported(0x600000f)) ERROR: BadParameter(0x80001005)
01-01 00:00:34.012  3829  4148 D OmxComponent: getExtensionIndex 1091 name="OMX.google.android.index.describeColorFormat"
01-01 00:00:34.012  3829  4148 V OmxVideoDecoder: mUseNativeBuffers 0
01-01 00:00:34.012  3829  4148 D OmxComponent: getExtensionIndex 1091 name="OMX.google.android.index.storeANWBufferInMetadata"
01-01 00:00:34.012  3829  4148 D OmxComponent: getExtensionIndex 1091 name="OMX.google.android.index.storeMetaDataInBuffers"
01-01 00:00:34.012  3829  4148 D OmxVideoDecoder: setParameter 544 0x7f000002
01-01 00:00:34.012  3829  4148 D OmxVideoDecoder: setParameter 851 OMX_IndexAndroidStoreMetadataInBuffers
01-01 00:00:34.012  3829  4148 E OMXNodeInstance: setParameter(a:amlogic.vp9.decoder.awesome, OMX.google.android.index.storeMetaDataInBuffers(0x7f000002): Output:1 en=1 type=1) ERROR: BadPortIndex(0x8000101b)
01-01 00:00:34.012  3829  4148 D OmxComponent: getExtensionIndex 1091 name="OMX.google.android.index.prepareForAdaptivePlayback"
01-01 00:00:34.012  3829  4148 D OmxVideoDecoder: setParameter 544 0x7f000004
01-01 00:00:34.012  3829  4148 D OmxVideoDecoder: setParameter 865 OMX_IndexAndroidPrepareForAdaptivePlayback
01-01 00:00:34.012  3829  4148 D OmxVideoDecoder: AdaptivePlayback: max resolution is 1280 * 720
01-01 00:00:34.012  3829  4148 D OmxComponentManagerImpl: DecreaseEntryNumByName pEntry->mNum=1, pEntry->mMaxNum:1,componentName:OMX.amlogic.vp9.decoder.awesome
01-01 00:00:34.012  3829  4148 I omx_core: OMX_freeHandle_num_=0
01-01 00:00:34.012  3829  4148 D AmlogicVideoDecoderAwesome: AmlogicVideoDecoderVp9 Dtor
01-01 00:00:34.024  4154  4623 W art     : Long monitor contention event with owner method=void com.android.server.am.ActivityManagerService.systemReady(java.lang.Runnable) from ActivityManagerService.java:11889 waiters=12 for 266ms
01-01 00:00:34.051  4154  4636 W art     : Long monitor contention event with owner method=void com.android.server.am.ActivityManagerService.systemReady(java.lang.Runnable) from ActivityManagerService.java:11889 waiters=14 for 219ms
01-01 00:00:34.055  3829  4148 I SoftADIF: SoftAAC::initDecoder
01-01 00:00:34.055  3829  4148 I SoftADIF: NeAACDecCapabilities=31
01-01 00:00:34.062  3829  4148 I SoftLATM: AACDecCapabilities = 31
01-01 00:00:34.062  4154  4172 W art     : Long monitor contention event with owner method=void com.android.server.am.ActivityManagerService.attachApplication(android.app.IApplicationThread) from ActivityManagerService.java:6274 waiters=12 for 194ms
01-01 00:00:34.066  4154  4171 W art     : Long monitor contention event with owner method=void com.android.server.am.ActivityManagerService.attachApplication(android.app.IApplicationThread) from ActivityManagerService.java:6274 waiters=12 for 195ms
01-01 00:00:34.068  4154  4171 W ActivityManager: Unable to start service Intent { cmp=com.android.printspooler/.model.PrintSpoolerService } U=0: not found
01-01 00:00:34.072  3829  4148 I SoftADTS: AACDecCapabilities = 31
01-01 00:00:34.098  3829  4148 I SoftAlac: createSoftOMXComponent 318 vendor/amlogic/frameworks/av/codecs/alac/SoftAlac.cpp
01-01 00:00:34.101  3829  4148 I SoftWmastd: createSoftOMXComponent 344 
01-01 00:00:34.102  3829  4148 I SoftWmastd: SoftWmastd 28
01-01 00:00:34.102  3829  4148 I SoftWmastd: initPorts 44
01-01 00:00:34.130  3829  4148 I SoftWmapro: createSoftOMXComponent 324
01-01 00:00:34.130  3829  4148 I SoftWmapro: SoftWmapro 29 
01-01 00:00:34.130  3829  4148 I SoftWmapro: initPorts 45
01-01 00:00:34.135  3829  4148 I SoftApe : createSoftOMXComponent 296 
01-01 00:00:34.135  3829  4148 I SoftApe : SoftApe 27
01-01 00:00:34.135  3829  4148 I SoftApe : initPorts 49
01-01 00:00:34.139  3829  4148 I SoftTHD : THD version:Version:2.1.0.669e6e96
01-01 00:00:34.139  3829  4148 I SoftTHD : THD git version:669e6e96da510071ddfbdefc914cd6075c864bc0
01-01 00:00:34.139  3829  4148 I SoftTHD : THD version serial:2010000669e6e96
01-01 00:00:34.139  3829  4148 I SoftTHD : THD Last Changed:Date: Mon Jul 20 19:44:01 2015 +0800
01-01 00:00:34.139  3829  4148 I SoftTHD : THD Last Build: Mon Jul 20 19:44:14 CST 2015
01-01 00:00:34.139  3829  4148 I SoftTHD : THD Builer Name:Amlogic SH multi-media team
01-01 00:00:34.141  4239  4239 V StatusBar: userId 0 is in the house
01-01 00:00:34.145  3829  4148 I AmFFmpegCodec: CreateCodec for codecMime : audio/ffmpeg
01-01 00:00:34.145  3829  4148 I AmFFmpegCodec: NOTE: audio using soft decoder
01-01 00:00:34.145  3829  4148 I AmFFmpegCodec: CreateCodec: new AmAudioCodec
01-01 00:00:34.173  3829  4148 W OMXNodeInstance: [1e:google.mpeg4.decoder] component does not support metadata mode; using fallback
01-01 00:00:34.180  4459  4459 W System  : ClassLoader referenced unknown path: /system/app/RemoteIME/lib/arm
01-01 00:00:34.182  3829  4148 W OMXNodeInstance: [1f:google.h263.decoder] component does not support metadata mode; using fallback
01-01 00:00:34.195  3829  4148 W OMXNodeInstance: [20:google.h264.decoder] component does not support metadata mode; using fallback
01-01 00:00:34.209  4464  4464 W System  : ClassLoader referenced unknown path: /system/priv-app/appengine/lib/arm
01-01 00:00:34.212  4469  4469 W System  : ClassLoader referenced unknown path: /system/app/PPPoE/lib/arm
01-01 00:00:34.214  3829  4148 I AmSoftDec: get mimetype : video/x-vnd.on2.vp8
01-01 00:00:34.214  3829  4148 I AmFFmpegCodec: CreateCodec for codecMime : video/x-vnd.on2.vp8
01-01 00:00:34.214  3829  4148 W OMXNodeInstance: [21:google.vp8.decoder] component does not support metadata mode; using fallback
01-01 00:00:34.214  3829  4148 E OMXNodeInstance: getExtensionIndex(21:google.vp8.decoder, OMX.google.android.index.prepareForAdaptivePlayback) ERROR: UnsupportedIndex(0x8000101a)
01-01 00:00:34.218  4474  4474 W System  : ClassLoader referenced unknown path: /system/priv-app/RKNetworkStarter/lib/arm
01-01 00:00:34.224  3829  4148 W OMXNodeInstance: [22:google.vp9.decoder] component does not support metadata mode; using fallback
01-01 00:00:34.236  3829  4148 I AmSoftDec: get mimetype : video/x-vnd.on2.vp6
01-01 00:00:34.236  3829  4148 I AmFFmpegCodec: CreateCodec for codecMime : video/x-vnd.on2.vp6
01-01 00:00:34.236  3829  4148 W OMXNodeInstance: [23:google.vp6.decoder] component does not support metadata mode; using fallback
01-01 00:00:34.236  3829  4148 E OMXNodeInstance: getExtensionIndex(23:google.vp6.decoder, OMX.google.android.index.prepareForAdaptivePlayback) ERROR: UnsupportedIndex(0x8000101a)
01-01 00:00:34.239  4154  4154 D LegacySLManager: ctor
01-01 00:00:34.249  3829  4148 I AmSoftDec: get mimetype : video/x-vnd.on2.vp6a
01-01 00:00:34.249  3829  4148 I AmFFmpegCodec: CreateCodec for codecMime : video/x-vnd.on2.vp6a
01-01 00:00:34.249  3829  4148 W OMXNodeInstance: [24:google.vp6a.decoder] component does not support metadata mode; using fallback
01-01 00:00:34.249  3829  4148 E OMXNodeInstance: getExtensionIndex(24:google.vp6a.decoder, OMX.google.android.index.prepareForAdaptivePlayback) ERROR: UnsupportedIndex(0x8000101a)
01-01 00:00:34.253  3829  4148 I AmSoftDec: get mimetype : video/x-vnd.on2.vp6f
01-01 00:00:34.253  3829  4148 I AmFFmpegCodec: CreateCodec for codecMime : video/x-vnd.on2.vp6f
01-01 00:00:34.254  3829  4148 W OMXNodeInstance: [25:google.vp6f.decoder] component does not support metadata mode; using fallback
01-01 00:00:34.254  3829  4148 E OMXNodeInstance: getExtensionIndex(25:google.vp6f.decoder, OMX.google.android.index.prepareForAdaptivePlayback) ERROR: UnsupportedIndex(0x8000101a)
01-01 00:00:34.258  3829  4148 I AmSoftDec: get mimetype : video/rm10
01-01 00:00:34.258  3829  4148 I AmFFmpegCodec: CreateCodec for codecMime : video/rm10
01-01 00:00:34.258  3829  4148 W OMXNodeInstance: [26:google.rm10.decoder] component does not support metadata mode; using fallback
01-01 00:00:34.258  3829  4148 E OMXNodeInstance: getExtensionIndex(26:google.rm10.decoder, OMX.google.android.index.prepareForAdaptivePlayback) ERROR: UnsupportedIndex(0x8000101a)
01-01 00:00:34.262  4154  4154 I WindowManager: register window manager callback
01-01 00:00:34.267  3829  4148 I AmSoftDec: get mimetype : video/rm20
01-01 00:00:34.267  3829  4148 I AmFFmpegCodec: CreateCodec for codecMime : video/rm20
01-01 00:00:34.267  3829  4148 W OMXNodeInstance: [27:google.rm20.decoder] component does not support metadata mode; using fallback
01-01 00:00:34.267  3829  4148 E OMXNodeInstance: getExtensionIndex(27:google.rm20.decoder, OMX.google.android.index.prepareForAdaptivePlayback) ERROR: UnsupportedIndex(0x8000101a)
01-01 00:00:34.271  3829  4148 I AmSoftDec: get mimetype : video/rm40
01-01 00:00:34.271  3829  4148 I AmFFmpegCodec: CreateCodec for codecMime : video/rm40
01-01 00:00:34.271  3829  4148 W OMXNodeInstance: [28:google.rm40.decoder] component does not support metadata mode; using fallback
01-01 00:00:34.271  3829  4148 E OMXNodeInstance: getExtensionIndex(28:google.rm40.decoder, OMX.google.android.index.prepareForAdaptivePlayback) ERROR: UnsupportedIndex(0x8000101a)
01-01 00:00:34.276  4154  4154 E RuntimeService: RuntimeService  created android.app.ContextImpl@b556530
01-01 00:00:34.277  3829  4148 I AmSoftDec: get mimetype : video/wmv2
01-01 00:00:34.277  3829  4148 I AmFFmpegCodec: CreateCodec for codecMime : video/wmv2
01-01 00:00:34.277  3829  4148 W OMXNodeInstance: [29:google.wmv2.decoder] component does not support metadata mode; using fallback
01-01 00:00:34.277  3829  4148 E OMXNodeInstance: getExtensionIndex(29:google.wmv2.decoder, OMX.google.android.index.prepareForAdaptivePlayback) ERROR: UnsupportedIndex(0x8000101a)
01-01 00:00:34.282  3829  4148 I AmSoftDec: get mimetype : video/wmv1
01-01 00:00:34.282  3829  4148 I AmFFmpegCodec: CreateCodec for codecMime : video/wmv1
01-01 00:00:34.282  3829  4148 W OMXNodeInstance: [2a:google.wmv1.decoder] component does not support metadata mode; using fallback
01-01 00:00:34.282  3829  4148 E OMXNodeInstance: getExtensionIndex(2a:google.wmv1.decoder, OMX.google.android.index.prepareForAdaptivePlayback) ERROR: UnsupportedIndex(0x8000101a)
01-01 00:00:34.286  3829  4148 I SoftDPT : DPT version:Version:2.1.0.e6d41186
01-01 00:00:34.286  3829  4148 I SoftDPT : DPT git version:e6d41186484b2ed4699b0b2586827ba6bebc8df5-with-1-dirty-files
01-01 00:00:34.286  3829  4148 I SoftDPT : DPT version serial:2010000e6d41186
01-01 00:00:34.286  3829  4148 I SoftDPT : DPT Last Changed:Date: Mon Aug 29 20:19:55 2016 +0800
01-01 00:00:34.286  3829  4148 I SoftDPT : DPT Last Build: Tue Sep 13 10:35:27 CST 2016
01-01 00:00:34.286  3829  4148 I SoftDPT : DPT Builer Name:Amlogic SH multi-media team
01-01 00:00:34.289  3829  4148 I SoftDPT : DPT version:Version:2.1.0.e6d41186
01-01 00:00:34.289  3829  4148 I SoftDPT : DPT git version:e6d41186484b2ed4699b0b2586827ba6bebc8df5-with-1-dirty-files
01-01 00:00:34.289  3829  4148 I SoftDPT : DPT version serial:2010000e6d41186
01-01 00:00:34.289  3829  4148 I SoftDPT : DPT Last Changed:Date: Mon Aug 29 20:19:55 2016 +0800
01-01 00:00:34.289  3829  4148 I SoftDPT : DPT Last Build: Tue Sep 13 10:35:27 CST 2016
01-01 00:00:34.289  3829  4148 I SoftDPT : DPT Builer Name:Amlogic SH multi-media team
01-01 00:00:34.302  4154  4775 D WVMExtractorImpl: IsWidevineMedia uri:
01-01 00:00:34.302  4154  4775 D WVMExtractorImpl: IsWidevineMedia 0,bytesRead=20274
01-01 00:00:34.303  4154  4775 I AsfExtractor: SniffAsf 3485
01-01 00:00:34.303  4154  4775 I THDExtractor: not Is mlp for truehd file
01-01 00:00:34.303  4154  4775 I DDPExtractor: not ddp_dolby file
01-01 00:00:34.303  4154  4775 I DtshdExtractor: SniffDcahd 772
01-01 00:00:34.305  4154  4775 E MediaExtractor: Autodetected media content as 'application/ogg' with confidence 0.20 from_ffmpeg=0
01-01 00:00:34.306  3829  4148 I SoftDCA : DCA version:Version:2.1.0.cb87e7d9
01-01 00:00:34.306  3829  4148 I SoftDCA : DCA git version:cb87e7d90b5590c3f98206e13333c5fb2dd60785-with-1-dirty-files
01-01 00:00:34.306  3829  4148 I SoftDCA : DCA version serial:2010000cb87e7d9
01-01 00:00:34.306  3829  4148 I SoftDCA : DCA Last Changed:Date: Thu Aug 6 13:27:40 2015 +0800
01-01 00:00:34.306  3829  4148 I SoftDCA : DCA Last Build: Thu Aug 6 13:31:04 CST 2015
01-01 00:00:34.306  3829  4148 I SoftDCA : DCA Builer Name:Amlogic SH multi-media team
01-01 00:00:34.306  3829  4148 I SoftDCA : [initPorts 83]
01-01 00:00:34.309  4154  4775 E MediaExtractor: return createAmExExtractor. ret ef8de370
01-01 00:00:34.327  3829  4148 D OmxComponentManagerImpl: getEntryByName_2_num=0, componentName:OMX.amlogic.video.encoder.avc
01-01 00:00:34.328  3829  4148 W OmxLogConf: Can not read property media.omx.log_levels, using 0
01-01 00:00:34.328  3829  4148 D OmxComponentManagerImpl: IncreaseEntryNumByName pEntry->mNum=0, pEntry->mMaxNum:2,componentName:OMX.amlogic.video.encoder.avc
01-01 00:00:34.328  3829  4148 I omx_core: OMX_getHandle_num=1
01-01 00:00:34.328  3829  4148 D OmxComponent: mApkName=com.android.systemui
01-01 00:00:34.328  3829  4148 D OmxComponent: getExtensionIndex 1091 name="OMX.google.android.index.describeColorFormat"
01-01 00:00:34.328  3829  4148 D OmxComponent: getExtensionIndex 1091 name="OMX.google.android.index.describeColorFormat"
01-01 00:00:34.328  3829  4148 D OmxComponent: getExtensionIndex 1091 name="OMX.google.android.index.describeColorFormat"
01-01 00:00:34.328  3829  4148 E OMXNodeInstance: getParameter(34:amlogic.encoder.avc, ??(0x7f000007)) ERROR: UnsupportedSetting(0x80001019)
01-01 00:00:34.328  3829  4148 W ACodec  : do not know color format 0x7f000789 = 2130708361
01-01 00:00:34.328  3829  4148 D OmxComponentManagerImpl: DecreaseEntryNumByName pEntry->mNum=1, pEntry->mMaxNum:2,componentName:OMX.amlogic.video.encoder.avc
01-01 00:00:34.328  3829  4148 I omx_core: OMX_freeHandle_num_=0
01-01 00:00:34.333  3829  4148 I SoftMPEG4Encoder: Construct SoftMPEG4Encoder
01-01 00:00:34.333  3829  4148 W ACodec  : do not know color format 0x7f000789 = 2130708361
01-01 00:00:34.336  4154  4663 W art     : Long monitor contention event with owner method=android.content.pm.ParceledListSlice com.android.server.pm.PackageManagerService.getInstalledPackages(int, int) from PackageManagerService.java:5284 waiters=0 for 186ms
01-01 00:00:34.337  3829  4148 I SoftMPEG4Encoder: Construct SoftMPEG4Encoder
01-01 00:00:34.337  3829  4148 W ACodec  : do not know color format 0x7f000789 = 2130708361
01-01 00:00:34.339  4154  4173 W art     : Long monitor contention event with owner method=void com.android.server.am.ActivityManagerService.attachApplication(android.app.IApplicationThread) from ActivityManagerService.java:6274 waiters=14 for 457ms
01-01 00:00:34.340  4154  4298 W art     : Long monitor contention event with owner method=void com.android.server.am.ActivityManagerService.attachApplication(android.app.IApplicationThread) from ActivityManagerService.java:6274 waiters=11 for 383ms
01-01 00:00:34.341  4154  4196 D wifi    : set interface wlan0 flags (UP)
01-01 00:00:34.341  4154  4196 I WifiHAL : Initializing wifi
01-01 00:00:34.341  4154  4196 I WifiHAL : Creating socket
01-01 00:00:34.343  4154  4196 I WifiHAL : Initialized Wifi HAL Successfully; vendor cmd = 103
01-01 00:00:34.343  4154  4196 D wifi    : Did set static halHandle = 0xe2b225d0
01-01 00:00:34.343  4154  4196 D wifi    : halHandle = 0xe2b225d0, mVM = 0xf557c000, mCls = 0x100892
01-01 00:00:34.343  4154  4196 D wifi    : array field set
01-01 00:00:34.343  4154  4765 W art     : Long monitor contention event with owner method=android.content.pm.ParceledListSlice com.android.server.pm.PackageManagerService.getInstalledPackages(int, int) from PackageManagerService.java:5284 waiters=6 for 112ms
01-01 00:00:34.343  4154  4196 I WifiNative-HAL: interface[0] = wlan0
01-01 00:00:34.344  4154  4693 W art     : Long monitor contention event with owner method=android.content.pm.ParceledListSlice com.android.server.pm.PackageManagerService.getInstalledPackages(int, int) from PackageManagerService.java:5284 waiters=8 for 106ms
01-01 00:00:34.350  4154  4811 I WifiNative-HAL: Waiting for HAL events mWifiHalHandle=-491641392
01-01 00:00:34.350  4154  4811 D wifi    : waitForHalEvents called, vm = 0xf557c000, obj = 0x100892, env = 0xe2b02360
01-01 00:00:34.362  3829  4148 W ACodec  : do not know color format 0x7f000789 = 2130708361
01-01 00:00:34.367  4154  4169 W art     : Long monitor contention event with owner method=void com.android.server.am.BroadcastQueue.processNextBroadcast(boolean) from BroadcastQueue.java:640 waiters=5 for 302ms
01-01 00:00:34.389  4154  4636 W art     : Long monitor contention event with owner method=void com.android.server.am.ActivityManagerService.attachApplication(android.app.IApplicationThread) from ActivityManagerService.java:6274 waiters=4 for 304ms
01-01 00:00:34.401  4154  4637 W art     : Long monitor contention event with owner method=void com.android.server.am.ActivityManagerService.attachApplication(android.app.IApplicationThread) from ActivityManagerService.java:6274 waiters=5 for 242ms
01-01 00:00:34.414  4154  4623 W art     : Long monitor contention event with owner method=void com.android.server.am.ActivityManagerService.attachApplication(android.app.IApplicationThread) from ActivityManagerService.java:6274 waiters=6 for 231ms
01-01 00:00:34.435  4484  4484 W System  : ClassLoader referenced unknown path: /system/app/RC_Service/lib/arm
01-01 00:00:34.439  4812  4812 I wpa_supplicant: Successfully initialized wpa_supplicant
01-01 00:00:34.441  4489  4489 W System  : ClassLoader referenced unknown path: /system/priv-app/RKSystemUI/lib/arm
01-01 00:00:34.467  4154  4582 W art     : Long monitor contention event with owner method=void com.android.server.am.ActivityManagerService.attachApplication(android.app.IApplicationThread) from ActivityManagerService.java:6274 waiters=7 for 270ms
01-01 00:00:34.468  4534  4534 W System  : ClassLoader referenced unknown path: /system/priv-app/RKVolumnManager/lib/arm
01-01 00:00:34.473  4812  4812 I wpa_supplicant: rfkill: Cannot open RFKILL control device
01-01 00:00:34.484  4479  4479 W System  : ClassLoader referenced unknown path: /system/priv-app/RKPowerManager/lib/arm
01-01 00:00:34.487  4154  4300 W art     : Long monitor contention event with owner method=void com.android.server.am.ActivityManagerService.attachApplication(android.app.IApplicationThread) from ActivityManagerService.java:6274 waiters=8 for 288ms
01-01 00:00:34.502  4154  4154 W art     : Long monitor contention event with owner method=void com.android.server.am.ActivityManagerService.attachApplication(android.app.IApplicationThread) from ActivityManagerService.java:6274 waiters=9 for 225ms
01-01 00:00:34.503  4154  4172 W art     : Long monitor contention event with owner method=void com.android.server.am.ActivityManagerService.attachApplication(android.app.IApplicationThread) from ActivityManagerService.java:6274 waiters=6 for 102ms
01-01 00:00:34.509  4154  4176 D Tethering: sendTetherStateChangedBroadcast 1, 0, 0
01-01 00:00:34.516  4154  4196 D WifiMonitor: startMonitoring(wlan0) with mConnected = false
01-01 00:00:34.539  4503  4503 W System  : ClassLoader referenced unknown path: /system/priv-app/RKASRAgent/lib/arm
01-01 00:00:34.555  4552  4552 W System  : ClassLoader referenced unknown path: /system/app/SubTitle/lib/arm
01-01 00:00:34.564  4154  4636 I ActivityManager: Start proc 4816:com.rokid.runtime/u0a19 for service com.rokid.runtime/.openvoice.RKNativeAppClientService
01-01 00:00:34.567  4464  4464 D RKAppEngine - AppManagerImp.bindService(L:72): isBind RemoteService true
01-01 00:00:34.600  4154  4713 I AndroidXMLDecompress: decompress xml complete:
01-01 00:00:34.600  4154  4713 I AndroidXMLDecompress: <manifest versionCode="1" versionName="1.0" package="com.rokid.news" platformBuildVersionCode="25" platformBuildVersionName="7.1.1">
01-01 00:00:34.600  4154  4713 I AndroidXMLDecompress:   <uses-sdk minSdkVersion="19" targetSdkVersion="25">
01-01 00:00:34.600  4154  4713 I AndroidXMLDecompress:   </uses-sdk>
01-01 00:00:34.600  4154  4713 I AndroidXMLDecompress:   <uses-permission name="android.permission.INTERNET">
01-01 00:00:34.600  4154  4713 I AndroidXMLDecompress:   </uses-permission>
01-01 00:00:34.600  4154  4713 I AndroidXMLDecompress:   <meta-data name="android.support.VERSION" value="25.3.1">
01-01 00:00:34.600  4154  4713 I AndroidXMLDecompress:   </meta-data>
01-01 00:00:34.600  4154  4713 I AndroidXMLDecompress:   <application theme="2131165347" debuggable="-1" allowBackup="-1" supportsRtl="-1">
01-01 00:00:34.600  4154  4713 I AndroidXMLDecompress:     <activity theme="2131165392" name="com.rokid.news.MainActivity" launchMode="2" screenOrientation="0" configChanges="1184">
01-01 00:00:34.600  4154  4713 I AndroidXMLDecompress:       <intent-filter>
01-01 00:00:34.600  4154  4713 I AndroidXMLDecompress:         <action name="android.intent.action.MAIN">
01-01 00:00:34.600  4154  4713 I AndroidXMLDecompress:         </action>
01-01 00:00:34.600  4154  4713 I AndroidXMLDecompress:         <category name="android.intent.category.LAUNCHER">
01-01 00:00:34.600  4154  4713 I AndroidXMLDecompress:         </category>
01-01 00:00:34.600  4154  4713 I AndroidXMLDecompress:       </intent-filter>
01-01 00:00:34.600  4154  4713 I AndroidXMLDecompress:     </activity>
01-01 00:00:34.600  4154  4713 I AndroidXMLDecompress:     <provider name="com.android.tools.fd.runtime.InstantRunContentProvider" multiprocess="-1" authorities="com.rokid.news.com.android.tools.fd.runtime.InstantRunContentProvider">
01-01 00:00:34.600  4154  4713 I AndroidXMLDecompress:     </provider>
01-01 00:00:34.600  4154  4713 I AndroidXMLDecompress:   </application>
01-01 00:00:34.600  4154  4713 I AndroidXMLDecompress: </manifest>
01-01 00:00:34.610  4154  4713 W RKPackageMonitor: don't contains ignoreFromCDomain set to false
01-01 00:00:34.611  4154  4713 I RKPackageMonitor: add component com.rokid.news.MainActivity@com.rokid.news
01-01 00:00:34.612  4154  4713 I RKPackageMonitor: add appid REE7B5E1BA20482FBE3BB860C0FFD30C
01-01 00:00:34.612  4154  4713 I RKPackageMonitor: add package com.rokid.news
01-01 00:00:34.613  4812  4812 I wpa_supplicant: rfkill: Cannot open RFKILL control device
01-01 00:00:34.619  4812  4812 E wpa_supplicant: Could not read interface p2p-dev-wlan0 flags: No such device
01-01 00:00:34.622  3829  4148 W MediaCodecList: unable to open media codecs configuration xml file: /data/misc/media/media_codecs_profiling_results.xml
01-01 00:00:34.632  4584  4584 W System  : ClassLoader referenced unknown path: /system/priv-app/RKBatteryManager/lib/arm
01-01 00:00:34.633  4564  4564 W System  : ClassLoader referenced unknown path: /system/app/Dig/lib/arm
01-01 00:00:34.648  4590  4590 W System  : ClassLoader referenced unknown path: /system/priv-app/RKConnectionAccountService/lib/arm
01-01 00:00:34.651  4154  4162 E StrictMode: A resource was acquired at attached stack trace but never released. See java.io.Closeable for information on avoiding resource leaks.
01-01 00:00:34.651  4154  4162 E StrictMode: java.lang.Throwable: Explicit termination method 'end' not called
01-01 00:00:34.651  4154  4162 E StrictMode: 	at dalvik.system.CloseGuard.open(CloseGuard.java:180)
01-01 00:00:34.651  4154  4162 E StrictMode: 	at java.util.zip.Inflater.<init>(Inflater.java:82)
01-01 00:00:34.651  4154  4162 E StrictMode: 	at java.util.zip.ZipFile.getInputStream(ZipFile.java:343)
01-01 00:00:34.651  4154  4162 E StrictMode: 	at com.rokid.server.pm.RKPackageMonitor.getXMLStream(RKPackageMonitor.java:243)
01-01 00:00:34.651  4154  4162 E StrictMode: 	at com.rokid.server.pm.RKPackageMonitor.scanInstalledPackage(RKPackageMonitor.java:145)
01-01 00:00:34.651  4154  4162 E StrictMode: 	at com.rokid.server.pm.RKPackageMonitor$InitThread.run(RKPackageMonitor.java:491)
01-01 00:00:34.672  4154  4162 E StrictMode: A resource was acquired at attached stack trace but never released. See java.io.Closeable for information on avoiding resource leaks.
01-01 00:00:34.672  4154  4162 E StrictMode: java.lang.Throwable: Explicit termination method 'close' not called
01-01 00:00:34.672  4154  4162 E StrictMode: 	at dalvik.system.CloseGuard.open(CloseGuard.java:180)
01-01 00:00:34.672  4154  4162 E StrictMode: 	at java.io.FileInputStream.<init>(FileInputStream.java:78)
01-01 00:00:34.672  4154  4162 E StrictMode: 	at java.io.FileInputStream.<init>(FileInputStream.java:103)
01-01 00:00:34.672  4154  4162 E StrictMode: 	at com.rokid.server.pm.RKPackageMonitor.prepareAliases(RKPackageMonitor.java:376)
01-01 00:00:34.672  4154  4162 E StrictMode: 	at com.rokid.server.pm.RKPackageMonitor.-wrap0(RKPackageMonitor.java)
01-01 00:00:34.672  4154  4162 E StrictMode: 	at com.rokid.server.pm.RKPackageMonitor$InitThread.run(RKPackageMonitor.java:471)
01-01 00:00:34.679  4154  4196 D WifiConfigStore: Loading config and enabling all networks 
01-01 00:00:34.693  4816  4816 I art     : Late-enabling JIT
01-01 00:00:34.700  4154  4196 D WifiConfigStore: loaded 0 passpoint configs
01-01 00:00:34.704  4816  4816 I art     : JIT created with code_cache_capacity=2MB compile_threshold=1000
01-01 00:00:34.704  4154  4196 W WifiConfigStore: Upgrading network 0 to android.uid.system:1000
01-01 00:00:34.715  4154  4196 E WifiConfigStore: readAutoJoinStatus: Error parsing configurationjava.io.FileNotFoundException: /data/misc/wifi/autojoinconfig.txt: open failed: ENOENT (No such file or directory)
01-01 00:00:34.716  4154  4196 E WifiConfigStore: buildPnoList sortedWifiConfigurations size 1
01-01 00:00:34.716  4154  4196 E WifiConfigStore: found sortedWifiConfigurations : "ROKID.TC"WPA_PSK
01-01 00:00:34.721  4239  4346 I OMXClient: Using client-side OMX mux.
01-01 00:00:34.722  4154  4443 I OMXClient: Using client-side OMX mux.
01-01 00:00:34.725  4154  4796 I OMXClient: Using client-side OMX mux.
01-01 00:00:34.732  4229  4229 D MediaScannerReceiver: action: android.intent.action.MEDIA_MOUNTED path: /storage/emulated/0
01-01 00:00:34.751  4154  4713 I AndroidXMLDecompress: decompress xml complete:
01-01 00:00:34.751  4154  4713 I AndroidXMLDecompress: <manifest versionCode="1" versionName="1.0" package="com.rokid.runtime" platformBuildVersionCode="23" platformBuildVersionName="6.0.1">
01-01 00:00:34.751  4154  4713 I AndroidXMLDecompress:   <uses-permission name="android.permission.ACCESS_NETWORK_STATE">
01-01 00:00:34.751  4154  4713 I AndroidXMLDecompress:   </uses-permission>
01-01 00:00:34.751  4154  4713 I AndroidXMLDecompress:   <uses-permission name="android.permission.ACCESS_WIMAX_STATE">
01-01 00:00:34.751  4154  4713 I AndroidXMLDecompress:   </uses-permission>
01-01 00:00:34.751  4154  4713 I AndroidXMLDecompress:   <uses-permission name="android.permission.CHANGE_WIMAX_STATE">
01-01 00:00:34.751  4154  4713 I AndroidXMLDecompress:   </uses-permission>
01-01 00:00:34.751  4154  4713 I AndroidXMLDecompress:   <uses-permission name="android.permission.ACCESS_WIFI_STATE">
01-01 00:00:34.751  4154  4713 I AndroidXMLDecompress:   </uses-permission>
01-01 00:00:34.751  4154  4713 I AndroidXMLDecompress:   <uses-permission name="android.permission.CHANGE_WIFI_STATE">
01-01 00:00:34.751  4154  4713 I AndroidXMLDecompress:   </uses-permission>
01-01 00:00:34.751  4154  4713 I AndroidXMLDecompress:   <uses-permission name="android.permission.INTERNET">
01-01 00:00:34.751  4154  4713 I AndroidXMLDecompress:   </uses-permission>
01-01 00:00:34.751  4154  4713 I AndroidXMLDecompress:   <uses-permission name="android.permission.WRITE_SETTINGS">
01-01 00:00:34.751  4154  4713 I AndroidXMLDecompress:   </uses-permission>
01-01 00:00:34.751  4154  4713 I AndroidXMLDecompress:   <uses-permission name="android.permission.MODIFY_AUDIO_SETTINGS">
01-01 00:00:34.751  4154  4713 I AndroidXMLDecompress:   </uses-permission>
01-01 00:00:34.751  4154  4713 I AndroidXMLDecompress:   <uses-permission name="android.permission.CHANGE_CONFIGURATION">
01-01 00:00:34.751  4154  4713 I AndroidXMLDecompress:   </uses-permission>
01-01 00:00:34.751  4154  4713 I AndroidXMLDecompress:   <uses-sdk minSdkVersion="23" targetSdkVersion="23">
01-01 00:00:34.751  4154  4713 I AndroidXMLDecompress:   </uses-sdk>
01-01 00:00:34.751  4154  4713 I AndroidXMLDecompress:   <application theme="2131099649" label="2131034112" icon="2130837504" allowBackup="-1" largeHeap="-1">
01-01 00:00:34.751  4154  4713 I AndroidXMLDecompress:     <service name="com.rokid.runtime.RKRuntimeService" exported="-1">
01-01 00:00:34.751  4154  4713 I AndroidXMLDecompress:       <intent-filter>
01-01 00:00:34.751  4154  4713 I AndroidXMLDecompress:         <action name="com.rokid.runtime.RKRuntime">
01-01 00:00:34.751  4154  4713 I AndroidXMLDecompress:         </action>
01-01 00:00:34.751  4154  4713 I AndroidXMLDecompress:       </intent-filter>
01-01 00:00:34.751  4154  4713 I AndroidXMLDecompress:     </service>
01-01 00:00:34.751  4154  4713 I AndroidXMLDecompress:     <service name="com.rokid.runtime.openvoice.RKNativeAppClientService" exported="-1">
01-01 00:00:34.751  4154  4713 I AndroidXMLDecompress:       <intent-filter>
01-01 00:00:34.751  4154  4713 I AndroidXMLDecompress:         <action name="com.rokid.runtime.openvoice.nativeappclient">
01-01 00:00:34.751  4154  4713 I AndroidXMLDecompress:         </action>
01-01 00:00:34.751  4154  4713 I AndroidXMLDecompress:       </intent-filter>
01-01 00:00:34.751  4154  4713 I AndroidXMLDecompress:     </service>
01-01 00:00:34.751  4154  4713 I AndroidXMLDecompress:     <receiver name="com.rokid.runtime.openvoice.RKNativeAppClientReceiver">
01-01 00:00:34.751  4154  4713 I AndroidXMLDecompress:       <intent-filter>
01-01 00:00:34.751  4154  4713 I AndroidXMLDecompress:         <action name="com.rokid.openvoice.nativeapp.state">
01-01 00:00:34.751  4154  4713 I AndroidXMLDecompress:         </action>
01-01 00:00:34.751  4154  4713 I AndroidXMLDecompress:         <action name="com.rokid.openvoice.nativeapp.crash">
01-01 00:00:34.751  4154  4713 I AndroidXMLDecompress:         </action>
01-01 00:00:34.751  4154  4713 I AndroidXMLDecompress:       </intent-filter>
01-01 00:00:34.751  4154  4713 I AndroidXMLDecompress:     </receiver>
01-01 00:00:34.751  4154  4713 I AndroidXMLDecompress:   </application>
01-01 00:00:34.751  4154  4713 I AndroidXMLDecompress: </manifest>
01-01 00:00:34.760  4826  4826 E dex2oat : Failed to create oat file: /data/dalvik-cache/arm/system@rokid@netty-android.jar@classes.dex: Permission denied
01-01 00:00:34.760  4826  4826 I dex2oat : dex2oat took 726.417us (threads: 4) 
01-01 00:00:34.761  4154  4196 D WifiNative-HAL: Setting external_sim to 1
01-01 00:00:34.764  4154  4196 D wifi    : setting dfs flag to true, 0xef3cf310
01-01 00:00:34.765  4154  4196 D WifiStateMachine: Setting OUI to DA-A1-19
01-01 00:00:34.765  4154  4196 D wifi    : setting scan oui 0xef3cf310
01-01 00:00:34.765  4154  4196 D WifiHAL : Sending mac address OUI
01-01 00:00:34.765  4154  4196 E WifiHAL : failed to set scanning mac OUI; result = -95
01-01 00:00:34.766  4239  4346 I omx_core: OMX_Init 66 gInitCount=1
01-01 00:00:34.766  4239  4346 V AML_all_components: 
01-01 00:00:34.766  4239  4346 V AML_all_components: --------------------------------
01-01 00:00:34.766  4239  4346 V AML_all_components: ARCH = arm
01-01 00:00:34.766  4239  4346 V AML_all_components: author:aml.sh multi-media team
01-01 00:00:34.766  4239  4346 V AML_all_components: branch name:   * jb-mr1-amlogic
01-01 00:00:34.766  4239  4346 V AML_all_components: git version:   b213a219c424e302e749de15d9afb53572b478bb 
01-01 00:00:34.766  4239  4346 V AML_all_components: last changed:  Date: Wed Sep 14 11:40:11 2016 +0800
01-01 00:00:34.766  4239  4346 V AML_all_components: build-time:     Tue Sep 20 10:24:49 CST 2016
01-01 00:00:34.766  4239  4346 V AML_all_components: build-name:     yvonne.chen
01-01 00:00:34.766  4239  4346 V AML_all_components: uncommitted-file-num:1
01-01 00:00:34.766  4239  4346 V AML_all_components: cd /mnt/nfsroot/yvonne.chen/p212
01-01 00:00:34.766  4239  4346 V AML_all_components: hostname droid12-sz
01-01 00:00:34.766  4239  4346 V AML_all_components: --------------------------------
01-01 00:00:34.766  4239  4346 V OmxComponentManagerImpl: loadLibrary:258 Loading OMX library libOmxVideo.so.
01-01 00:00:34.766  4239  4346 E omx_video: amvenc_avc open failed!set default instance number as 1,ret=-1,Permission denied(13)
01-01 00:00:34.766  4239  4346 I omx_core: Core library has 14 components
01-01 00:00:34.766  4239  4346 E OMXMaster: A component of name 'OMX.google.h264.decoder' already exists, ignoring this one.
01-01 00:00:34.767  4239  4346 E OMXMaster: A component of name 'OMX.google.alac.decoder' already exists, ignoring this one.
01-01 00:00:34.769  4239  4346 V MediaCodec: Found 2 pieces of codec specific data.
01-01 00:00:34.773  4599  4599 W System  : ClassLoader referenced unknown path: /system/priv-app/RKLauncher/lib/arm
01-01 00:00:34.778  4154  4713 I RKPackageMonitor: add package com.rokid.runtime
01-01 00:00:34.780  4239  4346 V MediaCodec: input buffers allocated
01-01 00:00:34.780  4239  4346 V MediaCodec: output buffers allocated
01-01 00:00:34.781  4154  4443 I omx_core: OMX_Init 66 gInitCount=1
01-01 00:00:34.782  4617  4617 W art     : Failed execv(/system/bin/dex2oat --runtime-arg -classpath --runtime-arg  --compiler-filter=interpret-only --instruction-set=arm --instruction-set-features=smp,-div,-atomic_ldrd_strd --runtime-arg -Xrelocate --boot-image=/system/framework/boot.art --runtime-arg -Xms64m --runtime-arg -Xmx512m --compiler-filter=verify-at-runtime --instruction-set-variant=cortex-a9 --instruction-set-features=default --dex-file=/system/rokid/netty-android.jar --oat-file=/data/dalvik-cache/arm/system@rokid@netty-android.jar@classes.dex) because non-0 exit status
01-01 00:00:34.782  4154  4443 V AML_all_components: 
01-01 00:00:34.782  4154  4443 V AML_all_components: --------------------------------
